2025-12-27T13:07:02.6478294Z Current runner version: '2.330.0'
2025-12-27T13:07:02.6509643Z ##[group]Runner Image Provisioner
2025-12-27T13:07:02.6510811Z Hosted Compute Agent
2025-12-27T13:07:02.6511592Z Version: 20251211.462
2025-12-27T13:07:02.6512541Z Commit: 6cbad8c2bb55d58165063d031ccabf57e2d2db61
2025-12-27T13:07:02.6513596Z Build Date: 2025-12-11T16:28:49Z
2025-12-27T13:07:02.6514514Z Worker ID: {34547818-173f-4a05-8933-0b3cc24d8b8e}
2025-12-27T13:07:02.6515748Z ##[endgroup]
2025-12-27T13:07:02.6516489Z ##[group]Operating System
2025-12-27T13:07:02.6517325Z Ubuntu
2025-12-27T13:07:02.6518027Z 24.04.3
2025-12-27T13:07:02.6518716Z LTS
2025-12-27T13:07:02.6519376Z ##[endgroup]
2025-12-27T13:07:02.6520116Z ##[group]Runner Image
2025-12-27T13:07:02.6520933Z Image: ubuntu-24.04
2025-12-27T13:07:02.6521643Z Version: 20251215.174.1
2025-12-27T13:07:02.6523268Z Included Software: https://github.com/actions/runner-images/blob/ubuntu24/20251215.174/images/ubuntu/Ubuntu2404-Readme.md
2025-12-27T13:07:02.6525832Z Image Release: https://github.com/actions/runner-images/releases/tag/ubuntu24%2F20251215.174
2025-12-27T13:07:02.6527421Z ##[endgroup]
2025-12-27T13:07:02.6528965Z ##[group]GITHUB_TOKEN Permissions
2025-12-27T13:07:02.6531554Z Contents: read
2025-12-27T13:07:02.6532427Z Metadata: read
2025-12-27T13:07:02.6533102Z Packages: read
2025-12-27T13:07:02.6533852Z ##[endgroup]
2025-12-27T13:07:02.6537016Z Secret source: Actions
2025-12-27T13:07:02.6537987Z Prepare workflow directory
2025-12-27T13:07:02.7410708Z Prepare all required actions
2025-12-27T13:07:02.7468030Z Getting action download info
2025-12-27T13:07:03.0856889Z Download action repository 'actions/checkout@v4' (SHA:34e114876b0b11c390a56381ad16ebd13914f8d5)
2025-12-27T13:07:03.3025896Z Download action repository 'pnpm/action-setup@v3' (SHA:a3252b78c470c02df07e9d59298aecedc3ccdd6d)
2025-12-27T13:07:03.9977329Z Download action repository 'actions/setup-node@v4' (SHA:49933ea5288caeca8642d1e84afbd3f7d6820020)
2025-12-27T13:07:04.1770195Z Complete job name: Frontend CI
2025-12-27T13:07:04.2568856Z ##[group]Run actions/checkout@v4
2025-12-27T13:07:04.2570307Z with:
2025-12-27T13:07:04.2571116Z   repository: layababa/tg_todo
2025-12-27T13:07:04.2572547Z   token: ***
2025-12-27T13:07:04.2573359Z   ssh-strict: true
2025-12-27T13:07:04.2574185Z   ssh-user: git
2025-12-27T13:07:04.2575078Z   persist-credentials: true
2025-12-27T13:07:04.2576112Z   clean: true
2025-12-27T13:07:04.2576991Z   sparse-checkout-cone-mode: true
2025-12-27T13:07:04.2578000Z   fetch-depth: 1
2025-12-27T13:07:04.2578866Z   fetch-tags: false
2025-12-27T13:07:04.2579733Z   show-progress: true
2025-12-27T13:07:04.2580601Z   lfs: false
2025-12-27T13:07:04.2581431Z   submodules: false
2025-12-27T13:07:04.2582267Z   set-safe-directory: true
2025-12-27T13:07:04.2583496Z env:
2025-12-27T13:07:04.2584241Z   GO_VERSION: 1.21.x
2025-12-27T13:07:04.2585128Z   NODE_VERSION: 20.x
2025-12-27T13:07:04.2586240Z ##[endgroup]
2025-12-27T13:07:04.3750225Z Syncing repository: layababa/tg_todo
2025-12-27T13:07:04.3752960Z ##[group]Getting Git version info
2025-12-27T13:07:04.3754308Z Working directory is '/home/runner/work/tg_todo/tg_todo'
2025-12-27T13:07:04.3756275Z [command]/usr/bin/git version
2025-12-27T13:07:04.3757178Z git version 2.52.0
2025-12-27T13:07:04.3760389Z ##[endgroup]
2025-12-27T13:07:04.3766985Z Temporarily overriding HOME='/home/runner/work/_temp/3d31f486-45b7-4747-be24-ffe4ff2a996b' before making global git config changes
2025-12-27T13:07:04.3769748Z Adding repository directory to the temporary git global config as a safe directory
2025-12-27T13:07:04.3772085Z [command]/usr/bin/git config --global --add safe.directory /home/runner/work/tg_todo/tg_todo
2025-12-27T13:07:04.3774915Z Deleting the contents of '/home/runner/work/tg_todo/tg_todo'
2025-12-27T13:07:04.3776874Z ##[group]Initializing the repository
2025-12-27T13:07:04.3778055Z [command]/usr/bin/git init /home/runner/work/tg_todo/tg_todo
2025-12-27T13:07:04.3859848Z hint: Using 'master' as the name for the initial branch. This default branch name
2025-12-27T13:07:04.3862381Z hint: will change to "main" in Git 3.0. To configure the initial branch name
2025-12-27T13:07:04.3864283Z hint: to use in all of your new repositories, which will suppress this warning,
2025-12-27T13:07:04.3866577Z hint: call:
2025-12-27T13:07:04.3867277Z hint:
2025-12-27T13:07:04.3868167Z hint: 	git config --global init.defaultBranch <name>
2025-12-27T13:07:04.3869214Z hint:
2025-12-27T13:07:04.3870536Z hint: Names commonly chosen instead of 'master' are 'main', 'trunk' and
2025-12-27T13:07:04.3872281Z hint: 'development'. The just-created branch can be renamed via this command:
2025-12-27T13:07:04.3873571Z hint:
2025-12-27T13:07:04.3874279Z hint: 	git branch -m <name>
2025-12-27T13:07:04.3875112Z hint:
2025-12-27T13:07:04.3876370Z hint: Disable this message with "git config set advice.defaultBranchName false"
2025-12-27T13:07:04.3878182Z Initialized empty Git repository in /home/runner/work/tg_todo/tg_todo/.git/
2025-12-27T13:07:04.3881154Z [command]/usr/bin/git remote add origin https://github.com/layababa/tg_todo
2025-12-27T13:07:04.3903143Z ##[endgroup]
2025-12-27T13:07:04.3904470Z ##[group]Disabling automatic garbage collection
2025-12-27T13:07:04.3907027Z [command]/usr/bin/git config --local gc.auto 0
2025-12-27T13:07:04.3931894Z ##[endgroup]
2025-12-27T13:07:04.3933145Z ##[group]Setting up auth
2025-12-27T13:07:04.3937845Z [command]/usr/bin/git config --local --name-only --get-regexp core\.sshCommand
2025-12-27T13:07:04.3963200Z [command]/usr/bin/git submodule foreach --recursive sh -c "git config --local --name-only --get-regexp 'core\.sshCommand' && git config --local --unset-all 'core.sshCommand' || :"
2025-12-27T13:07:04.4244143Z [command]/usr/bin/git config --local --name-only --get-regexp http\.https\:\/\/github\.com\/\.extraheader
2025-12-27T13:07:04.4273088Z [command]/usr/bin/git submodule foreach --recursive sh -c "git config --local --name-only --get-regexp 'http\.https\:\/\/github\.com\/\.extraheader' && git config --local --unset-all 'http.https://github.com/.extraheader' || :"
2025-12-27T13:07:04.4446353Z [command]/usr/bin/git config --local --name-only --get-regexp ^includeIf\.gitdir:
2025-12-27T13:07:04.4473752Z [command]/usr/bin/git submodule foreach --recursive git config --local --show-origin --name-only --get-regexp remote.origin.url
2025-12-27T13:07:04.4656973Z [command]/usr/bin/git config --local http.https://github.com/.extraheader AUTHORIZATION: basic ***
2025-12-27T13:07:04.4685776Z ##[endgroup]
2025-12-27T13:07:04.4687113Z ##[group]Fetching the repository
2025-12-27T13:07:04.4694082Z [command]/usr/bin/git -c protocol.version=2 fetch --no-tags --prune --no-recurse-submodules --depth=1 origin +33a4728d4b0dd4d6add6a48a743349de2441aa76:refs/remotes/origin/main
2025-12-27T13:07:05.5808051Z From https://github.com/layababa/tg_todo
2025-12-27T13:07:05.5808956Z  * [new ref]         33a4728d4b0dd4d6add6a48a743349de2441aa76 -> origin/main
2025-12-27T13:07:05.5837013Z ##[endgroup]
2025-12-27T13:07:05.5837464Z ##[group]Determining the checkout info
2025-12-27T13:07:05.5838790Z ##[endgroup]
2025-12-27T13:07:05.5843611Z [command]/usr/bin/git sparse-checkout disable
2025-12-27T13:07:05.5878377Z [command]/usr/bin/git config --local --unset-all extensions.worktreeConfig
2025-12-27T13:07:05.5901439Z ##[group]Checking out the ref
2025-12-27T13:07:05.5906406Z [command]/usr/bin/git checkout --progress --force -B main refs/remotes/origin/main
2025-12-27T13:07:05.7671388Z Switched to a new branch 'main'
2025-12-27T13:07:05.7671881Z branch 'main' set up to track 'origin/main'.
2025-12-27T13:07:05.7680596Z ##[endgroup]
2025-12-27T13:07:05.7711991Z [command]/usr/bin/git log -1 --format=%H
2025-12-27T13:07:05.7732222Z 33a4728d4b0dd4d6add6a48a743349de2441aa76
2025-12-27T13:07:05.7892473Z ##[group]Run pnpm/action-setup@v3
2025-12-27T13:07:05.7892771Z with:
2025-12-27T13:07:05.7892967Z   version: 8
2025-12-27T13:07:05.7893174Z   dest: ~/setup-pnpm
2025-12-27T13:07:05.7893397Z   run_install: null
2025-12-27T13:07:05.7893625Z   package_json_file: package.json
2025-12-27T13:07:05.7893873Z   standalone: false
2025-12-27T13:07:05.7894272Z env:
2025-12-27T13:07:05.7894463Z   GO_VERSION: 1.21.x
2025-12-27T13:07:05.7894685Z   NODE_VERSION: 20.x
2025-12-27T13:07:05.7894893Z ##[endgroup]
2025-12-27T13:07:05.8678276Z ##[group]Running self-installer...
2025-12-27T13:07:06.5257538Z Progress: resolved 1, reused 0, downloaded 0, added 0
2025-12-27T13:07:06.5496976Z Packages: +1
2025-12-27T13:07:06.5498014Z +
2025-12-27T13:07:06.8792966Z Progress: resolved 1, reused 0, downloaded 1, added 1, done
2025-12-27T13:07:06.9031260Z 
2025-12-27T13:07:06.9031677Z dependencies:
2025-12-27T13:07:06.9032058Z + pnpm 8.15.9 (10.26.2 is available)
2025-12-27T13:07:06.9032353Z 
2025-12-27T13:07:06.9061148Z Done in 833ms
2025-12-27T13:07:06.9176717Z ##[endgroup]
2025-12-27T13:07:06.9180130Z Installation Completed!
2025-12-27T13:07:06.9306670Z ##[group]Run actions/setup-node@v4
2025-12-27T13:07:06.9306972Z with:
2025-12-27T13:07:06.9307160Z   node-version: 20.x
2025-12-27T13:07:06.9307360Z   cache: pnpm
2025-12-27T13:07:06.9307605Z   cache-dependency-path: web/package-lock.json
2025-12-27T13:07:06.9307893Z   always-auth: false
2025-12-27T13:07:06.9308088Z   check-latest: false
2025-12-27T13:07:06.9308458Z   token: ***
2025-12-27T13:07:06.9308634Z env:
2025-12-27T13:07:06.9308810Z   GO_VERSION: 1.21.x
2025-12-27T13:07:06.9308992Z   NODE_VERSION: 20.x
2025-12-27T13:07:06.9309242Z   PNPM_HOME: /home/runner/setup-pnpm/node_modules/.bin
2025-12-27T13:07:06.9309503Z ##[endgroup]
2025-12-27T13:07:07.0972163Z Found in cache @ /opt/hostedtoolcache/node/20.19.6/x64
2025-12-27T13:07:07.0979029Z ##[group]Environment details
2025-12-27T13:07:07.4344658Z node: v20.19.6
2025-12-27T13:07:07.4345009Z npm: 10.8.2
2025-12-27T13:07:07.4345314Z yarn: 1.22.22
2025-12-27T13:07:07.4346228Z ##[endgroup]
2025-12-27T13:07:07.4367045Z [command]/home/runner/setup-pnpm/node_modules/.bin/pnpm store path --silent
2025-12-27T13:07:07.8073701Z /home/runner/setup-pnpm/node_modules/.bin/store/v3
2025-12-27T13:07:08.0336461Z pnpm cache is not found
2025-12-27T13:07:08.0414904Z ##[group]Run pnpm install
2025-12-27T13:07:08.0415256Z [36;1mpnpm install[0m
2025-12-27T13:07:08.0445168Z shell: /usr/bin/bash -e {0}
2025-12-27T13:07:08.0445413Z env:
2025-12-27T13:07:08.0445801Z   GO_VERSION: 1.21.x
2025-12-27T13:07:08.0446102Z   NODE_VERSION: 20.x
2025-12-27T13:07:08.0446335Z   PNPM_HOME: /home/runner/setup-pnpm/node_modules/.bin
2025-12-27T13:07:08.0446611Z ##[endgroup]
2025-12-27T13:07:08.4604634Z  WARN  Ignoring not compatible lockfile at /home/runner/work/tg_todo/tg_todo/web/pnpm-lock.yaml
2025-12-27T13:07:08.6935966Z Progress: resolved 1, reused 0, downloaded 0, added 0
2025-12-27T13:07:08.9032189Z  WARN  deprecated eslint@8.57.1: This version is no longer supported. Please see https://eslint.org/version-support for other options.
2025-12-27T13:07:09.6944213Z Progress: resolved 62, reused 0, downloaded 51, added 0
2025-12-27T13:07:10.6945883Z Progress: resolved 206, reused 0, downloaded 191, added 0
2025-12-27T13:07:11.7040349Z Progress: resolved 328, reused 0, downloaded 300, added 0
2025-12-27T13:07:12.7039352Z Progress: resolved 514, reused 0, downloaded 437, added 0
2025-12-27T13:07:13.7049443Z Progress: resolved 705, reused 0, downloaded 630, added 0
2025-12-27T13:07:14.0042089Z  WARN  5 deprecated subdependencies found: @humanwhocodes/config-array@0.13.0, @humanwhocodes/object-schema@2.0.3, glob@7.2.3, inflight@1.0.6, rimraf@3.0.2
2025-12-27T13:07:14.0271718Z Packages: +672
2025-12-27T13:07:14.0272461Z ++++++++++++++++++++++++++++++++++++++++++++++++++++++++++++++++++++++++++++++++
2025-12-27T13:07:14.3651265Z Progress: resolved 715, reused 0, downloaded 672, added 672, done
2025-12-27T13:07:14.5139223Z .../node_modules/vue-demi postinstall$ node -e "try{require('./scripts/postinstall.js')}catch(e){}"
2025-12-27T13:07:14.5912957Z .../node_modules/vue-demi postinstall: Done
2025-12-27T13:07:14.5999980Z .../esbuild@0.21.5/node_modules/esbuild postinstall$ node install.js
2025-12-27T13:07:14.6393677Z .../esbuild@0.21.5/node_modules/esbuild postinstall: Done
2025-12-27T13:07:14.6865211Z .../cypress@13.17.0/node_modules/cypress postinstall$ node index.js --exec install
2025-12-27T13:07:15.0047128Z .../cypress@13.17.0/node_modules/cypress postinstall: Installing Cypress (version: 13.17.0)
2025-12-27T13:07:15.0064769Z .../cypress@13.17.0/node_modules/cypress postinstall: [STARTED] Task without title.
2025-12-27T13:07:16.7386610Z .../cypress@13.17.0/node_modules/cypress postinstall: [SUCCESS] Task without title.
2025-12-27T13:07:16.7392339Z .../cypress@13.17.0/node_modules/cypress postinstall: [STARTED] Task without title.
2025-12-27T13:07:21.8653735Z .../cypress@13.17.0/node_modules/cypress postinstall: [SUCCESS] Task without title.
2025-12-27T13:07:21.8655054Z .../cypress@13.17.0/node_modules/cypress postinstall: [STARTED] Task without title.
2025-12-27T13:07:21.8878634Z .../cypress@13.17.0/node_modules/cypress postinstall: [SUCCESS] Task without title.
2025-12-27T13:07:22.8889372Z .../cypress@13.17.0/node_modules/cypress postinstall: You can now open Cypress by running one of the following, depending on your package manager:
2025-12-27T13:07:22.8890467Z .../cypress@13.17.0/node_modules/cypress postinstall: - npx cypress open
2025-12-27T13:07:22.8891615Z .../cypress@13.17.0/node_modules/cypress postinstall: - yarn cypress open
2025-12-27T13:07:22.8894326Z .../cypress@13.17.0/node_modules/cypress postinstall: - pnpm cypress open
2025-12-27T13:07:22.8897263Z .../cypress@13.17.0/node_modules/cypress postinstall: https://on.cypress.io/opening-the-app
2025-12-27T13:07:22.8983055Z .../cypress@13.17.0/node_modules/cypress postinstall: Done
2025-12-27T13:07:23.7439034Z 
2025-12-27T13:07:23.7439627Z dependencies:
2025-12-27T13:07:23.7440126Z + @twa-dev/sdk 7.10.1 (8.0.2 is available)
2025-12-27T13:07:23.7440554Z + axios 1.13.2
2025-12-27T13:07:23.7440949Z + pinia 2.3.1 (3.0.4 is available)
2025-12-27T13:07:23.7441315Z + vue 3.5.26
2025-12-27T13:07:23.7441632Z + vue-router 4.6.4
2025-12-27T13:07:23.7441824Z 
2025-12-27T13:07:23.7441966Z devDependencies:
2025-12-27T13:07:23.7442719Z + @rushstack/eslint-patch 1.15.0
2025-12-27T13:07:23.7443219Z + @testing-library/jest-dom 6.9.1
2025-12-27T13:07:23.7443607Z + @testing-library/vue 8.1.0
2025-12-27T13:07:23.7444003Z + @types/node 20.19.27 (25.0.3 is available)
2025-12-27T13:07:23.7444482Z + @vitejs/plugin-vue 5.2.4 (6.0.3 is available)
2025-12-27T13:07:23.7444977Z + @vitest/coverage-v8 1.6.1 (4.0.16 is available)
2025-12-27T13:07:23.7445445Z + @vitest/ui 1.6.1 (4.0.16 is available)
2025-12-27T13:07:23.7446183Z + @vue/eslint-config-prettier 9.0.0 (10.2.0 is available)
2025-12-27T13:07:23.7446878Z + @vue/eslint-config-typescript 13.0.0 (14.6.0 is available)
2025-12-27T13:07:23.7447432Z + @vue/test-utils 2.4.6
2025-12-27T13:07:23.7447795Z + autoprefixer 10.4.23
2025-12-27T13:07:23.7448159Z + cypress 13.17.0 (15.8.1 is available)
2025-12-27T13:07:23.7448617Z + daisyui 4.12.24 (5.5.14 is available)
2025-12-27T13:07:23.7449111Z + eslint 8.57.1 (9.39.2 is available) deprecated
2025-12-27T13:07:23.7449706Z + eslint-plugin-vue 9.33.0 (10.6.2 is available)
2025-12-27T13:07:23.7450235Z + jsdom 24.1.3 (27.4.0 is available)
2025-12-27T13:07:23.7450642Z + postcss 8.5.6
2025-12-27T13:07:23.7450956Z + prettier 3.7.4
2025-12-27T13:07:23.7451292Z + stylelint 16.26.1
2025-12-27T13:07:23.7451800Z + stylelint-config-standard 36.0.1 (39.0.1 is available)
2025-12-27T13:07:23.7452385Z + stylelint-config-standard-vue 1.0.0
2025-12-27T13:07:23.7452898Z + stylelint-order 6.0.4 (7.0.0 is available)
2025-12-27T13:07:23.7453425Z + tailwindcss 3.4.19 (4.1.18 is available)
2025-12-27T13:07:23.7453918Z + type-fest 4.41.0 (5.3.1 is available)
2025-12-27T13:07:23.7454343Z + typescript 5.9.3
2025-12-27T13:07:23.7454739Z + vite 5.4.21 (7.3.0 is available)
2025-12-27T13:07:23.7455141Z + vitest 1.6.1 (4.0.16 is available)
2025-12-27T13:07:23.7455759Z + vue-tsc 2.2.12 (3.2.1 is available)
2025-12-27T13:07:23.7455998Z 
2025-12-27T13:07:23.7456168Z Done in 15.6s
2025-12-27T13:07:23.7838549Z ##[group]Run pnpm run lint
2025-12-27T13:07:23.7838824Z [36;1mpnpm run lint[0m
2025-12-27T13:07:23.7858340Z shell: /usr/bin/bash -e {0}
2025-12-27T13:07:23.7858794Z env:
2025-12-27T13:07:23.7858966Z   GO_VERSION: 1.21.x
2025-12-27T13:07:23.7859160Z   NODE_VERSION: 20.x
2025-12-27T13:07:23.7859393Z   PNPM_HOME: /home/runner/setup-pnpm/node_modules/.bin
2025-12-27T13:07:23.7859669Z ##[endgroup]
2025-12-27T13:07:24.1524451Z 
2025-12-27T13:07:24.1525519Z > tg-miniapp-web@0.1.0 lint /home/runner/work/tg_todo/tg_todo/web
2025-12-27T13:07:24.1527264Z > eslint "src/**/*.{ts,tsx,vue}" --max-warnings=0
2025-12-27T13:07:24.1527634Z 
2025-12-27T13:07:25.7655893Z ##[group]Run pnpm run type-check
2025-12-27T13:07:25.7656315Z [36;1mpnpm run type-check[0m
2025-12-27T13:07:25.7685859Z shell: /usr/bin/bash -e {0}
2025-12-27T13:07:25.7686260Z env:
2025-12-27T13:07:25.7686530Z   GO_VERSION: 1.21.x
2025-12-27T13:07:25.7686845Z   NODE_VERSION: 20.x
2025-12-27T13:07:25.7687222Z   PNPM_HOME: /home/runner/setup-pnpm/node_modules/.bin
2025-12-27T13:07:25.7687639Z ##[endgroup]
2025-12-27T13:07:26.1468246Z 
2025-12-27T13:07:26.1469003Z > tg-miniapp-web@0.1.0 type-check /home/runner/work/tg_todo/tg_todo/web
2025-12-27T13:07:26.1469660Z > vue-tsc --noEmit
2025-12-27T13:07:26.1469858Z 
2025-12-27T13:07:33.1824849Z ##[group]Run pnpm run test || echo "No test files found, skipping tests"
2025-12-27T13:07:33.1825932Z [36;1mpnpm run test || echo "No test files found, skipping tests"[0m
2025-12-27T13:07:33.1855271Z shell: /usr/bin/bash -e {0}
2025-12-27T13:07:33.1855825Z env:
2025-12-27T13:07:33.1856123Z   GO_VERSION: 1.21.x
2025-12-27T13:07:33.1856465Z   NODE_VERSION: 20.x
2025-12-27T13:07:33.1856856Z   PNPM_HOME: /home/runner/setup-pnpm/node_modules/.bin
2025-12-27T13:07:33.1857278Z ##[endgroup]
2025-12-27T13:07:33.5552076Z 
2025-12-27T13:07:33.5552504Z > tg-miniapp-web@0.1.0 test /home/runner/work/tg_todo/tg_todo/web
2025-12-27T13:07:33.5552960Z > vitest run
2025-12-27T13:07:33.5553107Z 
2025-12-27T13:07:34.0240118Z 
2025-12-27T13:07:34.0241766Z [7m[1m[36m RUN [39m[22m[27m [36mv1.6.1[39m [90m/home/runner/work/tg_todo/tg_todo/web[39m
2025-12-27T13:07:34.0242295Z 
2025-12-27T13:07:34.0357648Z [2minclude: [22m[33m**/*.{test,spec}.?(c|m)[jt]s?(x)[39m
2025-12-27T13:07:34.0359660Z [2mexclude:  [22m[33m**/node_modules/**[2m, [22m**/dist/**[2m, [22m**/cypress/**[2m, [22m**/.{idea,git,cache,output,temp}/**[2m, [22m**/{karma,rollup,webpack,vite,vitest,jest,ava,babel,nyc,cypress,tsup,build,eslint,prettier}.config.*[39m
2025-12-27T13:07:34.0361201Z [2mwatch exclude:  [22m[33m**/node_modules/**[2m, [22m**/dist/**[39m
2025-12-27T13:07:34.0361681Z [31m
2025-12-27T13:07:34.0362115Z No test files found, exiting with code 1[39m
2025-12-27T13:07:34.0430711Z  ELIFECYCLE  Test failed. See above for more details.
2025-12-27T13:07:34.0573660Z No test files found, skipping tests
2025-12-27T13:07:34.0595966Z ##[group]Run pnpm run build
2025-12-27T13:07:34.0596241Z [36;1mpnpm run build[0m
2025-12-27T13:07:34.0615521Z shell: /usr/bin/bash -e {0}
2025-12-27T13:07:34.0616147Z env:
2025-12-27T13:07:34.0616317Z   GO_VERSION: 1.21.x
2025-12-27T13:07:34.0616517Z   NODE_VERSION: 20.x
2025-12-27T13:07:34.0616777Z   PNPM_HOME: /home/runner/setup-pnpm/node_modules/.bin
2025-12-27T13:07:34.0617041Z ##[endgroup]
2025-12-27T13:07:34.4296351Z 
2025-12-27T13:07:34.4297108Z > tg-miniapp-web@0.1.0 build /home/runner/work/tg_todo/tg_todo/web
2025-12-27T13:07:34.4297721Z > vite build
2025-12-27T13:07:34.4297903Z 
2025-12-27T13:07:34.6995375Z [36mvite v5.4.21 [32mbuilding for production...[36m[39m
2025-12-27T13:07:34.9794589Z transforming...
2025-12-27T13:07:35.3256882Z 
2025-12-27T13:07:35.3259420Z 🌼   [35mdaisyUI[39m [2m4.12.24[22m
2025-12-27T13:07:35.4732736Z ├─ [32m✔︎[39m 1 theme added[2m		https://daisyui.com/docs/themes[22m
2025-12-27T13:07:35.4733940Z ╰─ [32m★[39m [0mStar daisyUI on GitHub[0m	[2mhttps://github.com/saadeghi/daisyui[22m
2025-12-27T13:07:35.4734473Z 
2025-12-27T13:07:37.1112650Z [32m✓[39m 119 modules transformed.
2025-12-27T13:07:37.2167965Z rendering chunks...
2025-12-27T13:07:37.3006129Z computing gzip size...
2025-12-27T13:07:37.3089479Z [2mdist/[22m[32mindex.html                                    [39m[1m[2m  1.70 kB[22m[1m[22m[2m │ gzip:  0.78 kB[22m
2025-12-27T13:07:37.3091503Z [2mdist/[22m[2massets/[22m[35mTaskDetailPage-0yIuNWXC.css            [39m[1m[2m  1.17 kB[22m[1m[22m[2m │ gzip:  0.52 kB[22m
2025-12-27T13:07:37.3093407Z [2mdist/[22m[2massets/[22m[35mOnboardingPage-DQDgKyDZ.css            [39m[1m[2m  4.94 kB[22m[1m[22m[2m │ gzip:  1.38 kB[22m
2025-12-27T13:07:37.3095013Z [2mdist/[22m[2massets/[22m[35mindex-C3hmJXWP.css                     [39m[1m[2m115.77 kB[22m[1m[22m[2m │ gzip: 18.73 kB[22m
2025-12-27T13:07:37.3096844Z [2mdist/[22m[2massets/[22m[36m_plugin-vue_export-helper-DlAUqK2U.js  [39m[1m[2m  0.09 kB[22m[1m[22m[2m │ gzip:  0.10 kB[22m
2025-12-27T13:07:37.3098475Z [2mdist/[22m[2massets/[22m[36mnotion-D1xYj5Qd.js                     [39m[1m[2m  0.12 kB[22m[1m[22m[2m │ gzip:  0.13 kB[22m
2025-12-27T13:07:37.3099686Z [2mdist/[22m[2massets/[22m[36mtask-BxKFTCED.js                       [39m[1m[2m  0.41 kB[22m[1m[22m[2m │ gzip:  0.22 kB[22m
2025-12-27T13:07:37.3101029Z [2mdist/[22m[2massets/[22m[36mgroup-DadqbDh3.js                      [39m[1m[2m  0.42 kB[22m[1m[22m[2m │ gzip:  0.21 kB[22m
2025-12-27T13:07:37.3102279Z [2mdist/[22m[2massets/[22m[36museSwipeBack-CMR98hoU.js               [39m[1m[2m  0.83 kB[22m[1m[22m[2m │ gzip:  0.40 kB[22m
2025-12-27T13:07:37.3103496Z [2mdist/[22m[2massets/[22m[36mOnboardingPage-DjFV8nJ3.js             [39m[1m[2m  3.13 kB[22m[1m[22m[2m │ gzip:  1.79 kB[22m
2025-12-27T13:07:37.3104842Z [2mdist/[22m[2massets/[22m[36mGroupListPage-3svx_jI-.js              [39m[1m[2m  3.66 kB[22m[1m[22m[2m │ gzip:  1.88 kB[22m
2025-12-27T13:07:37.3106337Z [2mdist/[22m[2massets/[22m[36mGroupBindPage-DLAmZlEj.js              [39m[1m[2m  4.65 kB[22m[1m[22m[2m │ gzip:  1.97 kB[22m
2025-12-27T13:07:37.3107690Z [2mdist/[22m[2massets/[22m[36mSettingsPage-CR_k0WVM.js               [39m[1m[2m  7.37 kB[22m[1m[22m[2m │ gzip:  2.84 kB[22m
2025-12-27T13:07:37.3109018Z [2mdist/[22m[2massets/[22m[36mHomePage-Dyjm64Qx.js                   [39m[1m[2m 11.12 kB[22m[1m[22m[2m │ gzip:  4.21 kB[22m
2025-12-27T13:07:37.3110427Z [2mdist/[22m[2massets/[22m[36mTaskDetailPage-Ca-O7s1V.js             [39m[1m[2m 26.27 kB[22m[1m[22m[2m │ gzip:  8.38 kB[22m
2025-12-27T13:07:37.3111825Z [2mdist/[22m[2massets/[22m[36mindex-C_GxgK5Y.js                      [39m[1m[2m187.26 kB[22m[1m[22m[2m │ gzip: 69.04 kB[22m
2025-12-27T13:07:37.3112588Z [32m✓ built in 2.58s[39m
2025-12-27T13:07:37.3381583Z Post job cleanup.
2025-12-27T13:07:37.4989830Z [command]/usr/bin/tar --posix -cf cache.tzst --exclude cache.tzst -P -C /home/runner/work/tg_todo/tg_todo --files-from manifest.txt --use-compress-program zstdmt
2025-12-27T13:07:39.5840291Z Sent 44236800 of 46722637 (94.7%), 42.1 MBs/sec
2025-12-27T13:07:39.8380196Z Sent 46722637 of 46722637 (100.0%), 35.5 MBs/sec
2025-12-27T13:07:40.0785526Z Cache saved with the key: node-cache-Linux-x64-pnpm-61f7b5c2c4a86378e1f147606eed6635a3ad0895e20f9f1ebf1e3dc45c9b7b0f
2025-12-27T13:07:40.0874228Z Post job cleanup.
2025-12-27T13:07:40.1773583Z Pruning is unnecessary.
2025-12-27T13:07:40.1862869Z Post job cleanup.
2025-12-27T13:07:40.2741590Z [command]/usr/bin/git version
2025-12-27T13:07:40.2775850Z git version 2.52.0
2025-12-27T13:07:40.2814424Z Temporarily overriding HOME='/home/runner/work/_temp/d3e5bb42-42f1-4eea-91c8-bfa52e2fbcd6' before making global git config changes
2025-12-27T13:07:40.2815486Z Adding repository directory to the temporary git global config as a safe directory
2025-12-27T13:07:40.2827855Z [command]/usr/bin/git config --global --add safe.directory /home/runner/work/tg_todo/tg_todo
2025-12-27T13:07:40.2860935Z [command]/usr/bin/git config --local --name-only --get-regexp core\.sshCommand
2025-12-27T13:07:40.2892351Z [command]/usr/bin/git submodule foreach --recursive sh -c "git config --local --name-only --get-regexp 'core\.sshCommand' && git config --local --unset-all 'core.sshCommand' || :"
2025-12-27T13:07:40.3098517Z [command]/usr/bin/git config --local --name-only --get-regexp http\.https\:\/\/github\.com\/\.extraheader
2025-12-27T13:07:40.3119633Z http.https://github.com/.extraheader
2025-12-27T13:07:40.3132007Z [command]/usr/bin/git config --local --unset-all http.https://github.com/.extraheader
2025-12-27T13:07:40.3165268Z [command]/usr/bin/git submodule foreach --recursive sh -c "git config --local --name-only --get-regexp 'http\.https\:\/\/github\.com\/\.extraheader' && git config --local --unset-all 'http.https://github.com/.extraheader' || :"
2025-12-27T13:07:40.3361673Z [command]/usr/bin/git config --local --name-only --get-regexp ^includeIf\.gitdir:
2025-12-27T13:07:40.3391598Z [command]/usr/bin/git submodule foreach --recursive git config --local --show-origin --name-only --get-regexp remote.origin.url
2025-12-27T13:07:40.3685404Z Cleaning up orphan processes
