2025-12-27T13:02:39.3231179Z Current runner version: '2.330.0'
2025-12-27T13:02:39.3252534Z ##[group]Runner Image Provisioner
2025-12-27T13:02:39.3253341Z Hosted Compute Agent
2025-12-27T13:02:39.3253833Z Version: 20251211.462
2025-12-27T13:02:39.3254527Z Commit: 6cbad8c2bb55d58165063d031ccabf57e2d2db61
2025-12-27T13:02:39.3255174Z Build Date: 2025-12-11T16:28:49Z
2025-12-27T13:02:39.3255792Z Worker ID: {851cedff-5f01-4735-adaf-d82f41d55586}
2025-12-27T13:02:39.3256562Z ##[endgroup]
2025-12-27T13:02:39.3257045Z ##[group]Operating System
2025-12-27T13:02:39.3257931Z Ubuntu
2025-12-27T13:02:39.3258485Z 24.04.3
2025-12-27T13:02:39.3258941Z LTS
2025-12-27T13:02:39.3259352Z ##[endgroup]
2025-12-27T13:02:39.3259940Z ##[group]Runner Image
2025-12-27T13:02:39.3260451Z Image: ubuntu-24.04
2025-12-27T13:02:39.3260952Z Version: 20251215.174.1
2025-12-27T13:02:39.3262007Z Included Software: https://github.com/actions/runner-images/blob/ubuntu24/20251215.174/images/ubuntu/Ubuntu2404-Readme.md
2025-12-27T13:02:39.3263513Z Image Release: https://github.com/actions/runner-images/releases/tag/ubuntu24%2F20251215.174
2025-12-27T13:02:39.3264559Z ##[endgroup]
2025-12-27T13:02:39.3265596Z ##[group]GITHUB_TOKEN Permissions
2025-12-27T13:02:39.3267630Z Contents: read
2025-12-27T13:02:39.3268206Z Metadata: read
2025-12-27T13:02:39.3268668Z Packages: write
2025-12-27T13:02:39.3269236Z ##[endgroup]
2025-12-27T13:02:39.3271147Z Secret source: Actions
2025-12-27T13:02:39.3271822Z Prepare workflow directory
2025-12-27T13:02:39.3649615Z Prepare all required actions
2025-12-27T13:02:39.3687686Z Getting action download info
2025-12-27T13:02:39.8835210Z Download action repository 'actions/checkout@v4' (SHA:34e114876b0b11c390a56381ad16ebd13914f8d5)
2025-12-27T13:02:40.6938177Z Download action repository 'docker/login-action@v3' (SHA:5e57cd118135c172c3672efd75eb46360885c0ef)
2025-12-27T13:02:41.3413963Z Download action repository 'docker/build-push-action@v5' (SHA:ca052bb54ab0790a636c9b5f226502c73d547a25)
2025-12-27T13:02:42.0482611Z Download action repository 'appleboy/ssh-action@v1.0.3' (SHA:029f5b4aeeeb58fdfe1410a5d17f967dacf36262)
2025-12-27T13:02:42.5997766Z Complete job name: Build & Push to GHCR
2025-12-27T13:02:42.6441675Z ##[group]Build container for action use: '/home/runner/work/_actions/appleboy/ssh-action/v1.0.3/Dockerfile'.
2025-12-27T13:02:42.6491165Z ##[command]/usr/bin/docker build -t 8da682:dcb7b791d4b643ff9d854abb8d11b16e -f "/home/runner/work/_actions/appleboy/ssh-action/v1.0.3/Dockerfile" "/home/runner/work/_actions/appleboy/ssh-action/v1.0.3"
2025-12-27T13:02:43.2894356Z #0 building with "default" instance using docker driver
2025-12-27T13:02:43.2894766Z 
2025-12-27T13:02:43.2894974Z #1 [internal] load build definition from Dockerfile
2025-12-27T13:02:43.2895414Z #1 transferring dockerfile: 149B done
2025-12-27T13:02:43.2895920Z #1 DONE 0.0s
2025-12-27T13:02:43.2896113Z 
2025-12-27T13:02:43.2896396Z #2 [internal] load metadata for ghcr.io/appleboy/drone-ssh:1.7.3
2025-12-27T13:02:43.8796874Z #2 DONE 0.7s
2025-12-27T13:02:43.9998015Z 
2025-12-27T13:02:43.9999589Z #3 [internal] load .dockerignore
2025-12-27T13:02:44.0000320Z #3 transferring context: 2B done
2025-12-27T13:02:44.0000947Z #3 DONE 0.0s
2025-12-27T13:02:44.0001186Z 
2025-12-27T13:02:44.0001363Z #4 [internal] load build context
2025-12-27T13:02:44.0001814Z #4 transferring context: 108B done
2025-12-27T13:02:44.0002169Z #4 DONE 0.0s
2025-12-27T13:02:44.0002392Z 
2025-12-27T13:02:44.0003253Z #5 [1/2] FROM ghcr.io/appleboy/drone-ssh:1.7.3@sha256:179cbd253771007f2ebcaf7a3860afe059207351de1f3378efafac93bd310158
2025-12-27T13:02:44.0004474Z #5 resolve ghcr.io/appleboy/drone-ssh:1.7.3@sha256:179cbd253771007f2ebcaf7a3860afe059207351de1f3378efafac93bd310158 done
2025-12-27T13:02:44.0006521Z #5 sha256:179cbd253771007f2ebcaf7a3860afe059207351de1f3378efafac93bd310158 2.38kB / 2.38kB done
2025-12-27T13:02:44.0008298Z #5 sha256:1a52f94820e830bc9734623deb03bbafa6a248fba19cdc2e5605c70d90d91441 1.24kB / 1.24kB done
2025-12-27T13:02:44.0009117Z #5 sha256:c4781b8d012b16b6c7468dc9104fad0a63f2a8815b2af8b7176bb544253ea8c7 3.86kB / 3.86kB done
2025-12-27T13:02:44.0010073Z #5 sha256:1207c741d8c9b028d98c4006013f9de959da3c55f85b91ed5e4583438a0112ca 0B / 3.38MB 0.1s
2025-12-27T13:02:44.0012330Z #5 sha256:654aaee5654be60f81172539ecd74485cf8bbe2e9137bab0d429862c31c676f6 0B / 284.83kB 0.1s
2025-12-27T13:02:44.0013028Z #5 sha256:7e20f48a19643465f486f59127b8f4e0f4114bedc8bd5260fb4f92d5fda95f1c 0B / 1.20kB 0.1s
2025-12-27T13:02:44.1351453Z #5 sha256:1207c741d8c9b028d98c4006013f9de959da3c55f85b91ed5e4583438a0112ca 3.38MB / 3.38MB 0.1s done
2025-12-27T13:02:44.1354186Z #5 sha256:654aaee5654be60f81172539ecd74485cf8bbe2e9137bab0d429862c31c676f6 284.83kB / 284.83kB 0.2s done
2025-12-27T13:02:44.1355592Z #5 sha256:7e20f48a19643465f486f59127b8f4e0f4114bedc8bd5260fb4f92d5fda95f1c 1.20kB / 1.20kB 0.1s done
2025-12-27T13:02:44.1356841Z #5 extracting sha256:1207c741d8c9b028d98c4006013f9de959da3c55f85b91ed5e4583438a0112ca 0.1s done
2025-12-27T13:02:44.1358430Z #5 sha256:066e5b821e26d8313055e0314c056e6c297847bcf963e5df10e7aa03107f2246 0B / 125B 0.2s
2025-12-27T13:02:44.1359586Z #5 sha256:47353a6f9201a145b687290e5ae0278ac269faf4bb61bee3e9246c37a8d74277 0B / 2.44MB 0.2s
2025-12-27T13:02:44.1360737Z #5 extracting sha256:654aaee5654be60f81172539ecd74485cf8bbe2e9137bab0d429862c31c676f6
2025-12-27T13:02:44.3498978Z #5 sha256:066e5b821e26d8313055e0314c056e6c297847bcf963e5df10e7aa03107f2246 125B / 125B 0.2s done
2025-12-27T13:02:44.3499974Z #5 sha256:47353a6f9201a145b687290e5ae0278ac269faf4bb61bee3e9246c37a8d74277 2.44MB / 2.44MB 0.3s done
2025-12-27T13:02:44.3500930Z #5 extracting sha256:654aaee5654be60f81172539ecd74485cf8bbe2e9137bab0d429862c31c676f6 0.0s done
2025-12-27T13:02:44.6155866Z #5 extracting sha256:7e20f48a19643465f486f59127b8f4e0f4114bedc8bd5260fb4f92d5fda95f1c
2025-12-27T13:02:44.8601290Z #5 extracting sha256:7e20f48a19643465f486f59127b8f4e0f4114bedc8bd5260fb4f92d5fda95f1c done
2025-12-27T13:02:44.8602583Z #5 extracting sha256:066e5b821e26d8313055e0314c056e6c297847bcf963e5df10e7aa03107f2246 done
2025-12-27T13:02:44.8603680Z #5 extracting sha256:47353a6f9201a145b687290e5ae0278ac269faf4bb61bee3e9246c37a8d74277 0.0s done
2025-12-27T13:02:44.8604396Z #5 DONE 0.8s
2025-12-27T13:02:44.8604851Z 
2025-12-27T13:02:44.8605146Z #6 [2/2] COPY entrypoint.sh /bin/entrypoint.sh
2025-12-27T13:02:44.8605493Z #6 DONE 0.0s
2025-12-27T13:02:44.8605713Z 
2025-12-27T13:02:44.8605827Z #7 exporting to image
2025-12-27T13:02:44.8606135Z #7 exporting layers
2025-12-27T13:02:45.0073412Z #7 exporting layers 0.3s done
2025-12-27T13:02:45.0307666Z #7 writing image sha256:3200b3b6a54cebd1a1180513e931a4ab35317a46591990c89b9b0a78ff4ea18c done
2025-12-27T13:02:45.0308837Z #7 naming to docker.io/library/8da682:dcb7b791d4b643ff9d854abb8d11b16e done
2025-12-27T13:02:45.0309601Z #7 DONE 0.3s
2025-12-27T13:02:45.0366545Z ##[endgroup]
2025-12-27T13:02:45.0643056Z ##[group]Run actions/checkout@v4
2025-12-27T13:02:45.0643765Z with:
2025-12-27T13:02:45.0644024Z   repository: layababa/tg_todo
2025-12-27T13:02:45.0644541Z   token: ***
2025-12-27T13:02:45.0644805Z   ssh-strict: true
2025-12-27T13:02:45.0645133Z   ssh-user: git
2025-12-27T13:02:45.0645380Z   persist-credentials: true
2025-12-27T13:02:45.0645777Z   clean: true
2025-12-27T13:02:45.0646040Z   sparse-checkout-cone-mode: true
2025-12-27T13:02:45.0646350Z   fetch-depth: 1
2025-12-27T13:02:45.0646696Z   fetch-tags: false
2025-12-27T13:02:45.0646983Z   show-progress: true
2025-12-27T13:02:45.0647418Z   lfs: false
2025-12-27T13:02:45.0647768Z   submodules: false
2025-12-27T13:02:45.0648054Z   set-safe-directory: true
2025-12-27T13:02:45.0648599Z env:
2025-12-27T13:02:45.0648950Z   GO_VERSION: 1.21.x
2025-12-27T13:02:45.0649204Z   NODE_VERSION: 20.x
2025-12-27T13:02:45.0649511Z ##[endgroup]
2025-12-27T13:02:45.1735922Z Syncing repository: layababa/tg_todo
2025-12-27T13:02:45.1738564Z ##[group]Getting Git version info
2025-12-27T13:02:45.1739343Z Working directory is '/home/runner/work/tg_todo/tg_todo'
2025-12-27T13:02:45.1740595Z [command]/usr/bin/git version
2025-12-27T13:02:45.1746506Z git version 2.52.0
2025-12-27T13:02:45.1773055Z ##[endgroup]
2025-12-27T13:02:45.1786131Z Temporarily overriding HOME='/home/runner/work/_temp/288c4aee-2813-497e-a809-8f0a17ee1d06' before making global git config changes
2025-12-27T13:02:45.1787149Z Adding repository directory to the temporary git global config as a safe directory
2025-12-27T13:02:45.1798161Z [command]/usr/bin/git config --global --add safe.directory /home/runner/work/tg_todo/tg_todo
2025-12-27T13:02:45.1836011Z Deleting the contents of '/home/runner/work/tg_todo/tg_todo'
2025-12-27T13:02:45.1840075Z ##[group]Initializing the repository
2025-12-27T13:02:45.1843782Z [command]/usr/bin/git init /home/runner/work/tg_todo/tg_todo
2025-12-27T13:02:45.1950225Z hint: Using 'master' as the name for the initial branch. This default branch name
2025-12-27T13:02:45.1951363Z hint: will change to "main" in Git 3.0. To configure the initial branch name
2025-12-27T13:02:45.1952036Z hint: to use in all of your new repositories, which will suppress this warning,
2025-12-27T13:02:45.1952548Z hint: call:
2025-12-27T13:02:45.1952805Z hint:
2025-12-27T13:02:45.1953218Z hint: 	git config --global init.defaultBranch <name>
2025-12-27T13:02:45.1953645Z hint:
2025-12-27T13:02:45.1954037Z hint: Names commonly chosen instead of 'master' are 'main', 'trunk' and
2025-12-27T13:02:45.1955171Z hint: 'development'. The just-created branch can be renamed via this command:
2025-12-27T13:02:45.1955931Z hint:
2025-12-27T13:02:45.1956376Z hint: 	git branch -m <name>
2025-12-27T13:02:45.1956856Z hint:
2025-12-27T13:02:45.1958014Z hint: Disable this message with "git config set advice.defaultBranchName false"
2025-12-27T13:02:45.1959266Z Initialized empty Git repository in /home/runner/work/tg_todo/tg_todo/.git/
2025-12-27T13:02:45.1999330Z [command]/usr/bin/git remote add origin https://github.com/layababa/tg_todo
2025-12-27T13:02:45.2037071Z ##[endgroup]
2025-12-27T13:02:45.2041944Z ##[group]Disabling automatic garbage collection
2025-12-27T13:02:45.2042460Z [command]/usr/bin/git config --local gc.auto 0
2025-12-27T13:02:45.2068711Z ##[endgroup]
2025-12-27T13:02:45.2069230Z ##[group]Setting up auth
2025-12-27T13:02:45.2075445Z [command]/usr/bin/git config --local --name-only --get-regexp core\.sshCommand
2025-12-27T13:02:45.2104182Z [command]/usr/bin/git submodule foreach --recursive sh -c "git config --local --name-only --get-regexp 'core\.sshCommand' && git config --local --unset-all 'core.sshCommand' || :"
2025-12-27T13:02:45.2464871Z [command]/usr/bin/git config --local --name-only --get-regexp http\.https\:\/\/github\.com\/\.extraheader
2025-12-27T13:02:45.2492173Z [command]/usr/bin/git submodule foreach --recursive sh -c "git config --local --name-only --get-regexp 'http\.https\:\/\/github\.com\/\.extraheader' && git config --local --unset-all 'http.https://github.com/.extraheader' || :"
2025-12-27T13:02:45.2703577Z [command]/usr/bin/git config --local --name-only --get-regexp ^includeIf\.gitdir:
2025-12-27T13:02:45.2731484Z [command]/usr/bin/git submodule foreach --recursive git config --local --show-origin --name-only --get-regexp remote.origin.url
2025-12-27T13:02:45.2956272Z [command]/usr/bin/git config --local http.https://github.com/.extraheader AUTHORIZATION: basic ***
2025-12-27T13:02:45.2988745Z ##[endgroup]
2025-12-27T13:02:45.2989149Z ##[group]Fetching the repository
2025-12-27T13:02:45.2996764Z [command]/usr/bin/git -c protocol.version=2 fetch --no-tags --prune --no-recurse-submodules --depth=1 origin +0e73f65e55f35ee34d8e45e61d74193e7d5fb105:refs/remotes/origin/main
2025-12-27T13:02:46.1700887Z From https://github.com/layababa/tg_todo
2025-12-27T13:02:46.1701688Z  * [new ref]         0e73f65e55f35ee34d8e45e61d74193e7d5fb105 -> origin/main
2025-12-27T13:02:46.1732348Z ##[endgroup]
2025-12-27T13:02:46.1732896Z ##[group]Determining the checkout info
2025-12-27T13:02:46.1734826Z ##[endgroup]
2025-12-27T13:02:46.1740007Z [command]/usr/bin/git sparse-checkout disable
2025-12-27T13:02:46.1779707Z [command]/usr/bin/git config --local --unset-all extensions.worktreeConfig
2025-12-27T13:02:46.1803797Z ##[group]Checking out the ref
2025-12-27T13:02:46.1807588Z [command]/usr/bin/git checkout --progress --force -B main refs/remotes/origin/main
2025-12-27T13:02:46.3553221Z Switched to a new branch 'main'
2025-12-27T13:02:46.3553904Z branch 'main' set up to track 'origin/main'.
2025-12-27T13:02:46.3567935Z ##[endgroup]
2025-12-27T13:02:46.3608315Z [command]/usr/bin/git log -1 --format=%H
2025-12-27T13:02:46.3631731Z 0e73f65e55f35ee34d8e45e61d74193e7d5fb105
2025-12-27T13:02:46.3809706Z ##[group]Run docker/login-action@v3
2025-12-27T13:02:46.3809963Z with:
2025-12-27T13:02:46.3810131Z   registry: ghcr.io
2025-12-27T13:02:46.3810322Z   username: Dealize
2025-12-27T13:02:46.3810714Z   password: ***
2025-12-27T13:02:46.3810901Z   logout: true
2025-12-27T13:02:46.3811065Z env:
2025-12-27T13:02:46.3811227Z   GO_VERSION: 1.21.x
2025-12-27T13:02:46.3811412Z   NODE_VERSION: 20.x
2025-12-27T13:02:46.3811590Z ##[endgroup]
2025-12-27T13:02:46.6796458Z Logging into ghcr.io...
2025-12-27T13:02:47.1404367Z Login Succeeded!
2025-12-27T13:02:47.1568402Z ##[group]Run docker/build-push-action@v5
2025-12-27T13:02:47.1568706Z with:
2025-12-27T13:02:47.1568868Z   context: ./server
2025-12-27T13:02:47.1569057Z   file: ./server/Dockerfile
2025-12-27T13:02:47.1569258Z   push: true
2025-12-27T13:02:47.1569451Z   tags: ghcr.io/layababa/tg_todo_api:latest
2025-12-27T13:02:47.1569697Z   load: false
2025-12-27T13:02:47.1569859Z   no-cache: false
2025-12-27T13:02:47.1570031Z   pull: false
2025-12-27T13:02:47.1570324Z   github-token: ***
2025-12-27T13:02:47.1570507Z env:
2025-12-27T13:02:47.1570661Z   GO_VERSION: 1.21.x
2025-12-27T13:02:47.1570844Z   NODE_VERSION: 20.x
2025-12-27T13:02:47.1571021Z ##[endgroup]
2025-12-27T13:02:47.3793022Z ##[group]GitHub Actions runtime token ACs
2025-12-27T13:02:47.3804387Z refs/heads/main: read/write
2025-12-27T13:02:47.3805580Z ##[endgroup]
2025-12-27T13:02:47.3806646Z ##[group]Docker info
2025-12-27T13:02:47.3847601Z [command]/usr/bin/docker version
2025-12-27T13:02:47.4029465Z Client: Docker Engine - Community
2025-12-27T13:02:47.4032356Z  Version:           28.0.4
2025-12-27T13:02:47.4032777Z  API version:       1.48
2025-12-27T13:02:47.4033121Z  Go version:        go1.23.7
2025-12-27T13:02:47.4033471Z  Git commit:        b8034c0
2025-12-27T13:02:47.4033827Z  Built:             Tue Mar 25 15:07:16 2025
2025-12-27T13:02:47.4034227Z  OS/Arch:           linux/amd64
2025-12-27T13:02:47.4034568Z  Context:           default
2025-12-27T13:02:47.4034790Z 
2025-12-27T13:02:47.4034936Z Server: Docker Engine - Community
2025-12-27T13:02:47.4035294Z  Engine:
2025-12-27T13:02:47.4035553Z   Version:          28.0.4
2025-12-27T13:02:47.4035934Z   API version:      1.48 (minimum version 1.24)
2025-12-27T13:02:47.4036188Z   Go version:       go1.23.7
2025-12-27T13:02:47.4036432Z   Git commit:       6430e49
2025-12-27T13:02:47.4036648Z   Built:            Tue Mar 25 15:07:16 2025
2025-12-27T13:02:47.4036897Z   OS/Arch:          linux/amd64
2025-12-27T13:02:47.4037111Z   Experimental:     false
2025-12-27T13:02:47.4037719Z  containerd:
2025-12-27T13:02:47.4037903Z   Version:          v2.2.0
2025-12-27T13:02:47.4038181Z   GitCommit:        1c4457e00facac03ce1d75f7b6777a7a851e5c41
2025-12-27T13:02:47.4038475Z  runc:
2025-12-27T13:02:47.4038641Z   Version:          1.3.4
2025-12-27T13:02:47.4038853Z   GitCommit:        v1.3.4-0-gd6d73eb8
2025-12-27T13:02:47.4039120Z  docker-init:
2025-12-27T13:02:47.4039297Z   Version:          0.19.0
2025-12-27T13:02:47.4039507Z   GitCommit:        de40ad0
2025-12-27T13:02:47.4084353Z [command]/usr/bin/docker info
2025-12-27T13:02:47.7298961Z Client: Docker Engine - Community
2025-12-27T13:02:47.7299443Z  Version:    28.0.4
2025-12-27T13:02:47.7299754Z  Context:    default
2025-12-27T13:02:47.7300064Z  Debug Mode: false
2025-12-27T13:02:47.7300345Z  Plugins:
2025-12-27T13:02:47.7300644Z   buildx: Docker Buildx (Docker Inc.)
2025-12-27T13:02:47.7301026Z     Version:  v0.30.1
2025-12-27T13:02:47.7301431Z     Path:     /usr/libexec/docker/cli-plugins/docker-buildx
2025-12-27T13:02:47.7301961Z   compose: Docker Compose (Docker Inc.)
2025-12-27T13:02:47.7302737Z     Version:  v2.38.2
2025-12-27T13:02:47.7303142Z     Path:     /usr/libexec/docker/cli-plugins/docker-compose
2025-12-27T13:02:47.7303494Z 
2025-12-27T13:02:47.7303604Z Server:
2025-12-27T13:02:47.7303858Z  Containers: 0
2025-12-27T13:02:47.7304141Z   Running: 0
2025-12-27T13:02:47.7304446Z   Paused: 0
2025-12-27T13:02:47.7304730Z   Stopped: 0
2025-12-27T13:02:47.7305021Z  Images: 1
2025-12-27T13:02:47.7305315Z  Server Version: 28.0.4
2025-12-27T13:02:47.7305668Z  Storage Driver: overlay2
2025-12-27T13:02:47.7305890Z   Backing Filesystem: extfs
2025-12-27T13:02:47.7306121Z   Supports d_type: true
2025-12-27T13:02:47.7306320Z   Using metacopy: false
2025-12-27T13:02:47.7306506Z   Native Overlay Diff: false
2025-12-27T13:02:47.7306711Z   userxattr: false
2025-12-27T13:02:47.7306892Z  Logging Driver: json-file
2025-12-27T13:02:47.7307095Z  Cgroup Driver: systemd
2025-12-27T13:02:47.7307524Z  Cgroup Version: 2
2025-12-27T13:02:47.7307713Z  Plugins:
2025-12-27T13:02:47.7308134Z   Volume: local
2025-12-27T13:02:47.7308369Z   Network: bridge host ipvlan macvlan null overlay
2025-12-27T13:02:47.7308732Z   Log: awslogs fluentd gcplogs gelf journald json-file local splunk syslog
2025-12-27T13:02:47.7309054Z  Swarm: inactive
2025-12-27T13:02:47.7309252Z  Runtimes: io.containerd.runc.v2 runc
2025-12-27T13:02:47.7309483Z  Default Runtime: runc
2025-12-27T13:02:47.7309692Z  Init Binary: docker-init
2025-12-27T13:02:47.7309956Z  containerd version: 1c4457e00facac03ce1d75f7b6777a7a851e5c41
2025-12-27T13:02:47.7310477Z  runc version: v1.3.4-0-gd6d73eb8
2025-12-27T13:02:47.7310877Z  init version: de40ad0
2025-12-27T13:02:47.7311211Z  Security Options:
2025-12-27T13:02:47.7311524Z   apparmor
2025-12-27T13:02:47.7311817Z   seccomp
2025-12-27T13:02:47.7312101Z    Profile: builtin
2025-12-27T13:02:47.7312425Z   cgroupns
2025-12-27T13:02:47.7312747Z  Kernel Version: 6.11.0-1018-azure
2025-12-27T13:02:47.7313177Z  Operating System: Ubuntu 24.04.3 LTS
2025-12-27T13:02:47.7313603Z  OSType: linux
2025-12-27T13:02:47.7313893Z  Architecture: x86_64
2025-12-27T13:02:47.7314208Z  CPUs: 4
2025-12-27T13:02:47.7314468Z  Total Memory: 15.62GiB
2025-12-27T13:02:47.7314791Z  Name: runnervmh13bl
2025-12-27T13:02:47.7315138Z  ID: 0a695d56-123a-42a8-a772-617b83954cb8
2025-12-27T13:02:47.7315565Z  Docker Root Dir: /var/lib/docker
2025-12-27T13:02:47.7315915Z  Debug Mode: false
2025-12-27T13:02:47.7316222Z  Username: githubactions
2025-12-27T13:02:47.7316548Z  Experimental: false
2025-12-27T13:02:47.7316856Z  Insecure Registries:
2025-12-27T13:02:47.7321833Z   ::1/128
2025-12-27T13:02:47.7322145Z   127.0.0.0/8
2025-12-27T13:02:47.7322487Z  Live Restore Enabled: false
2025-12-27T13:02:47.7322765Z 
2025-12-27T13:02:47.7323351Z ##[endgroup]
2025-12-27T13:02:47.7323965Z ##[group]Proxy configuration
2025-12-27T13:02:47.7324372Z No proxy configuration found
2025-12-27T13:02:47.7325045Z ##[endgroup]
2025-12-27T13:02:47.7884199Z ##[group]Buildx version
2025-12-27T13:02:47.7922202Z [command]/usr/bin/docker buildx version
2025-12-27T13:02:47.8406584Z github.com/docker/buildx v0.30.1 9e66234aa13328a5e75b75aa5574e1ca6d6d9c01
2025-12-27T13:02:47.8439541Z ##[endgroup]
2025-12-27T13:02:47.8440154Z ##[group]Builder info
2025-12-27T13:02:47.9151182Z {
2025-12-27T13:02:47.9151544Z   "nodes": [
2025-12-27T13:02:47.9151826Z     {
2025-12-27T13:02:47.9152111Z       "name": "default",
2025-12-27T13:02:47.9152476Z       "endpoint": "default",
2025-12-27T13:02:47.9152851Z       "status": "running",
2025-12-27T13:02:47.9153202Z       "buildkit": "v0.20.2",
2025-12-27T13:02:47.9153733Z       "platforms": "linux/amd64,linux/amd64/v2,linux/amd64/v3,linux/386",
2025-12-27T13:02:47.9154311Z       "features": {
2025-12-27T13:02:47.9154827Z         "Automatically load images to the Docker Engine image store": true,
2025-12-27T13:02:47.9155441Z         "Cache export": true,
2025-12-27T13:02:47.9155840Z         "Direct push": true,
2025-12-27T13:02:47.9156206Z         "Docker exporter": true,
2025-12-27T13:02:47.9156606Z         "Multi-platform build": true,
2025-12-27T13:02:47.9157537Z         "OCI exporter": true
2025-12-27T13:02:47.9157895Z       },
2025-12-27T13:02:47.9158177Z       "labels": {
2025-12-27T13:02:47.9158701Z         "org.mobyproject.buildkit.worker.moby.host-gateway-ip": "172.17.0.1"
2025-12-27T13:02:47.9159384Z       }
2025-12-27T13:02:47.9159658Z     }
2025-12-27T13:02:47.9159920Z   ],
2025-12-27T13:02:47.9160185Z   "name": "default",
2025-12-27T13:02:47.9160519Z   "driver": "docker",
2025-12-27T13:02:47.9160879Z   "lastActivity": "2025-12-27T13:02:43.000Z"
2025-12-27T13:02:47.9161253Z }
2025-12-27T13:02:47.9161926Z ##[endgroup]
2025-12-27T13:02:48.0463384Z [command]/usr/bin/docker buildx build --file ./server/Dockerfile --iidfile /home/runner/work/_temp/docker-actions-toolkit-7l3Jxf/build-iidfile-c44b7ee81a.txt --tag ghcr.io/layababa/tg_todo_api:latest --metadata-file /home/runner/work/_temp/docker-actions-toolkit-7l3Jxf/build-metadata-d6a126675e.json --push ./server
2025-12-27T13:02:48.2828631Z #0 building with "default" instance using docker driver
2025-12-27T13:02:48.2829060Z 
2025-12-27T13:02:48.2829210Z #1 [internal] load build definition from Dockerfile
2025-12-27T13:02:48.2829538Z #1 transferring dockerfile: 750B done
2025-12-27T13:02:48.2829799Z #1 DONE 0.0s
2025-12-27T13:02:48.2829909Z 
2025-12-27T13:02:48.2830090Z #2 [internal] load metadata for docker.io/library/golang:1.24-alpine
2025-12-27T13:02:48.4878383Z #2 ...
2025-12-27T13:02:48.4878775Z 
2025-12-27T13:02:48.4879375Z #3 [auth] library/alpine:pull token for registry-1.docker.io
2025-12-27T13:02:48.4879884Z #3 DONE 0.0s
2025-12-27T13:02:48.4880061Z 
2025-12-27T13:02:48.4880307Z #4 [auth] library/golang:pull token for registry-1.docker.io
2025-12-27T13:02:48.4880796Z #4 DONE 0.0s
2025-12-27T13:02:48.6372403Z 
2025-12-27T13:02:48.6372712Z #5 [internal] load metadata for docker.io/library/alpine:3.19
2025-12-27T13:02:49.0467864Z #5 DONE 0.9s
2025-12-27T13:02:49.0468056Z 
2025-12-27T13:02:49.0468254Z #2 [internal] load metadata for docker.io/library/golang:1.24-alpine
2025-12-27T13:02:49.1804735Z #2 DONE 0.9s
2025-12-27T13:02:49.1810004Z 
2025-12-27T13:02:49.1811814Z #6 [internal] load .dockerignore
2025-12-27T13:02:49.1812578Z #6 transferring context: 2B done
2025-12-27T13:02:49.1813363Z #6 DONE 0.0s
2025-12-27T13:02:49.1813794Z 
2025-12-27T13:02:49.1814494Z #7 [stage-1 1/5] FROM docker.io/library/alpine:3.19@sha256:6baf43584bcb78f2e5847d1de515f23499913ac9f12bdf834811a3145eb11ca1
2025-12-27T13:02:49.1825927Z #7 resolve docker.io/library/alpine:3.19@sha256:6baf43584bcb78f2e5847d1de515f23499913ac9f12bdf834811a3145eb11ca1 done
2025-12-27T13:02:49.1830465Z #7 sha256:6baf43584bcb78f2e5847d1de515f23499913ac9f12bdf834811a3145eb11ca1 8.08kB / 8.08kB done
2025-12-27T13:02:49.1833395Z #7 sha256:b58899f069c47216f6002a6850143dc6fae0d35eb8b0df9300bbe6327b9c2171 1.02kB / 1.02kB done
2025-12-27T13:02:49.1837055Z #7 sha256:83b2b6703a620bf2e001ab57f7adc414d891787b3c59859b1b62909e48dd2242 581B / 581B done
2025-12-27T13:02:49.1838290Z #7 sha256:17a39c0ba978cc27001e9c56a480f98106e1ab74bd56eb302f9fd4cf758ea43f 0B / 3.42MB 0.1s
2025-12-27T13:02:49.2820507Z #7 ...
2025-12-27T13:02:49.2821046Z 
2025-12-27T13:02:49.2821197Z #8 [internal] load build context
2025-12-27T13:02:49.2821647Z #8 transferring context: 44.12MB 0.2s done
2025-12-27T13:02:49.2822071Z #8 DONE 0.2s
2025-12-27T13:02:49.2822251Z 
2025-12-27T13:02:49.2822714Z #7 [stage-1 1/5] FROM docker.io/library/alpine:3.19@sha256:6baf43584bcb78f2e5847d1de515f23499913ac9f12bdf834811a3145eb11ca1
2025-12-27T13:02:49.2823767Z #7 sha256:17a39c0ba978cc27001e9c56a480f98106e1ab74bd56eb302f9fd4cf758ea43f 3.42MB / 3.42MB 0.1s done
2025-12-27T13:02:49.2824833Z #7 extracting sha256:17a39c0ba978cc27001e9c56a480f98106e1ab74bd56eb302f9fd4cf758ea43f
2025-12-27T13:02:49.3839682Z #7 extracting sha256:17a39c0ba978cc27001e9c56a480f98106e1ab74bd56eb302f9fd4cf758ea43f 0.1s done
2025-12-27T13:02:49.3840493Z #7 DONE 0.3s
2025-12-27T13:02:49.3840663Z 
2025-12-27T13:02:49.3841301Z #9 [builder 1/7] FROM docker.io/library/golang:1.24-alpine@sha256:ef75fa8822a4c0fb53a390548b3dc1c39639339ec3373c58f5441117e1ff46ae
2025-12-27T13:02:49.3946095Z #9 resolve docker.io/library/golang:1.24-alpine@sha256:ef75fa8822a4c0fb53a390548b3dc1c39639339ec3373c58f5441117e1ff46ae done
2025-12-27T13:02:49.3947492Z #9 sha256:1074353eec0db2c1d81d5af2671e56e00cf5738486f5762609ea33d606f88612 3.86MB / 3.86MB 0.1s done
2025-12-27T13:02:49.3948642Z #9 sha256:380b1c214bdf8fcd1074254287b6fd5892da19d19bb3b21f8b6d5ebbe325a928 296.10kB / 296.10kB 0.2s done
2025-12-27T13:02:49.3949748Z #9 sha256:ef75fa8822a4c0fb53a390548b3dc1c39639339ec3373c58f5441117e1ff46ae 10.30kB / 10.30kB done
2025-12-27T13:02:49.3950809Z #9 sha256:1a97fbadb2eb46ba8e4bce6b08f45bc24ef0180d1f3b3192886a080c8268ba71 1.92kB / 1.92kB done
2025-12-27T13:02:49.3951845Z #9 sha256:aa084a39ff8e44765a8f2a8fa09ff69ddef1900b50577883fa8e737a5a828783 2.19kB / 2.19kB done
2025-12-27T13:02:49.3952864Z #9 extracting sha256:1074353eec0db2c1d81d5af2671e56e00cf5738486f5762609ea33d606f88612 0.1s done
2025-12-27T13:02:49.3954154Z #9 sha256:94cc3e02e353c0efcfdaf6be736e5d50dbde521e32a7ec4b0a8f8ce54558c2c2 15.73MB / 79.12MB 0.3s
2025-12-27T13:02:49.3955214Z #9 sha256:6e3c40c40c61fd86ebe0adb235cd706932d3fac73e595a513ead68cd5f041b39 0B / 125B 0.2s
2025-12-27T13:02:49.3956169Z #9 extracting sha256:380b1c214bdf8fcd1074254287b6fd5892da19d19bb3b21f8b6d5ebbe325a928
2025-12-27T13:02:49.3957112Z #9 sha256:4f4fb700ef54461cfa02571ae0db9a0dc1e0cdb5577484a6d75e68dc38e8acc1 0B / 32B 0.3s
2025-12-27T13:02:49.4941992Z #9 ...
2025-12-27T13:02:49.4942503Z 
2025-12-27T13:02:49.4942765Z #10 [stage-1 2/5] WORKDIR /app
2025-12-27T13:02:49.4944511Z #10 DONE 0.1s
2025-12-27T13:02:49.4946645Z 
2025-12-27T13:02:49.4947541Z #9 [builder 1/7] FROM docker.io/library/golang:1.24-alpine@sha256:ef75fa8822a4c0fb53a390548b3dc1c39639339ec3373c58f5441117e1ff46ae
2025-12-27T13:02:49.4948784Z #9 sha256:94cc3e02e353c0efcfdaf6be736e5d50dbde521e32a7ec4b0a8f8ce54558c2c2 37.75MB / 79.12MB 0.4s
2025-12-27T13:02:49.4949923Z #9 extracting sha256:380b1c214bdf8fcd1074254287b6fd5892da19d19bb3b21f8b6d5ebbe325a928 0.1s done
2025-12-27T13:02:49.4951094Z #9 sha256:4f4fb700ef54461cfa02571ae0db9a0dc1e0cdb5577484a6d75e68dc38e8acc1 32B / 32B 0.3s done
2025-12-27T13:02:49.6058554Z #9 sha256:94cc3e02e353c0efcfdaf6be736e5d50dbde521e32a7ec4b0a8f8ce54558c2c2 65.53MB / 79.12MB 0.5s
2025-12-27T13:02:49.7505415Z #9 sha256:94cc3e02e353c0efcfdaf6be736e5d50dbde521e32a7ec4b0a8f8ce54558c2c2 79.12MB / 79.12MB 0.5s done
2025-12-27T13:02:49.7506578Z #9 extracting sha256:94cc3e02e353c0efcfdaf6be736e5d50dbde521e32a7ec4b0a8f8ce54558c2c2 0.1s
2025-12-27T13:02:50.7225410Z #9 ...
2025-12-27T13:02:50.7225651Z 
2025-12-27T13:02:50.7226143Z #11 [stage-1 3/5] RUN apk add --no-cache ca-certificates tzdata
2025-12-27T13:02:50.7226915Z #11 0.170 fetch https://dl-cdn.alpinelinux.org/alpine/v3.19/main/x86_64/APKINDEX.tar.gz
2025-12-27T13:02:50.7227757Z #11 0.407 fetch https://dl-cdn.alpinelinux.org/alpine/v3.19/community/x86_64/APKINDEX.tar.gz
2025-12-27T13:02:50.7228230Z #11 0.843 (1/2) Installing ca-certificates (20250911-r0)
2025-12-27T13:02:50.7228545Z #11 0.874 (2/2) Installing tzdata (2025b-r0)
2025-12-27T13:02:50.7228832Z #11 1.023 Executing busybox-1.36.1-r20.trigger
2025-12-27T13:02:50.7229123Z #11 1.030 Executing ca-certificates-20250911-r0.trigger
2025-12-27T13:02:50.7229393Z #11 1.091 OK: 11 MiB in 17 packages
2025-12-27T13:02:50.7229622Z #11 DONE 1.3s
2025-12-27T13:02:50.9185002Z 
2025-12-27T13:02:50.9186064Z #9 [builder 1/7] FROM docker.io/library/golang:1.24-alpine@sha256:ef75fa8822a4c0fb53a390548b3dc1c39639339ec3373c58f5441117e1ff46ae
2025-12-27T13:02:54.0195563Z #9 extracting sha256:94cc3e02e353c0efcfdaf6be736e5d50dbde521e32a7ec4b0a8f8ce54558c2c2 4.2s done
2025-12-27T13:02:54.2338990Z #9 extracting sha256:6e3c40c40c61fd86ebe0adb235cd706932d3fac73e595a513ead68cd5f041b39
2025-12-27T13:02:54.4296598Z #9 extracting sha256:6e3c40c40c61fd86ebe0adb235cd706932d3fac73e595a513ead68cd5f041b39 done
2025-12-27T13:02:54.4297883Z #9 extracting sha256:4f4fb700ef54461cfa02571ae0db9a0dc1e0cdb5577484a6d75e68dc38e8acc1 done
2025-12-27T13:02:54.4298602Z #9 DONE 5.2s
2025-12-27T13:02:54.4298777Z 
2025-12-27T13:02:54.4299186Z #12 [builder 2/7] WORKDIR /app
2025-12-27T13:02:54.4299546Z #12 DONE 0.0s
2025-12-27T13:02:54.4299718Z 
2025-12-27T13:02:54.4299890Z #13 [builder 3/7] RUN apk add --no-cache git
2025-12-27T13:02:54.9144117Z #13 0.635 ( 1/13) Installing brotli-libs (1.2.0-r0)
2025-12-27T13:02:55.0151006Z #13 0.653 ( 2/13) Installing c-ares (1.34.6-r0)
2025-12-27T13:02:55.0151620Z #13 0.656 ( 3/13) Installing libunistring (1.4.1-r0)
2025-12-27T13:02:55.0151984Z #13 0.679 ( 4/13) Installing libidn2 (2.3.8-r0)
2025-12-27T13:02:55.0152352Z #13 0.682 ( 5/13) Installing nghttp2-libs (1.68.0-r0)
2025-12-27T13:02:55.0152704Z #13 0.685 ( 6/13) Installing nghttp3 (1.13.1-r0)
2025-12-27T13:02:55.0153039Z #13 0.688 ( 7/13) Installing libpsl (0.21.5-r3)
2025-12-27T13:02:55.0153371Z #13 0.691 ( 8/13) Installing zstd-libs (1.5.7-r2)
2025-12-27T13:02:55.0153691Z #13 0.704 ( 9/13) Installing libcurl (8.17.0-r1)
2025-12-27T13:02:55.0154310Z #13 0.725 (10/13) Installing libexpat (2.7.3-r0)
2025-12-27T13:02:55.0154661Z #13 0.728 (11/13) Installing pcre2 (10.47-r0)
2025-12-27T13:02:55.0154995Z #13 0.736 (12/13) Installing git (2.52.0-r0)
2025-12-27T13:02:55.1362634Z #13 0.798 (13/13) Installing git-init-template (2.52.0-r0)
2025-12-27T13:02:55.1363038Z #13 0.802 Executing busybox-1.37.0-r30.trigger
2025-12-27T13:02:55.1363315Z #13 0.809 OK: 20.6 MiB in 30 packages
2025-12-27T13:02:55.1363540Z #13 DONE 0.9s
2025-12-27T13:02:55.3098531Z 
2025-12-27T13:02:55.3098952Z #14 [builder 4/7] COPY go.mod go.sum ./
2025-12-27T13:02:55.3099265Z #14 DONE 0.0s
2025-12-27T13:02:55.3099379Z 
2025-12-27T13:02:55.3099467Z #15 [builder 5/7] RUN go mod download
2025-12-27T13:02:59.1160259Z #15 DONE 4.0s
2025-12-27T13:02:59.2670323Z 
2025-12-27T13:02:59.2670562Z #16 [builder 6/7] COPY . .
2025-12-27T13:02:59.2737674Z #16 DONE 0.2s
2025-12-27T13:02:59.4273789Z 
2025-12-27T13:02:59.4274494Z #17 [builder 7/7] RUN CGO_ENABLED=0 GOOS=linux go build -o api ./cmd/api
2025-12-27T13:03:34.7695446Z #17 DONE 35.5s
2025-12-27T13:03:34.9110829Z 
2025-12-27T13:03:34.9112516Z #18 [stage-1 4/5] COPY --from=builder /app/api ./api
2025-12-27T13:03:34.9113048Z #18 DONE 0.1s
2025-12-27T13:03:35.0741591Z 
2025-12-27T13:03:35.0744017Z #19 [stage-1 5/5] COPY --from=builder /app/config ./config
2025-12-27T13:03:35.0744569Z #19 DONE 0.0s
2025-12-27T13:03:35.0744744Z 
2025-12-27T13:03:35.0744873Z #20 exporting to image
2025-12-27T13:03:35.0745193Z #20 exporting layers
2025-12-27T13:03:35.1129781Z #20 exporting layers 0.2s done
2025-12-27T13:03:35.2790797Z #20 writing image sha256:a9b65dad83be0ea74e73c49bc4e18d85c49dcc93944a53a33bfccc3547b8388b done
2025-12-27T13:03:35.2791799Z #20 naming to ghcr.io/layababa/tg_todo_api:latest done
2025-12-27T13:03:35.2792221Z #20 DONE 0.2s
2025-12-27T13:03:35.2792333Z 
2025-12-27T13:03:35.2792436Z #21 resolving provenance for metadata file
2025-12-27T13:03:35.2792709Z #21 DONE 0.0s
2025-12-27T13:03:35.2792813Z 
2025-12-27T13:03:35.2792964Z #22 pushing ghcr.io/layababa/tg_todo_api:latest with docker
2025-12-27T13:03:35.2793322Z #22 pushing layer 79f2675d5dcb
2025-12-27T13:03:35.4295536Z #22 pushing layer c5e226d05c19
2025-12-27T13:03:35.4295944Z #22 pushing layer d2af5ed1efbb
2025-12-27T13:03:35.4296305Z #22 pushing layer b298cc67c6dc
2025-12-27T13:03:35.4296597Z #22 pushing layer 0b44b2151d78
2025-12-27T13:03:35.7679403Z #22 pushing layer 79f2675d5dcb 3.07kB / 292B 0.4s
2025-12-27T13:03:35.8774107Z #22 pushing layer c5e226d05c19 2.46MB / 46.26MB 0.6s
2025-12-27T13:03:35.8774646Z #22 pushing layer d2af5ed1efbb 2.70MB / 1.60MB 0.6s
2025-12-27T13:03:35.9867617Z #22 pushing layer c5e226d05c19 4.92MB / 46.26MB 0.7s
2025-12-27T13:03:36.1041309Z #22 pushing layer c5e226d05c19 8.36MB / 46.26MB 0.8s
2025-12-27T13:03:36.2126591Z #22 pushing layer c5e226d05c19 11.31MB / 46.26MB 0.9s
2025-12-27T13:03:36.3339326Z #22 pushing layer c5e226d05c19 14.75MB / 46.26MB 1.1s
2025-12-27T13:03:36.4492404Z #22 pushing layer c5e226d05c19 18.19MB / 46.26MB 1.2s
2025-12-27T13:03:36.5696321Z #22 pushing layer c5e226d05c19 21.63MB / 46.26MB 1.3s
2025-12-27T13:03:36.6715100Z #22 pushing layer c5e226d05c19 26.05MB / 46.26MB 1.4s
2025-12-27T13:03:36.7750235Z #22 pushing layer c5e226d05c19 29.00MB / 46.26MB 1.5s
2025-12-27T13:03:36.8829885Z #22 pushing layer c5e226d05c19 32.93MB / 46.26MB 1.6s
2025-12-27T13:03:36.9922730Z #22 pushing layer c5e226d05c19 37.36MB / 46.26MB 1.7s
2025-12-27T13:03:37.1052079Z #22 pushing layer c5e226d05c19 41.78MB / 46.26MB 1.8s
2025-12-27T13:03:37.1052580Z #22 pushing layer b298cc67c6dc 1.7s done
2025-12-27T13:03:37.2077057Z #22 pushing layer 79f2675d5dcb 1.9s done
2025-12-27T13:03:37.2077727Z #22 pushing layer c5e226d05c19 44.24MB / 46.26MB 1.9s
2025-12-27T13:03:37.3882822Z #22 pushing layer d2af5ed1efbb 1.9s done
2025-12-27T13:03:39.5236707Z #22 pushing layer c5e226d05c19 4.2s done
2025-12-27T13:03:41.9055117Z #22 pushing layer 0b44b2151d78 6.6s done
2025-12-27T13:03:42.0558723Z #22 DONE 6.8s
2025-12-27T13:03:43.0744030Z ##[group]ImageID
2025-12-27T13:03:43.0744867Z sha256:a9b65dad83be0ea74e73c49bc4e18d85c49dcc93944a53a33bfccc3547b8388b
2025-12-27T13:03:43.0745960Z ##[endgroup]
2025-12-27T13:03:43.0746271Z ##[group]Digest
2025-12-27T13:03:43.0746681Z sha256:467c2706dfc9a1da46645275b835e8e423fbfefb8c813cddbc7c406fa047d7d7
2025-12-27T13:03:43.0747856Z ##[endgroup]
2025-12-27T13:03:43.0748161Z ##[group]Metadata
2025-12-27T13:03:43.0748720Z {
2025-12-27T13:03:43.0748954Z   "buildx.build.provenance": {
2025-12-27T13:03:43.0749169Z     "builder": {
2025-12-27T13:03:43.0749352Z       "id": ""
2025-12-27T13:03:43.0749549Z     },
2025-12-27T13:03:43.0749832Z     "buildType": "https://mobyproject.org/buildkit@v1",
2025-12-27T13:03:43.0750121Z     "materials": [
2025-12-27T13:03:43.0750290Z       {
2025-12-27T13:03:43.0750503Z         "uri": "pkg:docker/alpine@3.19?platform=linux%2Famd64",
2025-12-27T13:03:43.0750768Z         "digest": {
2025-12-27T13:03:43.0751069Z           "sha256": "6baf43584bcb78f2e5847d1de515f23499913ac9f12bdf834811a3145eb11ca1"
2025-12-27T13:03:43.0751403Z         }
2025-12-27T13:03:43.0751557Z       },
2025-12-27T13:03:43.0751705Z       {
2025-12-27T13:03:43.0751940Z         "uri": "pkg:docker/golang@1.24-alpine?platform=linux%2Famd64",
2025-12-27T13:03:43.0752225Z         "digest": {
2025-12-27T13:03:43.0752516Z           "sha256": "ef75fa8822a4c0fb53a390548b3dc1c39639339ec3373c58f5441117e1ff46ae"
2025-12-27T13:03:43.0752847Z         }
2025-12-27T13:03:43.0752989Z       }
2025-12-27T13:03:43.0753134Z     ],
2025-12-27T13:03:43.0753288Z     "invocation": {
2025-12-27T13:03:43.0753467Z       "configSource": {
2025-12-27T13:03:43.0753667Z         "entryPoint": "Dockerfile"
2025-12-27T13:03:43.0753881Z       },
2025-12-27T13:03:43.0754031Z       "parameters": {
2025-12-27T13:03:43.0754231Z         "frontend": "dockerfile.v0",
2025-12-27T13:03:43.0754450Z         "locals": [
2025-12-27T13:03:43.0754614Z           {
2025-12-27T13:03:43.0754772Z             "name": "context"
2025-12-27T13:03:43.0754967Z           },
2025-12-27T13:03:43.0755123Z           {
2025-12-27T13:03:43.0755282Z             "name": "dockerfile"
2025-12-27T13:03:43.0755484Z           }
2025-12-27T13:03:43.0755635Z         ]
2025-12-27T13:03:43.0755783Z       },
2025-12-27T13:03:43.0755933Z       "environment": {
2025-12-27T13:03:43.0756131Z         "platform": "linux/amd64"
2025-12-27T13:03:43.0756328Z       }
2025-12-27T13:03:43.0756475Z     }
2025-12-27T13:03:43.0756612Z   },
2025-12-27T13:03:43.0756844Z   "buildx.build.ref": "default/default/i7r6uc1qvv5vl54s3pykqkk69",
2025-12-27T13:03:43.0757641Z   "containerimage.config.digest": "sha256:a9b65dad83be0ea74e73c49bc4e18d85c49dcc93944a53a33bfccc3547b8388b",
2025-12-27T13:03:43.0758361Z   "containerimage.digest": "sha256:467c2706dfc9a1da46645275b835e8e423fbfefb8c813cddbc7c406fa047d7d7",
2025-12-27T13:03:43.0758829Z   "image.name": "ghcr.io/layababa/tg_todo_api:latest"
2025-12-27T13:03:43.0759077Z }
2025-12-27T13:03:43.0759457Z ##[endgroup]
2025-12-27T13:03:43.0882106Z ##[group]Run docker/build-push-action@v5
2025-12-27T13:03:43.0882382Z with:
2025-12-27T13:03:43.0882544Z   context: .
2025-12-27T13:03:43.0882719Z   file: ./web/Dockerfile
2025-12-27T13:03:43.0883077Z   push: true
2025-12-27T13:03:43.0883280Z   tags: ghcr.io/layababa/tg_todo_web:latest
2025-12-27T13:03:43.0883640Z   build-args: VITE_API_BASE_URL=https://ddddapiprod.zcvyzest.xyz

2025-12-27T13:03:43.0883965Z   load: false
2025-12-27T13:03:43.0884139Z   no-cache: false
2025-12-27T13:03:43.0884310Z   pull: false
2025-12-27T13:03:43.0884631Z   github-token: ***
2025-12-27T13:03:43.0884808Z env:
2025-12-27T13:03:43.0884966Z   GO_VERSION: 1.21.x
2025-12-27T13:03:43.0885152Z   NODE_VERSION: 20.x
2025-12-27T13:03:43.0885323Z ##[endgroup]
2025-12-27T13:03:43.3089828Z ##[group]GitHub Actions runtime token ACs
2025-12-27T13:03:43.3100687Z refs/heads/main: read/write
2025-12-27T13:03:43.3101731Z ##[endgroup]
2025-12-27T13:03:43.3102584Z ##[group]Docker info
2025-12-27T13:03:43.3146796Z [command]/usr/bin/docker version
2025-12-27T13:03:43.3342041Z Client: Docker Engine - Community
2025-12-27T13:03:43.3345124Z  Version:           28.0.4
2025-12-27T13:03:43.3345494Z  API version:       1.48
2025-12-27T13:03:43.3345859Z  Go version:        go1.23.7
2025-12-27T13:03:43.3346213Z  Git commit:        b8034c0
2025-12-27T13:03:43.3346572Z  Built:             Tue Mar 25 15:07:16 2025
2025-12-27T13:03:43.3346989Z  OS/Arch:           linux/amd64
2025-12-27T13:03:43.3347506Z  Context:           default
2025-12-27T13:03:43.3347727Z 
2025-12-27T13:03:43.3347878Z Server: Docker Engine - Community
2025-12-27T13:03:43.3348240Z  Engine:
2025-12-27T13:03:43.3348488Z   Version:          28.0.4
2025-12-27T13:03:43.3348846Z   API version:      1.48 (minimum version 1.24)
2025-12-27T13:03:43.3349242Z   Go version:       go1.23.7
2025-12-27T13:03:43.3349578Z   Git commit:       6430e49
2025-12-27T13:03:43.3349929Z   Built:            Tue Mar 25 15:07:16 2025
2025-12-27T13:03:43.3350332Z   OS/Arch:          linux/amd64
2025-12-27T13:03:43.3350703Z   Experimental:     false
2025-12-27T13:03:43.3351023Z  containerd:
2025-12-27T13:03:43.3351299Z   Version:          v2.2.0
2025-12-27T13:03:43.3351707Z   GitCommit:        1c4457e00facac03ce1d75f7b6777a7a851e5c41
2025-12-27T13:03:43.3352175Z  runc:
2025-12-27T13:03:43.3352429Z   Version:          1.3.4
2025-12-27T13:03:43.3352767Z   GitCommit:        v1.3.4-0-gd6d73eb8
2025-12-27T13:03:43.3353142Z  docker-init:
2025-12-27T13:03:43.3353426Z   Version:          0.19.0
2025-12-27T13:03:43.3353758Z   GitCommit:        de40ad0
2025-12-27T13:03:43.3396389Z [command]/usr/bin/docker info
2025-12-27T13:03:43.3842649Z Client: Docker Engine - Community
2025-12-27T13:03:43.3843275Z  Version:    28.0.4
2025-12-27T13:03:43.3843924Z  Context:    default
2025-12-27T13:03:43.3844289Z  Debug Mode: false
2025-12-27T13:03:43.3844627Z  Plugins:
2025-12-27T13:03:43.3845305Z   buildx: Docker Buildx (Docker Inc.)
2025-12-27T13:03:43.3845748Z     Version:  v0.30.1
2025-12-27T13:03:43.3846052Z     Path:     /usr/libexec/docker/cli-plugins/docker-buildx
2025-12-27T13:03:43.3846371Z   compose: Docker Compose (Docker Inc.)
2025-12-27T13:03:43.3846609Z     Version:  v2.38.2
2025-12-27T13:03:43.3846848Z     Path:     /usr/libexec/docker/cli-plugins/docker-compose
2025-12-27T13:03:43.3847074Z 
2025-12-27T13:03:43.3847136Z Server:
2025-12-27T13:03:43.3847499Z  Containers: 0
2025-12-27T13:03:43.3847673Z   Running: 0
2025-12-27T13:03:43.3847833Z   Paused: 0
2025-12-27T13:03:43.3847992Z   Stopped: 0
2025-12-27T13:03:43.3848148Z  Images: 2
2025-12-27T13:03:43.3848312Z  Server Version: 28.0.4
2025-12-27T13:03:43.3848512Z  Storage Driver: overlay2
2025-12-27T13:03:43.3848709Z   Backing Filesystem: extfs
2025-12-27T13:03:43.3848928Z   Supports d_type: true
2025-12-27T13:03:43.3849120Z   Using metacopy: false
2025-12-27T13:03:43.3849306Z   Native Overlay Diff: false
2025-12-27T13:03:43.3849511Z   userxattr: false
2025-12-27T13:03:43.3849688Z  Logging Driver: json-file
2025-12-27T13:03:43.3849893Z  Cgroup Driver: systemd
2025-12-27T13:03:43.3850411Z  Cgroup Version: 2
2025-12-27T13:03:43.3850604Z  Plugins:
2025-12-27T13:03:43.3850785Z   Volume: local
2025-12-27T13:03:43.3851040Z   Network: bridge host ipvlan macvlan null overlay
2025-12-27T13:03:43.3851553Z   Log: awslogs fluentd gcplogs gelf journald json-file local splunk syslog
2025-12-27T13:03:43.3851886Z  Swarm: inactive
2025-12-27T13:03:43.3852341Z  Runtimes: io.containerd.runc.v2 runc
2025-12-27T13:03:43.3852700Z  Default Runtime: runc
2025-12-27T13:03:43.3853001Z  Init Binary: docker-init
2025-12-27T13:03:43.3853443Z  containerd version: 1c4457e00facac03ce1d75f7b6777a7a851e5c41
2025-12-27T13:03:43.3853926Z  runc version: v1.3.4-0-gd6d73eb8
2025-12-27T13:03:43.3854279Z  init version: de40ad0
2025-12-27T13:03:43.3854592Z  Security Options:
2025-12-27T13:03:43.3854863Z   apparmor
2025-12-27T13:03:43.3855115Z   seccomp
2025-12-27T13:03:43.3855357Z    Profile: builtin
2025-12-27T13:03:43.3855625Z   cgroupns
2025-12-27T13:03:43.3855921Z  Kernel Version: 6.11.0-1018-azure
2025-12-27T13:03:43.3856353Z  Operating System: Ubuntu 24.04.3 LTS
2025-12-27T13:03:43.3856767Z  OSType: linux
2025-12-27T13:03:43.3857080Z  Architecture: x86_64
2025-12-27T13:03:43.3857617Z  CPUs: 4
2025-12-27T13:03:43.3857921Z  Total Memory: 15.62GiB
2025-12-27T13:03:43.3858281Z  Name: runnervmh13bl
2025-12-27T13:03:43.3858644Z  ID: 0a695d56-123a-42a8-a772-617b83954cb8
2025-12-27T13:03:43.3859098Z  Docker Root Dir: /var/lib/docker
2025-12-27T13:03:43.3859481Z  Debug Mode: false
2025-12-27T13:03:43.3859814Z  Username: githubactions
2025-12-27T13:03:43.3860144Z  Experimental: false
2025-12-27T13:03:43.3860473Z  Insecure Registries:
2025-12-27T13:03:43.3860800Z   ::1/128
2025-12-27T13:03:43.3861065Z   127.0.0.0/8
2025-12-27T13:03:43.3861366Z  Live Restore Enabled: false
2025-12-27T13:03:43.3861635Z 
2025-12-27T13:03:43.3862058Z ##[endgroup]
2025-12-27T13:03:43.3862556Z ##[group]Proxy configuration
2025-12-27T13:03:43.3866186Z No proxy configuration found
2025-12-27T13:03:43.3866853Z ##[endgroup]
2025-12-27T13:03:43.4411633Z ##[group]Buildx version
2025-12-27T13:03:43.4439557Z [command]/usr/bin/docker buildx version
2025-12-27T13:03:43.4965923Z github.com/docker/buildx v0.30.1 9e66234aa13328a5e75b75aa5574e1ca6d6d9c01
2025-12-27T13:03:43.4998761Z ##[endgroup]
2025-12-27T13:03:43.4999138Z ##[group]Builder info
2025-12-27T13:03:43.5802714Z {
2025-12-27T13:03:43.5803006Z   "nodes": [
2025-12-27T13:03:43.5803280Z     {
2025-12-27T13:03:43.5803532Z       "name": "default",
2025-12-27T13:03:43.5803756Z       "endpoint": "default",
2025-12-27T13:03:43.5803976Z       "status": "running",
2025-12-27T13:03:43.5804182Z       "buildkit": "v0.20.2",
2025-12-27T13:03:43.5804487Z       "platforms": "linux/amd64,linux/amd64/v2,linux/amd64/v3,linux/386",
2025-12-27T13:03:43.5804800Z       "features": {
2025-12-27T13:03:43.5805084Z         "Automatically load images to the Docker Engine image store": true,
2025-12-27T13:03:43.5805411Z         "Cache export": true,
2025-12-27T13:03:43.5805625Z         "Direct push": true,
2025-12-27T13:03:43.5805853Z         "Docker exporter": true,
2025-12-27T13:03:43.5806088Z         "Multi-platform build": true,
2025-12-27T13:03:43.5806320Z         "OCI exporter": true
2025-12-27T13:03:43.5806506Z       },
2025-12-27T13:03:43.5806668Z       "labels": {
2025-12-27T13:03:43.5806951Z         "org.mobyproject.buildkit.worker.moby.host-gateway-ip": "172.17.0.1"
2025-12-27T13:03:43.5807469Z       }
2025-12-27T13:03:43.5807663Z     }
2025-12-27T13:03:43.5807839Z   ],
2025-12-27T13:03:43.5807988Z   "name": "default",
2025-12-27T13:03:43.5808177Z   "driver": "docker",
2025-12-27T13:03:43.5808375Z   "lastActivity": "2025-12-27T13:02:48.000Z"
2025-12-27T13:03:43.5808601Z }
2025-12-27T13:03:43.5808971Z ##[endgroup]
2025-12-27T13:03:43.7192854Z [command]/usr/bin/docker buildx build --build-arg VITE_API_BASE_URL=https://ddddapiprod.zcvyzest.xyz --file ./web/Dockerfile --iidfile /home/runner/work/_temp/docker-actions-toolkit-SobAzz/build-iidfile-8414ad3554.txt --tag ghcr.io/layababa/tg_todo_web:latest --metadata-file /home/runner/work/_temp/docker-actions-toolkit-SobAzz/build-metadata-7bec0ddaae.json --push .
2025-12-27T13:03:43.7930484Z #0 building with "default" instance using docker driver
2025-12-27T13:03:43.7930839Z 
2025-12-27T13:03:43.7931391Z #1 [internal] load build definition from Dockerfile
2025-12-27T13:03:43.9514538Z #1 transferring dockerfile: 590B done
2025-12-27T13:03:43.9514818Z #1 DONE 0.0s
2025-12-27T13:03:43.9514939Z 
2025-12-27T13:03:43.9515168Z #2 resolve image config for docker-image://docker.io/docker/dockerfile:1.6
2025-12-27T13:03:44.1574665Z #2 ...
2025-12-27T13:03:44.1574886Z 
2025-12-27T13:03:44.1575177Z #3 [auth] docker/dockerfile:pull token for registry-1.docker.io
2025-12-27T13:03:44.1575704Z #3 DONE 0.0s
2025-12-27T13:03:44.3059152Z 
2025-12-27T13:03:44.3059772Z #2 resolve image config for docker-image://docker.io/docker/dockerfile:1.6
2025-12-27T13:03:44.7321236Z #2 DONE 0.9s
2025-12-27T13:03:44.8388072Z 
2025-12-27T13:03:44.8388859Z #4 docker-image://docker.io/docker/dockerfile:1.6@sha256:ac85f380a63b13dfcefa89046420e1781752bab202122f8f50032edf31be0021
2025-12-27T13:03:44.8390217Z #4 resolve docker.io/docker/dockerfile:1.6@sha256:ac85f380a63b13dfcefa89046420e1781752bab202122f8f50032edf31be0021 done
2025-12-27T13:03:44.8391116Z #4 sha256:ac85f380a63b13dfcefa89046420e1781752bab202122f8f50032edf31be0021 8.40kB / 8.40kB done
2025-12-27T13:03:44.8391900Z #4 sha256:657fcc512c7369f4cb3d94ea329150f8daf626bc838b1a1e81f1834c73ecc77e 482B / 482B done
2025-12-27T13:03:44.8392679Z #4 sha256:a17ee7fff8f5e97b974f5b48f51647d2cf28d543f2aa6c11aaa0ea431b44bb89 1.27kB / 1.27kB done
2025-12-27T13:03:44.8393462Z #4 sha256:9d9c93f4b00be908ab694a4df732570bced3b8a96b7515d70ff93402179ad232 1.05MB / 11.80MB 0.1s
2025-12-27T13:03:44.9743737Z #4 sha256:9d9c93f4b00be908ab694a4df732570bced3b8a96b7515d70ff93402179ad232 11.80MB / 11.80MB 0.1s done
2025-12-27T13:03:44.9744928Z #4 extracting sha256:9d9c93f4b00be908ab694a4df732570bced3b8a96b7515d70ff93402179ad232 0.1s done
2025-12-27T13:03:45.1973756Z #4 DONE 0.3s
2025-12-27T13:03:45.1974104Z 
2025-12-27T13:03:45.1974473Z #5 [internal] load metadata for docker.io/library/nginx:1.25-alpine
2025-12-27T13:03:45.4200696Z #5 ...
2025-12-27T13:03:45.4200912Z 
2025-12-27T13:03:45.4201084Z #6 [auth] library/node:pull token for registry-1.docker.io
2025-12-27T13:03:45.4201432Z #6 DONE 0.0s
2025-12-27T13:03:45.4201544Z 
2025-12-27T13:03:45.4201699Z #7 [auth] library/nginx:pull token for registry-1.docker.io
2025-12-27T13:03:45.4202009Z #7 DONE 0.0s
2025-12-27T13:03:45.5693096Z 
2025-12-27T13:03:45.5693481Z #8 [internal] load metadata for docker.io/library/node:20-alpine
2025-12-27T13:03:45.8143103Z #8 DONE 0.8s
2025-12-27T13:03:45.8143301Z 
2025-12-27T13:03:45.8143647Z #5 [internal] load metadata for docker.io/library/nginx:1.25-alpine
2025-12-27T13:03:45.9378704Z #5 DONE 0.8s
2025-12-27T13:03:45.9379071Z 
2025-12-27T13:03:45.9379257Z #9 [internal] load .dockerignore
2025-12-27T13:03:45.9379675Z #9 transferring context: 2B done
2025-12-27T13:03:45.9380062Z #9 DONE 0.0s
2025-12-27T13:03:46.0471989Z 
2025-12-27T13:03:46.0472347Z #10 [internal] load build context
2025-12-27T13:03:46.0473280Z #10 transferring context: 692.98kB 0.0s done
2025-12-27T13:03:46.0473566Z #10 DONE 0.0s
2025-12-27T13:03:46.0474182Z 
2025-12-27T13:03:46.0474731Z #11 [builder 1/9] FROM docker.io/library/node:20-alpine@sha256:658d0f63e501824d6c23e06d4bb95c71e7d704537c9d9272f488ac03a370d448
2025-12-27T13:03:46.0475710Z #11 resolve docker.io/library/node:20-alpine@sha256:658d0f63e501824d6c23e06d4bb95c71e7d704537c9d9272f488ac03a370d448 done
2025-12-27T13:03:46.0476453Z #11 sha256:fd1849a5c548bc65ee47a64498951bda5d40e87d08efe9dca69b5c8cdedc7a52 0B / 443B 0.1s
2025-12-27T13:03:46.0477104Z #11 sha256:658d0f63e501824d6c23e06d4bb95c71e7d704537c9d9272f488ac03a370d448 7.67kB / 7.67kB done
2025-12-27T13:03:46.0478752Z #11 sha256:fcbb8f7d018707c656a4da2eea8a15f2893d2258093fea9ff2ea5ea1cba82112 1.72kB / 1.72kB done
2025-12-27T13:03:46.0479569Z #11 sha256:e80b0510ba947015cacddea3d23dcdc761e399971c074a1bf32eea7e44510524 6.52kB / 6.52kB done
2025-12-27T13:03:46.0480391Z #11 sha256:8d06ba6946d1f299d8f962e37906c77006df33d47050430a57f7893ec35af697 0B / 42.78MB 0.1s
2025-12-27T13:03:46.0480949Z #11 sha256:cb3325e64457574e24f92246e3da3376946e473d636209e1390eac47b50b26a3 0B / 1.26MB 0.1s
2025-12-27T13:03:46.2472838Z #11 sha256:fd1849a5c548bc65ee47a64498951bda5d40e87d08efe9dca69b5c8cdedc7a52 443B / 443B 0.2s done
2025-12-27T13:03:46.2474052Z #11 sha256:8d06ba6946d1f299d8f962e37906c77006df33d47050430a57f7893ec35af697 42.78MB / 42.78MB 0.3s done
2025-12-27T13:03:46.2475218Z #11 sha256:cb3325e64457574e24f92246e3da3376946e473d636209e1390eac47b50b26a3 1.26MB / 1.26MB 0.2s done
2025-12-27T13:03:46.3516506Z #11 extracting sha256:8d06ba6946d1f299d8f962e37906c77006df33d47050430a57f7893ec35af697
2025-12-27T13:03:47.4874765Z #11 ...
2025-12-27T13:03:47.4874991Z 
2025-12-27T13:03:47.4875646Z #12 [runner 1/2] FROM docker.io/library/nginx:1.25-alpine@sha256:516475cc129da42866742567714ddc681e5eed7b9ee0b9e9c015e464b4221a00
2025-12-27T13:03:47.4877034Z #12 resolve docker.io/library/nginx:1.25-alpine@sha256:516475cc129da42866742567714ddc681e5eed7b9ee0b9e9c015e464b4221a00 done
2025-12-27T13:03:47.4878490Z #12 sha256:501d84f5d06487ff81e506134dc922ed4fd2080d5521eb5b6ee4054fa17d15c4 10.80kB / 10.80kB done
2025-12-27T13:03:47.4879518Z #12 sha256:516475cc129da42866742567714ddc681e5eed7b9ee0b9e9c015e464b4221a00 9.07kB / 9.07kB done
2025-12-27T13:03:47.4880116Z #12 sha256:721fa00bc549df26b3e67cc558ff176112d4ba69847537766f3c28e171d180e7 2.50kB / 2.50kB done
2025-12-27T13:03:47.4880924Z #12 sha256:4abcf20661432fb2d719aaf90656f55c287f8ca915dc1c92ec14ff61e67fbaf8 3.41MB / 3.41MB 0.3s done
2025-12-27T13:03:47.4881839Z #12 sha256:fc21a1d387f514f53589abea6d67cd6b329dfd3c9059bc96a552af3b3c97b413 3.99MB / 3.99MB 0.4s done
2025-12-27T13:03:47.4882634Z #12 sha256:e6ef242c157026935bf8a69e6cf19f8f6635e44507c813daf0cc644f2e22396b 629B / 629B 0.5s done
2025-12-27T13:03:47.4883382Z #12 extracting sha256:4abcf20661432fb2d719aaf90656f55c287f8ca915dc1c92ec14ff61e67fbaf8 0.1s done
2025-12-27T13:03:47.4884052Z #12 sha256:13fcfbc94648785b918ecc1af675ac5187cdfc30f4fdaf9afa8bd2e9dedf548b 954B / 954B 0.5s done
2025-12-27T13:03:47.4884765Z #12 extracting sha256:fc21a1d387f514f53589abea6d67cd6b329dfd3c9059bc96a552af3b3c97b413 0.3s done
2025-12-27T13:03:47.4885590Z #12 sha256:5406ed7b06d9a94b5bd15843d2a1c7e38796a3ec5dc7f40f16f70cc1d045f453 1.21kB / 1.21kB 0.6s done
2025-12-27T13:03:47.4886473Z #12 sha256:d4bca490e609acaaf54ca73363442d31a31fd136a47a20a12370cf2025f0a10b 393B / 393B 0.5s done
2025-12-27T13:03:47.4887415Z #12 sha256:8a3742a9529dc5c00974dfcf5e465be9f1606ff8a1911527b3928cf86ad57465 1.40kB / 1.40kB 0.6s done
2025-12-27T13:03:47.4888228Z #12 sha256:0d0c16747d2c6b6c26c064652afcb964c15f1b1e596ec052b2aa19b83948ae27 13.04MB / 13.04MB 0.7s done
2025-12-27T13:03:47.4889066Z #12 extracting sha256:e6ef242c157026935bf8a69e6cf19f8f6635e44507c813daf0cc644f2e22396b done
2025-12-27T13:03:47.4889887Z #12 extracting sha256:13fcfbc94648785b918ecc1af675ac5187cdfc30f4fdaf9afa8bd2e9dedf548b done
2025-12-27T13:03:47.4890841Z #12 extracting sha256:d4bca490e609acaaf54ca73363442d31a31fd136a47a20a12370cf2025f0a10b done
2025-12-27T13:03:47.4891849Z #12 extracting sha256:5406ed7b06d9a94b5bd15843d2a1c7e38796a3ec5dc7f40f16f70cc1d045f453 done
2025-12-27T13:03:47.4892851Z #12 extracting sha256:8a3742a9529dc5c00974dfcf5e465be9f1606ff8a1911527b3928cf86ad57465 done
2025-12-27T13:03:47.4893600Z #12 extracting sha256:0d0c16747d2c6b6c26c064652afcb964c15f1b1e596ec052b2aa19b83948ae27 0.3s done
2025-12-27T13:03:47.4894143Z #12 DONE 1.4s
2025-12-27T13:03:47.4894334Z 
2025-12-27T13:03:47.4894703Z #11 [builder 1/9] FROM docker.io/library/node:20-alpine@sha256:658d0f63e501824d6c23e06d4bb95c71e7d704537c9d9272f488ac03a370d448
2025-12-27T13:03:47.4895679Z #11 extracting sha256:8d06ba6946d1f299d8f962e37906c77006df33d47050430a57f7893ec35af697 1.2s done
2025-12-27T13:03:47.6113490Z #11 extracting sha256:cb3325e64457574e24f92246e3da3376946e473d636209e1390eac47b50b26a3 0.0s done
2025-12-27T13:03:47.8250823Z #11 extracting sha256:fd1849a5c548bc65ee47a64498951bda5d40e87d08efe9dca69b5c8cdedc7a52 done
2025-12-27T13:03:47.8251658Z #11 DONE 1.7s
2025-12-27T13:03:47.8251872Z 
2025-12-27T13:03:47.8252022Z #13 [builder 2/9] WORKDIR /app
2025-12-27T13:03:47.8252386Z #13 DONE 0.0s
2025-12-27T13:03:47.8252821Z 
2025-12-27T13:03:47.8253013Z #14 [builder 3/9] RUN npm install -g pnpm
2025-12-27T13:03:48.9528738Z #14 1.278 
2025-12-27T13:03:48.9529123Z #14 1.278 added 1 package in 1s
2025-12-27T13:03:48.9529467Z #14 1.278 
2025-12-27T13:03:49.1915625Z #14 1.278 1 package is looking for funding
2025-12-27T13:03:49.1916289Z #14 1.278   run `npm fund` for details
2025-12-27T13:03:49.1916682Z #14 1.280 npm notice
2025-12-27T13:03:49.1917141Z #14 1.280 npm notice New major version of npm available! 10.8.2 -> 11.7.0
2025-12-27T13:03:49.1918065Z #14 1.280 npm notice Changelog: https://github.com/npm/cli/releases/tag/v11.7.0
2025-12-27T13:03:49.1918744Z #14 1.280 npm notice To update run: npm install -g npm@11.7.0
2025-12-27T13:03:49.1919257Z #14 1.280 npm notice
2025-12-27T13:03:49.1919595Z #14 DONE 1.3s
2025-12-27T13:03:49.1919759Z 
2025-12-27T13:03:49.1920041Z #15 [builder 4/9] COPY web/package.json web/package-lock.json* ./web/
2025-12-27T13:03:49.1920560Z #15 DONE 0.0s
2025-12-27T13:03:49.1920730Z 
2025-12-27T13:03:49.1920900Z #16 [builder 5/9] COPY daisyUI.template.css ./
2025-12-27T13:03:49.1921334Z #16 DONE 0.0s
2025-12-27T13:03:49.1921500Z 
2025-12-27T13:03:49.1921647Z #17 [builder 6/9] WORKDIR /app/web
2025-12-27T13:03:49.1922016Z #17 DONE 0.0s
2025-12-27T13:03:49.1922181Z 
2025-12-27T13:03:49.1922327Z #18 [builder 7/9] RUN pnpm install
2025-12-27T13:03:49.7790915Z #18 0.738 Progress: resolved 1, reused 0, downloaded 0, added 0
2025-12-27T13:03:50.2159209Z #18 1.174  WARN  deprecated eslint@8.57.1: This version is no longer supported. Please see https://eslint.org/version-support for other options.
2025-12-27T13:03:50.8160138Z #18 1.775 Progress: resolved 33, reused 0, downloaded 32, added 0
2025-12-27T13:03:51.8163835Z #18 2.775 Progress: resolved 157, reused 0, downloaded 139, added 0
2025-12-27T13:03:52.8174095Z #18 3.776 Progress: resolved 347, reused 0, downloaded 316, added 0
2025-12-27T13:03:53.8210299Z #18 4.780 Progress: resolved 458, reused 0, downloaded 428, added 0
2025-12-27T13:03:54.8221643Z #18 5.781 Progress: resolved 653, reused 0, downloaded 567, added 0
2025-12-27T13:03:55.3585117Z #18 6.317  WARN  5 deprecated subdependencies found: @humanwhocodes/config-array@0.13.0, @humanwhocodes/object-schema@2.0.3, glob@7.2.3, inflight@1.0.6, rimraf@3.0.2
2025-12-27T13:03:55.5354777Z #18 6.344 Packages: +672
2025-12-27T13:03:55.5355147Z #18 6.344 ++++++++++++++++++++++++++++++++++++++++++++++++++++++++++++++++++++++++++++++++
2025-12-27T13:03:55.8231669Z #18 6.781 Progress: resolved 715, reused 0, downloaded 672, added 401
2025-12-27T13:03:55.9553397Z #18 6.914 Progress: resolved 715, reused 0, downloaded 672, added 672, done
2025-12-27T13:03:56.3346132Z #18 7.293 
2025-12-27T13:03:56.3346531Z #18 7.293 dependencies:
2025-12-27T13:03:56.3347055Z #18 7.293 + @twa-dev/sdk 7.10.1 (8.0.2 is available)
2025-12-27T13:03:56.3347877Z #18 7.293 + axios 1.13.2
2025-12-27T13:03:56.3348276Z #18 7.293 + pinia 2.3.1 (3.0.4 is available)
2025-12-27T13:03:56.3348714Z #18 7.293 + vue 3.5.26
2025-12-27T13:03:56.3349079Z #18 7.293 + vue-router 4.6.4
2025-12-27T13:03:56.3349408Z #18 7.293 
2025-12-27T13:03:56.3349693Z #18 7.293 devDependencies:
2025-12-27T13:03:56.3350087Z #18 7.293 + @rushstack/eslint-patch 1.15.0
2025-12-27T13:03:56.3350568Z #18 7.293 + @testing-library/jest-dom 6.9.1
2025-12-27T13:03:56.3351028Z #18 7.293 + @testing-library/vue 8.1.0
2025-12-27T13:03:56.3351508Z #18 7.293 + @types/node 20.19.27 (25.0.3 is available)
2025-12-27T13:03:56.3352056Z #18 7.293 + @vitejs/plugin-vue 5.2.4 (6.0.3 is available)
2025-12-27T13:03:56.3352595Z #18 7.293 + @vitest/coverage-v8 1.6.1 (4.0.16 is available)
2025-12-27T13:03:56.3353095Z #18 7.293 + @vitest/ui 1.6.1 (4.0.16 is available)
2025-12-27T13:03:56.3353634Z #18 7.293 + @vue/eslint-config-prettier 9.0.0 (10.2.0 is available)
2025-12-27T13:03:56.3354571Z #18 7.293 + @vue/eslint-config-typescript 13.0.0 (14.6.0 is available)
2025-12-27T13:03:56.3355129Z #18 7.293 + @vue/test-utils 2.4.6
2025-12-27T13:03:56.3355525Z #18 7.293 + autoprefixer 10.4.23
2025-12-27T13:03:56.3356148Z #18 7.293 + cypress 13.17.0 (15.8.1 is available)
2025-12-27T13:03:56.3356600Z #18 7.293 + daisyui 4.12.24 (5.5.14 is available)
2025-12-27T13:03:56.3357090Z #18 7.293 + eslint 8.57.1 (9.39.2 is available) deprecated
2025-12-27T13:03:56.3357859Z #18 7.293 + eslint-plugin-vue 9.33.0 (10.6.2 is available)
2025-12-27T13:03:56.3358352Z #18 7.293 + jsdom 24.1.3 (27.4.0 is available)
2025-12-27T13:03:56.3358757Z #18 7.293 + postcss 8.5.6
2025-12-27T13:03:56.3359109Z #18 7.293 + prettier 3.7.4
2025-12-27T13:03:56.3359464Z #18 7.293 + stylelint 16.26.1
2025-12-27T13:03:56.3359972Z #18 7.293 + stylelint-config-standard 36.0.1 (39.0.1 is available)
2025-12-27T13:03:56.3360543Z #18 7.293 + stylelint-config-standard-vue 1.0.0
2025-12-27T13:03:56.3361054Z #18 7.293 + stylelint-order 6.0.4 (7.0.0 is available)
2025-12-27T13:03:56.3361544Z #18 7.293 + tailwindcss 3.4.19 (4.1.18 is available)
2025-12-27T13:03:56.3362003Z #18 7.293 + type-fest 4.41.0 (5.3.1 is available)
2025-12-27T13:03:56.3362432Z #18 7.293 + typescript 5.9.3
2025-12-27T13:03:56.3362814Z #18 7.293 + vite 5.4.21 (7.3.0 is available)
2025-12-27T13:03:56.3363248Z #18 7.293 + vitest 1.6.1 (4.0.16 is available)
2025-12-27T13:03:56.3363683Z #18 7.293 + vue-tsc 2.2.12 (3.2.1 is available)
2025-12-27T13:03:56.3364089Z #18 7.293 
2025-12-27T13:03:56.5034416Z #18 7.297 ╭ Warning ─────────────────────────────────────────────────────────────────────╮
2025-12-27T13:03:56.5035470Z #18 7.297 │                                                                              │
2025-12-27T13:03:56.5036429Z #18 7.297 │   Ignored build scripts: cypress@13.17.0, esbuild@0.21.5,                    │
2025-12-27T13:03:56.5037526Z #18 7.297 │   vue-demi@0.14.10.                                                          │
2025-12-27T13:03:56.5038446Z #18 7.297 │   Run "pnpm approve-builds" to pick which dependencies should be allowed     │
2025-12-27T13:03:56.5039419Z #18 7.297 │   to run scripts.                                                            │
2025-12-27T13:03:56.8281137Z #18 7.297 │                                                                              │
2025-12-27T13:03:56.8282000Z #18 7.297 ╰──────────────────────────────────────────────────────────────────────────────╯
2025-12-27T13:03:56.8282548Z #18 7.311 Done in 7.1s using pnpm v10.26.2
2025-12-27T13:03:56.8282959Z #18 DONE 7.8s
2025-12-27T13:03:56.9982547Z 
2025-12-27T13:03:56.9982923Z #19 [builder 8/9] COPY web ./
2025-12-27T13:03:56.9983291Z #19 DONE 0.0s
2025-12-27T13:03:56.9983465Z 
2025-12-27T13:03:56.9983567Z #20 [builder 9/9] RUN pnpm run build
2025-12-27T13:03:57.3572658Z #20 0.509 
2025-12-27T13:03:57.3573095Z #20 0.509 > tg-miniapp-web@0.1.0 build /app/web
2025-12-27T13:03:57.3573545Z #20 0.509 > vite build
2025-12-27T13:03:57.3573759Z #20 0.509 
2025-12-27T13:03:57.6751403Z #20 0.827 vite v5.4.21 building for production...
2025-12-27T13:03:57.7894429Z #20 0.942 transforming...
2025-12-27T13:03:58.6665739Z #20 1.819 
2025-12-27T13:03:58.8188800Z #20 1.819 🌼   daisyUI 4.12.24
2025-12-27T13:03:58.8616289Z #20 2.014 ├─ ✔︎ 1 theme added		https://daisyui.com/docs/themes
2025-12-27T13:03:59.0121949Z #20 2.014 ╰─ ❤︎ Support daisyUI project:	https://opencollective.com/daisyui
2025-12-27T13:03:59.0122373Z #20 2.014 
2025-12-27T13:04:00.8733702Z #20 4.025 ✓ 119 modules transformed.
2025-12-27T13:04:01.0118454Z #20 4.164 rendering chunks...
2025-12-27T13:04:01.1612062Z #20 4.247 computing gzip size...
2025-12-27T13:04:01.1615677Z #20 4.259 dist/index.html                                      1.70 kB │ gzip:  0.78 kB
2025-12-27T13:04:01.1617209Z #20 4.259 dist/assets/TaskDetailPage-0yIuNWXC.css              1.17 kB │ gzip:  0.52 kB
2025-12-27T13:04:01.1619998Z #20 4.259 dist/assets/OnboardingPage-DQDgKyDZ.css              4.94 kB │ gzip:  1.38 kB
2025-12-27T13:04:01.1621421Z #20 4.260 dist/assets/index-C3hmJXWP.css                     115.77 kB │ gzip: 18.73 kB
2025-12-27T13:04:01.1622485Z #20 4.260 dist/assets/_plugin-vue_export-helper-DlAUqK2U.js    0.09 kB │ gzip:  0.10 kB
2025-12-27T13:04:01.1623760Z #20 4.260 dist/assets/notion-DfOqwy7a.js                       0.12 kB │ gzip:  0.13 kB
2025-12-27T13:04:01.1624705Z #20 4.260 dist/assets/task-Cbj8-STT.js                         0.41 kB │ gzip:  0.22 kB
2025-12-27T13:04:01.1625648Z #20 4.260 dist/assets/group-B7nPD5HC.js                        0.42 kB │ gzip:  0.21 kB
2025-12-27T13:04:01.1626604Z #20 4.260 dist/assets/useSwipeBack-BU0l0BUJ.js                 0.83 kB │ gzip:  0.40 kB
2025-12-27T13:04:01.1627799Z #20 4.260 dist/assets/OnboardingPage-8KrZLsSC.js               3.13 kB │ gzip:  1.79 kB
2025-12-27T13:04:01.1628819Z #20 4.260 dist/assets/GroupListPage-C3pU1SCl.js                3.66 kB │ gzip:  1.88 kB
2025-12-27T13:04:01.1636284Z #20 4.260 dist/assets/GroupBindPage-L4srcfpZ.js                4.65 kB │ gzip:  1.97 kB
2025-12-27T13:04:01.1637508Z #20 4.260 dist/assets/SettingsPage-BEQNEv2B.js                 7.37 kB │ gzip:  2.84 kB
2025-12-27T13:04:01.1638530Z #20 4.260 dist/assets/HomePage-JqS4uOPk.js                    11.12 kB │ gzip:  4.20 kB
2025-12-27T13:04:01.1639524Z #20 4.260 dist/assets/TaskDetailPage-ahpV2Cv2.js              26.27 kB │ gzip:  8.38 kB
2025-12-27T13:04:01.1640508Z #20 4.260 dist/assets/index-DYIme0uB.js                      187.32 kB │ gzip: 69.06 kB
2025-12-27T13:04:01.1641175Z #20 4.261 ✓ built in 3.40s
2025-12-27T13:04:01.1641496Z #20 DONE 4.3s
2025-12-27T13:04:01.6390869Z 
2025-12-27T13:04:01.6391626Z #21 [runner 2/2] COPY --from=builder /app/web/dist /usr/share/nginx/html
2025-12-27T13:04:01.8044604Z #21 DONE 0.0s
2025-12-27T13:04:01.8044813Z 
2025-12-27T13:04:01.8044926Z #22 exporting to image
2025-12-27T13:04:01.8045183Z #22 exporting layers
2025-12-27T13:04:02.0052688Z #22 exporting layers 0.4s done
2025-12-27T13:04:02.1742508Z #22 writing image sha256:1483e4c676c4ea8dadeab2fe930a332e1b1b59bc0da5a1f93663f83edcaa7876 done
2025-12-27T13:04:02.1743332Z #22 naming to ghcr.io/layababa/tg_todo_web:latest done
2025-12-27T13:04:02.1743654Z #22 DONE 0.4s
2025-12-27T13:04:02.1743769Z 
2025-12-27T13:04:02.1743880Z #23 resolving provenance for metadata file
2025-12-27T13:04:02.1744184Z #23 DONE 0.0s
2025-12-27T13:04:02.1744291Z 
2025-12-27T13:04:02.1744448Z #24 pushing ghcr.io/layababa/tg_todo_web:latest with docker
2025-12-27T13:04:02.1744797Z #24 pushing layer 50d4e3ca86c6
2025-12-27T13:04:02.3246475Z #24 pushing layer ce495f7b0b7d
2025-12-27T13:04:02.3247020Z #24 pushing layer 9c70f446fbe2
2025-12-27T13:04:02.3247566Z #24 pushing layer 5be225e16e44
2025-12-27T13:04:02.3247927Z #24 pushing layer 3d04ead9b400
2025-12-27T13:04:02.3248199Z #24 pushing layer af5598fef05f
2025-12-27T13:04:02.3248429Z #24 pushing layer 8fbd5a835e5e
2025-12-27T13:04:02.3248663Z #24 pushing layer 75061be64847
2025-12-27T13:04:02.3248899Z #24 pushing layer d4fc045c9e3a
2025-12-27T13:04:02.7693819Z #24 pushing layer 50d4e3ca86c6 386.05kB / 369.97kB 0.5s
2025-12-27T13:04:03.9544497Z #24 pushing layer 50d4e3ca86c6 1.8s done
2025-12-27T13:04:06.2697853Z #24 pushing layer ce495f7b0b7d 4.1s done
2025-12-27T13:04:06.4202373Z #24 pushing layer 9c70f446fbe2 4.1s done
2025-12-27T13:04:06.4202916Z #24 pushing layer 5be225e16e44 4.1s done
2025-12-27T13:04:06.4203373Z #24 pushing layer 3d04ead9b400 4.1s done
2025-12-27T13:04:06.4203821Z #24 pushing layer af5598fef05f 4.1s done
2025-12-27T13:04:06.4204268Z #24 pushing layer 8fbd5a835e5e 4.1s done
2025-12-27T13:04:06.4204718Z #24 pushing layer 75061be64847 4.1s done
2025-12-27T13:04:06.4205162Z #24 pushing layer d4fc045c9e3a 4.1s done
2025-12-27T13:04:06.4205569Z #24 DONE 4.2s
2025-12-27T13:04:07.5984389Z ##[group]ImageID
2025-12-27T13:04:07.5984838Z sha256:1483e4c676c4ea8dadeab2fe930a332e1b1b59bc0da5a1f93663f83edcaa7876
2025-12-27T13:04:07.5986014Z ##[endgroup]
2025-12-27T13:04:07.5986484Z ##[group]Digest
2025-12-27T13:04:07.5986953Z sha256:d87025b358ff9246293fc7cd459c912fd1d5d89fd82ce202c3dac6a712ee0875
2025-12-27T13:04:07.5989534Z ##[endgroup]
2025-12-27T13:04:07.5990085Z ##[group]Metadata
2025-12-27T13:04:07.5990779Z {
2025-12-27T13:04:07.5991085Z   "buildx.build.provenance": {
2025-12-27T13:04:07.5991442Z     "builder": {
2025-12-27T13:04:07.5991956Z       "id": ""
2025-12-27T13:04:07.5992220Z     },
2025-12-27T13:04:07.5992573Z     "buildType": "https://mobyproject.org/buildkit@v1",
2025-12-27T13:04:07.5993004Z     "materials": [
2025-12-27T13:04:07.5993179Z       {
2025-12-27T13:04:07.5993366Z         "uri": "pkg:docker/docker/dockerfile@1.6",
2025-12-27T13:04:07.5993620Z         "digest": {
2025-12-27T13:04:07.5993909Z           "sha256": "ac85f380a63b13dfcefa89046420e1781752bab202122f8f50032edf31be0021"
2025-12-27T13:04:07.5994250Z         }
2025-12-27T13:04:07.5994394Z       },
2025-12-27T13:04:07.5994556Z       {
2025-12-27T13:04:07.5994776Z         "uri": "pkg:docker/nginx@1.25-alpine?platform=linux%2Famd64",
2025-12-27T13:04:07.5995051Z         "digest": {
2025-12-27T13:04:07.5995340Z           "sha256": "516475cc129da42866742567714ddc681e5eed7b9ee0b9e9c015e464b4221a00"
2025-12-27T13:04:07.5995670Z         }
2025-12-27T13:04:07.5995809Z       },
2025-12-27T13:04:07.5995953Z       {
2025-12-27T13:04:07.5996157Z         "uri": "pkg:docker/node@20-alpine?platform=linux%2Famd64",
2025-12-27T13:04:07.5996434Z         "digest": {
2025-12-27T13:04:07.5996704Z           "sha256": "658d0f63e501824d6c23e06d4bb95c71e7d704537c9d9272f488ac03a370d448"
2025-12-27T13:04:07.5997026Z         }
2025-12-27T13:04:07.5997163Z       }
2025-12-27T13:04:07.5997770Z     ],
2025-12-27T13:04:07.5997935Z     "invocation": {
2025-12-27T13:04:07.5998124Z       "configSource": {
2025-12-27T13:04:07.5998333Z         "entryPoint": "Dockerfile"
2025-12-27T13:04:07.5998541Z       },
2025-12-27T13:04:07.5998701Z       "parameters": {
2025-12-27T13:04:07.5998889Z         "frontend": "gateway.v0",
2025-12-27T13:04:07.5999096Z         "args": {
2025-12-27T13:04:07.5999374Z           "build-arg:VITE_API_BASE_URL": "https://ddddapiprod.zcvyzest.xyz",
2025-12-27T13:04:07.5999742Z           "cmdline": "docker/dockerfile:1.6",
2025-12-27T13:04:07.5999996Z           "source": "docker/dockerfile:1.6"
2025-12-27T13:04:07.6000220Z         },
2025-12-27T13:04:07.6000373Z         "locals": [
2025-12-27T13:04:07.6000537Z           {
2025-12-27T13:04:07.6000698Z             "name": "context"
2025-12-27T13:04:07.6000884Z           },
2025-12-27T13:04:07.6001033Z           {
2025-12-27T13:04:07.6001187Z             "name": "dockerfile"
2025-12-27T13:04:07.6001384Z           }
2025-12-27T13:04:07.6001524Z         ]
2025-12-27T13:04:07.6001668Z       },
2025-12-27T13:04:07.6001816Z       "environment": {
2025-12-27T13:04:07.6002013Z         "platform": "linux/amd64"
2025-12-27T13:04:07.6002216Z       }
2025-12-27T13:04:07.6002362Z     }
2025-12-27T13:04:07.6002503Z   },
2025-12-27T13:04:07.6002747Z   "buildx.build.ref": "default/default/9oy48dpjxozdvgk6cnlipmreh",
2025-12-27T13:04:07.6003297Z   "containerimage.config.digest": "sha256:1483e4c676c4ea8dadeab2fe930a332e1b1b59bc0da5a1f93663f83edcaa7876",
2025-12-27T13:04:07.6003944Z   "containerimage.digest": "sha256:d87025b358ff9246293fc7cd459c912fd1d5d89fd82ce202c3dac6a712ee0875",
2025-12-27T13:04:07.6004406Z   "image.name": "ghcr.io/layababa/tg_todo_web:latest"
2025-12-27T13:04:07.6004660Z }
2025-12-27T13:04:07.6004953Z ##[endgroup]
2025-12-27T13:04:07.6117022Z ##[group]Run appleboy/ssh-action@v1.0.3
2025-12-27T13:04:07.6117451Z with:
2025-12-27T13:04:07.6117615Z   port: 10321
2025-12-27T13:04:07.6118414Z   script: cd /root/tg_todo
git pull origin main
cd infra
# 使用环境变量替换镜像中的用户名（仅为占位符，由 docker compose 自动填充或在此注入）
export GITHUB_REPOSITORY_OWNER=layababa
docker compose -f docker-compose.prod.yml pull
docker compose -f docker-compose.prod.yml up -d
docker image prune -f

2025-12-27T13:04:07.6119235Z   timeout: 30s
2025-12-27T13:04:07.6119403Z   command_timeout: 10m
2025-12-27T13:04:07.6119591Z   proxy_port: 22
2025-12-27T13:04:07.6119764Z   proxy_timeout: 30s
2025-12-27T13:04:07.6119932Z env:
2025-12-27T13:04:07.6120082Z   GO_VERSION: 1.21.x
2025-12-27T13:04:07.6120251Z   NODE_VERSION: 20.x
2025-12-27T13:04:07.6120421Z ##[endgroup]
2025-12-27T13:04:07.6221064Z ##[command]/usr/bin/docker run --name da682dcb7b791d4b643ff9d854abb8d11b16e_05d0a8 --label 8da682 --workdir /github/workspace --rm -e "GO_VERSION" -e "NODE_VERSION" -e "INPUT_HOST" -e "INPUT_USERNAME" -e "INPUT_KEY" -e "INPUT_PORT" -e "INPUT_SCRIPT" -e "INPUT_PASSPHRASE" -e "INPUT_PASSWORD" -e "INPUT_SYNC" -e "INPUT_USE_INSECURE_CIPHER" -e "INPUT_CIPHER" -e "INPUT_TIMEOUT" -e "INPUT_COMMAND_TIMEOUT" -e "INPUT_KEY_PATH" -e "INPUT_FINGERPRINT" -e "INPUT_PROXY_HOST" -e "INPUT_PROXY_PORT" -e "INPUT_PROXY_USERNAME" -e "INPUT_PROXY_PASSWORD" -e "INPUT_PROXY_PASSPHRASE" -e "INPUT_PROXY_TIMEOUT" -e "INPUT_PROXY_KEY" -e "INPUT_PROXY_KEY_PATH" -e "INPUT_PROXY_FINGERPRINT" -e "INPUT_PROXY_CIPHER" -e "INPUT_PROXY_USE_INSECURE_CIPHER" -e "INPUT_SCRIPT_STOP" -e "INPUT_ENVS" -e "INPUT_ENVS_FORMAT" -e "INPUT_DEBUG" -e "INPUT_ALLENVS" -e "INPUT_REQUEST_PTY" -e "HOME" -e "GITHUB_JOB" -e "GITHUB_REF" -e "GITHUB_SHA" -e "GITHUB_REPOSITORY" -e "GITHUB_REPOSITORY_OWNER" -e "GITHUB_REPOSITORY_OWNER_ID" -e "GITHUB_RUN_ID" -e "GITHUB_RUN_NUMBER" -e "GITHUB_RETENTION_DAYS" -e "GITHUB_RUN_ATTEMPT" -e "GITHUB_ACTOR_ID" -e "GITHUB_ACTOR" -e "GITHUB_WORKFLOW" -e "GITHUB_HEAD_REF" -e "GITHUB_BASE_REF" -e "GITHUB_EVENT_NAME" -e "GITHUB_SERVER_URL" -e "GITHUB_API_URL" -e "GITHUB_GRAPHQL_URL" -e "GITHUB_REF_NAME" -e "GITHUB_REF_PROTECTED" -e "GITHUB_REF_TYPE" -e "GITHUB_WORKFLOW_REF" -e "GITHUB_WORKFLOW_SHA" -e "GITHUB_REPOSITORY_ID" -e "GITHUB_TRIGGERING_ACTOR" -e "GITHUB_WORKSPACE" -e "GITHUB_ACTION" -e "GITHUB_EVENT_PATH" -e "GITHUB_ACTION_REPOSITORY" -e "GITHUB_ACTION_REF" -e "GITHUB_PATH" -e "GITHUB_ENV" -e "GITHUB_STEP_SUMMARY" -e "GITHUB_STATE" -e "GITHUB_OUTPUT" -e "RUNNER_OS" -e "RUNNER_ARCH" -e "RUNNER_NAME" -e "RUNNER_ENVIRONMENT" -e "RUNNER_TOOL_CACHE" -e "RUNNER_TEMP" -e "RUNNER_WORKSPACE" -e "ACTIONS_RUNTIME_URL" -e "ACTIONS_RUNTIME_TOKEN" -e "ACTIONS_CACHE_URL" -e "ACTIONS_RESULTS_URL" -e GITHUB_ACTIONS=true -e CI=true -v "/var/run/docker.sock":"/var/run/docker.sock" -v "/home/runner/work/_temp":"/github/runner_temp" -v "/home/runner/work/_temp/_github_home":"/github/home" -v "/home/runner/work/_temp/_github_workflow":"/github/workflow" -v "/home/runner/work/_temp/_runner_file_commands":"/github/file_commands" -v "/home/runner/work/tg_todo/tg_todo":"/github/workspace" 8da682:dcb7b791d4b643ff9d854abb8d11b16e
2025-12-27T13:04:07.7779910Z 2025/12/27 13:04:07 Error: missing server host
2025-12-27T13:04:07.8510282Z Post job cleanup.
2025-12-27T13:04:08.0780310Z ##[group]Removing temp folder /home/runner/work/_temp/docker-actions-toolkit-SobAzz
2025-12-27T13:04:08.0793883Z ##[endgroup]
2025-12-27T13:04:08.0794462Z ##[group]Post cache
2025-12-27T13:04:08.0796130Z State not set
2025-12-27T13:04:08.0796710Z ##[endgroup]
2025-12-27T13:04:08.0921236Z Post job cleanup.
2025-12-27T13:04:08.3241390Z ##[group]Removing temp folder /home/runner/work/_temp/docker-actions-toolkit-7l3Jxf
2025-12-27T13:04:08.3255549Z ##[endgroup]
2025-12-27T13:04:08.3256354Z ##[group]Post cache
2025-12-27T13:04:08.3258680Z State not set
2025-12-27T13:04:08.3259252Z ##[endgroup]
2025-12-27T13:04:08.3360713Z Post job cleanup.
2025-12-27T13:04:08.6383397Z [command]/usr/bin/docker logout ghcr.io
2025-12-27T13:04:08.6514334Z Removing login credentials for ghcr.io
2025-12-27T13:04:08.6546855Z ##[group]Post cache
2025-12-27T13:04:08.6548597Z State not set
2025-12-27T13:04:08.6549615Z ##[endgroup]
2025-12-27T13:04:08.6679605Z Post job cleanup.
2025-12-27T13:04:08.7598442Z [command]/usr/bin/git version
2025-12-27T13:04:08.7633294Z git version 2.52.0
2025-12-27T13:04:08.7675271Z Temporarily overriding HOME='/home/runner/work/_temp/03205c2c-6531-4802-9fa9-a6b3d3d0a26b' before making global git config changes
2025-12-27T13:04:08.7676133Z Adding repository directory to the temporary git global config as a safe directory
2025-12-27T13:04:08.7680744Z [command]/usr/bin/git config --global --add safe.directory /home/runner/work/tg_todo/tg_todo
2025-12-27T13:04:08.7714339Z [command]/usr/bin/git config --local --name-only --get-regexp core\.sshCommand
2025-12-27T13:04:08.7745220Z [command]/usr/bin/git submodule foreach --recursive sh -c "git config --local --name-only --get-regexp 'core\.sshCommand' && git config --local --unset-all 'core.sshCommand' || :"
2025-12-27T13:04:08.7971424Z [command]/usr/bin/git config --local --name-only --get-regexp http\.https\:\/\/github\.com\/\.extraheader
2025-12-27T13:04:08.7991348Z http.https://github.com/.extraheader
2025-12-27T13:04:08.8003017Z [command]/usr/bin/git config --local --unset-all http.https://github.com/.extraheader
2025-12-27T13:04:08.8033967Z [command]/usr/bin/git submodule foreach --recursive sh -c "git config --local --name-only --get-regexp 'http\.https\:\/\/github\.com\/\.extraheader' && git config --local --unset-all 'http.https://github.com/.extraheader' || :"
2025-12-27T13:04:08.8247457Z [command]/usr/bin/git config --local --name-only --get-regexp ^includeIf\.gitdir:
2025-12-27T13:04:08.8277638Z [command]/usr/bin/git submodule foreach --recursive git config --local --show-origin --name-only --get-regexp remote.origin.url
2025-12-27T13:04:08.8592034Z Cleaning up orphan processes
