2025-12-27T14:58:00.4716234Z Current runner version: '2.330.0'
2025-12-27T14:58:00.4742066Z ##[group]Runner Image Provisioner
2025-12-27T14:58:00.4743421Z Hosted Compute Agent
2025-12-27T14:58:00.4744858Z Version: 20251211.462
2025-12-27T14:58:00.4745980Z Commit: 6cbad8c2bb55d58165063d031ccabf57e2d2db61
2025-12-27T14:58:00.4747293Z Build Date: 2025-12-11T16:28:49Z
2025-12-27T14:58:00.4748500Z Worker ID: {0d117a2c-d6de-48fd-abc0-c531a34b23d5}
2025-12-27T14:58:00.4749758Z ##[endgroup]
2025-12-27T14:58:00.4750867Z ##[group]Operating System
2025-12-27T14:58:00.4751922Z Ubuntu
2025-12-27T14:58:00.4752907Z 24.04.3
2025-12-27T14:58:00.4753887Z LTS
2025-12-27T14:58:00.4755110Z ##[endgroup]
2025-12-27T14:58:00.4756182Z ##[group]Runner Image
2025-12-27T14:58:00.4757299Z Image: ubuntu-24.04
2025-12-27T14:58:00.4758315Z Version: 20251215.174.1
2025-12-27T14:58:00.4759993Z Included Software: https://github.com/actions/runner-images/blob/ubuntu24/20251215.174/images/ubuntu/Ubuntu2404-Readme.md
2025-12-27T14:58:00.4762312Z Image Release: https://github.com/actions/runner-images/releases/tag/ubuntu24%2F20251215.174
2025-12-27T14:58:00.4763908Z ##[endgroup]
2025-12-27T14:58:00.4766206Z ##[group]GITHUB_TOKEN Permissions
2025-12-27T14:58:00.4768554Z Contents: read
2025-12-27T14:58:00.4769771Z Metadata: read
2025-12-27T14:58:00.4770832Z Packages: write
2025-12-27T14:58:00.4771929Z ##[endgroup]
2025-12-27T14:58:00.4774880Z Secret source: Actions
2025-12-27T14:58:00.4776201Z Prepare workflow directory
2025-12-27T14:58:00.5310624Z Prepare all required actions
2025-12-27T14:58:00.5365837Z Getting action download info
2025-12-27T14:58:00.8685031Z Download action repository 'actions/checkout@v4' (SHA:34e114876b0b11c390a56381ad16ebd13914f8d5)
2025-12-27T14:58:00.9942702Z Download action repository 'docker/login-action@v3' (SHA:5e57cd118135c172c3672efd75eb46360885c0ef)
2025-12-27T14:58:01.4680890Z Download action repository 'docker/build-push-action@v5' (SHA:ca052bb54ab0790a636c9b5f226502c73d547a25)
2025-12-27T14:58:01.9234766Z Download action repository 'appleboy/ssh-action@v1.0.3' (SHA:029f5b4aeeeb58fdfe1410a5d17f967dacf36262)
2025-12-27T14:58:02.3577678Z Complete job name: Build & Push to GHCR
2025-12-27T14:58:02.4118773Z ##[group]Build container for action use: '/home/runner/work/_actions/appleboy/ssh-action/v1.0.3/Dockerfile'.
2025-12-27T14:58:02.4175126Z ##[command]/usr/bin/docker build -t dab9d3:874c89ad0243448dadb5c3f8335a55e3 -f "/home/runner/work/_actions/appleboy/ssh-action/v1.0.3/Dockerfile" "/home/runner/work/_actions/appleboy/ssh-action/v1.0.3"
2025-12-27T14:58:02.9275716Z #0 building with "default" instance using docker driver
2025-12-27T14:58:02.9277157Z 
2025-12-27T14:58:02.9278339Z #1 [internal] load build definition from Dockerfile
2025-12-27T14:58:02.9280675Z #1 transferring dockerfile: 149B done
2025-12-27T14:58:02.9282739Z #1 DONE 0.0s
2025-12-27T14:58:02.9283535Z 
2025-12-27T14:58:02.9285005Z #2 [internal] load metadata for ghcr.io/appleboy/drone-ssh:1.7.3
2025-12-27T14:58:03.3196485Z #2 DONE 0.5s
2025-12-27T14:58:03.4349400Z 
2025-12-27T14:58:03.4350123Z #3 [internal] load .dockerignore
2025-12-27T14:58:03.4351183Z #3 transferring context: 2B done
2025-12-27T14:58:03.4352204Z #3 DONE 0.0s
2025-12-27T14:58:03.4352666Z 
2025-12-27T14:58:03.4353123Z #4 [internal] load build context
2025-12-27T14:58:03.4354075Z #4 transferring context: 108B done
2025-12-27T14:58:03.4355217Z #4 DONE 0.0s
2025-12-27T14:58:03.4355639Z 
2025-12-27T14:58:03.4356503Z #5 [1/2] FROM ghcr.io/appleboy/drone-ssh:1.7.3@sha256:179cbd253771007f2ebcaf7a3860afe059207351de1f3378efafac93bd310158
2025-12-27T14:58:03.4358339Z #5 resolve ghcr.io/appleboy/drone-ssh:1.7.3@sha256:179cbd253771007f2ebcaf7a3860afe059207351de1f3378efafac93bd310158 done
2025-12-27T14:58:03.4360095Z #5 extracting sha256:1207c741d8c9b028d98c4006013f9de959da3c55f85b91ed5e4583438a0112ca
2025-12-27T14:58:03.4361738Z #5 sha256:1a52f94820e830bc9734623deb03bbafa6a248fba19cdc2e5605c70d90d91441 1.24kB / 1.24kB done
2025-12-27T14:58:03.4363542Z #5 sha256:c4781b8d012b16b6c7468dc9104fad0a63f2a8815b2af8b7176bb544253ea8c7 3.86kB / 3.86kB done
2025-12-27T14:58:03.4365928Z #5 sha256:1207c741d8c9b028d98c4006013f9de959da3c55f85b91ed5e4583438a0112ca 3.38MB / 3.38MB 0.1s done
2025-12-27T14:58:03.4367683Z #5 sha256:654aaee5654be60f81172539ecd74485cf8bbe2e9137bab0d429862c31c676f6 284.83kB / 284.83kB 0.1s done
2025-12-27T14:58:03.4369462Z #5 sha256:7e20f48a19643465f486f59127b8f4e0f4114bedc8bd5260fb4f92d5fda95f1c 1.20kB / 1.20kB 0.1s done
2025-12-27T14:58:03.4371281Z #5 sha256:066e5b821e26d8313055e0314c056e6c297847bcf963e5df10e7aa03107f2246 125B / 125B 0.1s done
2025-12-27T14:58:03.4372714Z #5 sha256:47353a6f9201a145b687290e5ae0278ac269faf4bb61bee3e9246c37a8d74277 0B / 2.44MB 0.1s
2025-12-27T14:58:03.4374743Z #5 sha256:179cbd253771007f2ebcaf7a3860afe059207351de1f3378efafac93bd310158 2.38kB / 2.38kB done
2025-12-27T14:58:03.5348438Z #5 extracting sha256:1207c741d8c9b028d98c4006013f9de959da3c55f85b91ed5e4583438a0112ca 0.1s done
2025-12-27T14:58:03.5349969Z #5 sha256:47353a6f9201a145b687290e5ae0278ac269faf4bb61bee3e9246c37a8d74277 2.44MB / 2.44MB 0.1s done
2025-12-27T14:58:03.5351368Z #5 extracting sha256:654aaee5654be60f81172539ecd74485cf8bbe2e9137bab0d429862c31c676f6
2025-12-27T14:58:03.6948883Z #5 extracting sha256:654aaee5654be60f81172539ecd74485cf8bbe2e9137bab0d429862c31c676f6 0.0s done
2025-12-27T14:58:05.7310896Z #5 extracting sha256:7e20f48a19643465f486f59127b8f4e0f4114bedc8bd5260fb4f92d5fda95f1c
2025-12-27T14:58:05.9675912Z #5 extracting sha256:7e20f48a19643465f486f59127b8f4e0f4114bedc8bd5260fb4f92d5fda95f1c done
2025-12-27T14:58:05.9677019Z #5 extracting sha256:066e5b821e26d8313055e0314c056e6c297847bcf963e5df10e7aa03107f2246 done
2025-12-27T14:58:05.9678093Z #5 extracting sha256:47353a6f9201a145b687290e5ae0278ac269faf4bb61bee3e9246c37a8d74277 0.0s done
2025-12-27T14:58:05.9678804Z #5 DONE 2.5s
2025-12-27T14:58:05.9679004Z 
2025-12-27T14:58:05.9679201Z #6 [2/2] COPY entrypoint.sh /bin/entrypoint.sh
2025-12-27T14:58:05.9679666Z #6 DONE 0.0s
2025-12-27T14:58:05.9679866Z 
2025-12-27T14:58:05.9680028Z #7 exporting to image
2025-12-27T14:58:05.9680439Z #7 exporting layers
2025-12-27T14:58:06.0044913Z #7 exporting layers 0.2s done
2025-12-27T14:58:06.0244677Z #7 writing image sha256:b51f2f13f219b9949bac28446779170ff0406d26eaf9d57db22392f0d4d70085 done
2025-12-27T14:58:06.0246026Z #7 naming to docker.io/library/dab9d3:874c89ad0243448dadb5c3f8335a55e3 done
2025-12-27T14:58:06.0246911Z #7 DONE 0.2s
2025-12-27T14:58:06.0304855Z ##[endgroup]
2025-12-27T14:58:06.0584119Z ##[group]Run actions/checkout@v4
2025-12-27T14:58:06.0585023Z with:
2025-12-27T14:58:06.0585390Z   repository: layababa/tg_todo
2025-12-27T14:58:06.0585947Z   token: ***
2025-12-27T14:58:06.0586290Z   ssh-strict: true
2025-12-27T14:58:06.0586645Z   ssh-user: git
2025-12-27T14:58:06.0587003Z   persist-credentials: true
2025-12-27T14:58:06.0587378Z   clean: true
2025-12-27T14:58:06.0587727Z   sparse-checkout-cone-mode: true
2025-12-27T14:58:06.0588111Z   fetch-depth: 1
2025-12-27T14:58:06.0588451Z   fetch-tags: false
2025-12-27T14:58:06.0589017Z   show-progress: true
2025-12-27T14:58:06.0589386Z   lfs: false
2025-12-27T14:58:06.0589768Z   submodules: false
2025-12-27T14:58:06.0590132Z   set-safe-directory: true
2025-12-27T14:58:06.0590778Z env:
2025-12-27T14:58:06.0591139Z   GO_VERSION: 1.21.x
2025-12-27T14:58:06.0591492Z   NODE_VERSION: 20.x
2025-12-27T14:58:06.0591836Z ##[endgroup]
2025-12-27T14:58:06.1703703Z Syncing repository: layababa/tg_todo
2025-12-27T14:58:06.1706241Z ##[group]Getting Git version info
2025-12-27T14:58:06.1706977Z Working directory is '/home/runner/work/tg_todo/tg_todo'
2025-12-27T14:58:06.1708084Z [command]/usr/bin/git version
2025-12-27T14:58:06.1708521Z git version 2.52.0
2025-12-27T14:58:06.1732904Z ##[endgroup]
2025-12-27T14:58:06.1752220Z Temporarily overriding HOME='/home/runner/work/_temp/7359ba76-d4e2-4ca8-a8ee-bf3aff86a353' before making global git config changes
2025-12-27T14:58:06.1753246Z Adding repository directory to the temporary git global config as a safe directory
2025-12-27T14:58:06.1757592Z [command]/usr/bin/git config --global --add safe.directory /home/runner/work/tg_todo/tg_todo
2025-12-27T14:58:06.1794922Z Deleting the contents of '/home/runner/work/tg_todo/tg_todo'
2025-12-27T14:58:06.1798644Z ##[group]Initializing the repository
2025-12-27T14:58:06.1802297Z [command]/usr/bin/git init /home/runner/work/tg_todo/tg_todo
2025-12-27T14:58:06.1901102Z hint: Using 'master' as the name for the initial branch. This default branch name
2025-12-27T14:58:06.1902208Z hint: will change to "main" in Git 3.0. To configure the initial branch name
2025-12-27T14:58:06.1903380Z hint: to use in all of your new repositories, which will suppress this warning,
2025-12-27T14:58:06.1904492Z hint: call:
2025-12-27T14:58:06.1905050Z hint:
2025-12-27T14:58:06.1905743Z hint: 	git config --global init.defaultBranch <name>
2025-12-27T14:58:06.1906505Z hint:
2025-12-27T14:58:06.1907143Z hint: Names commonly chosen instead of 'master' are 'main', 'trunk' and
2025-12-27T14:58:06.1907810Z hint: 'development'. The just-created branch can be renamed via this command:
2025-12-27T14:58:06.1908353Z hint:
2025-12-27T14:58:06.1908690Z hint: 	git branch -m <name>
2025-12-27T14:58:06.1909045Z hint:
2025-12-27T14:58:06.1909519Z hint: Disable this message with "git config set advice.defaultBranchName false"
2025-12-27T14:58:06.1910212Z Initialized empty Git repository in /home/runner/work/tg_todo/tg_todo/.git/
2025-12-27T14:58:06.1916645Z [command]/usr/bin/git remote add origin https://github.com/layababa/tg_todo
2025-12-27T14:58:06.1948447Z ##[endgroup]
2025-12-27T14:58:06.1949103Z ##[group]Disabling automatic garbage collection
2025-12-27T14:58:06.1952469Z [command]/usr/bin/git config --local gc.auto 0
2025-12-27T14:58:06.1979688Z ##[endgroup]
2025-12-27T14:58:06.1998612Z ##[group]Setting up auth
2025-12-27T14:58:06.2000930Z [command]/usr/bin/git config --local --name-only --get-regexp core\.sshCommand
2025-12-27T14:58:06.2017796Z [command]/usr/bin/git submodule foreach --recursive sh -c "git config --local --name-only --get-regexp 'core\.sshCommand' && git config --local --unset-all 'core.sshCommand' || :"
2025-12-27T14:58:06.2337627Z [command]/usr/bin/git config --local --name-only --get-regexp http\.https\:\/\/github\.com\/\.extraheader
2025-12-27T14:58:06.2366618Z [command]/usr/bin/git submodule foreach --recursive sh -c "git config --local --name-only --get-regexp 'http\.https\:\/\/github\.com\/\.extraheader' && git config --local --unset-all 'http.https://github.com/.extraheader' || :"
2025-12-27T14:58:06.2580221Z [command]/usr/bin/git config --local --name-only --get-regexp ^includeIf\.gitdir:
2025-12-27T14:58:06.2609186Z [command]/usr/bin/git submodule foreach --recursive git config --local --show-origin --name-only --get-regexp remote.origin.url
2025-12-27T14:58:06.2828928Z [command]/usr/bin/git config --local http.https://github.com/.extraheader AUTHORIZATION: basic ***
2025-12-27T14:58:06.2862164Z ##[endgroup]
2025-12-27T14:58:06.2863304Z ##[group]Fetching the repository
2025-12-27T14:58:06.2871375Z [command]/usr/bin/git -c protocol.version=2 fetch --no-tags --prune --no-recurse-submodules --depth=1 origin +f68300fec687edaca7dd18bfe49007d5a046c2c4:refs/remotes/origin/main
2025-12-27T14:58:07.0274968Z From https://github.com/layababa/tg_todo
2025-12-27T14:58:07.0305931Z  * [new ref]         f68300fec687edaca7dd18bfe49007d5a046c2c4 -> origin/main
2025-12-27T14:58:07.0308449Z ##[endgroup]
2025-12-27T14:58:07.0309520Z ##[group]Determining the checkout info
2025-12-27T14:58:07.0310682Z ##[endgroup]
2025-12-27T14:58:07.0315783Z [command]/usr/bin/git sparse-checkout disable
2025-12-27T14:58:07.0355211Z [command]/usr/bin/git config --local --unset-all extensions.worktreeConfig
2025-12-27T14:58:07.0380406Z ##[group]Checking out the ref
2025-12-27T14:58:07.0384472Z [command]/usr/bin/git checkout --progress --force -B main refs/remotes/origin/main
2025-12-27T14:58:07.2183820Z Switched to a new branch 'main'
2025-12-27T14:58:07.2184805Z branch 'main' set up to track 'origin/main'.
2025-12-27T14:58:07.2199825Z ##[endgroup]
2025-12-27T14:58:07.2238550Z [command]/usr/bin/git log -1 --format=%H
2025-12-27T14:58:07.2263562Z f68300fec687edaca7dd18bfe49007d5a046c2c4
2025-12-27T14:58:07.2448971Z ##[group]Run docker/login-action@v3
2025-12-27T14:58:07.2449395Z with:
2025-12-27T14:58:07.2449727Z   registry: ghcr.io
2025-12-27T14:58:07.2450071Z   username: Dealize
2025-12-27T14:58:07.2450625Z   password: ***
2025-12-27T14:58:07.2450965Z   logout: true
2025-12-27T14:58:07.2451289Z env:
2025-12-27T14:58:07.2451602Z   GO_VERSION: 1.21.x
2025-12-27T14:58:07.2451950Z   NODE_VERSION: 20.x
2025-12-27T14:58:07.2452283Z ##[endgroup]
2025-12-27T14:58:07.5349738Z Logging into ghcr.io...
2025-12-27T14:58:07.7700156Z Login Succeeded!
2025-12-27T14:58:07.7885008Z ##[group]Run docker/build-push-action@v5
2025-12-27T14:58:07.7885469Z with:
2025-12-27T14:58:07.7885796Z   context: ./server
2025-12-27T14:58:07.7886148Z   file: ./server/Dockerfile
2025-12-27T14:58:07.7886508Z   push: true
2025-12-27T14:58:07.7886872Z   tags: ghcr.io/layababa/tg_todo_api:latest
2025-12-27T14:58:07.7887283Z   load: false
2025-12-27T14:58:07.7887615Z   no-cache: false
2025-12-27T14:58:07.7887951Z   pull: false
2025-12-27T14:58:07.7888602Z   github-token: ***
2025-12-27T14:58:07.7888942Z env:
2025-12-27T14:58:07.7889259Z   GO_VERSION: 1.21.x
2025-12-27T14:58:07.7889600Z   NODE_VERSION: 20.x
2025-12-27T14:58:07.7889931Z ##[endgroup]
2025-12-27T14:58:08.0165476Z ##[group]GitHub Actions runtime token ACs
2025-12-27T14:58:08.0176262Z refs/heads/main: read/write
2025-12-27T14:58:08.0177864Z ##[endgroup]
2025-12-27T14:58:08.0179753Z ##[group]Docker info
2025-12-27T14:58:08.0228734Z [command]/usr/bin/docker version
2025-12-27T14:58:08.0448023Z Client: Docker Engine - Community
2025-12-27T14:58:08.0452745Z  Version:           28.0.4
2025-12-27T14:58:08.0453385Z  API version:       1.48
2025-12-27T14:58:08.0453994Z  Go version:        go1.23.7
2025-12-27T14:58:08.0454812Z  Git commit:        b8034c0
2025-12-27T14:58:08.0455689Z  Built:             Tue Mar 25 15:07:16 2025
2025-12-27T14:58:08.0468085Z  OS/Arch:           linux/amd64
2025-12-27T14:58:08.0468803Z  Context:           default
2025-12-27T14:58:08.0469219Z 
2025-12-27T14:58:08.0469544Z Server: Docker Engine - Community
2025-12-27T14:58:08.0470224Z  Engine:
2025-12-27T14:58:08.0470815Z   Version:          28.0.4
2025-12-27T14:58:08.0471504Z   API version:      1.48 (minimum version 1.24)
2025-12-27T14:58:08.0472271Z   Go version:       go1.23.7
2025-12-27T14:58:08.0472951Z   Git commit:       6430e49
2025-12-27T14:58:08.0473621Z   Built:            Tue Mar 25 15:07:16 2025
2025-12-27T14:58:08.0474577Z   OS/Arch:          linux/amd64
2025-12-27T14:58:08.0475247Z   Experimental:     false
2025-12-27T14:58:08.0475887Z  containerd:
2025-12-27T14:58:08.0476476Z   Version:          v2.2.0
2025-12-27T14:58:08.0477230Z   GitCommit:        1c4457e00facac03ce1d75f7b6777a7a851e5c41
2025-12-27T14:58:08.0478044Z  runc:
2025-12-27T14:58:08.0478609Z   Version:          1.3.4
2025-12-27T14:58:08.0479260Z   GitCommit:        v1.3.4-0-gd6d73eb8
2025-12-27T14:58:08.0479960Z  docker-init:
2025-12-27T14:58:08.0480563Z   Version:          0.19.0
2025-12-27T14:58:08.0481235Z   GitCommit:        de40ad0
2025-12-27T14:58:08.0505259Z [command]/usr/bin/docker info
2025-12-27T14:58:08.2248370Z Client: Docker Engine - Community
2025-12-27T14:58:08.2249065Z  Version:    28.0.4
2025-12-27T14:58:08.2249640Z  Context:    default
2025-12-27T14:58:08.2250202Z  Debug Mode: false
2025-12-27T14:58:08.2250756Z  Plugins:
2025-12-27T14:58:08.2251307Z   buildx: Docker Buildx (Docker Inc.)
2025-12-27T14:58:08.2251958Z     Version:  v0.30.1
2025-12-27T14:58:08.2252633Z     Path:     /usr/libexec/docker/cli-plugins/docker-buildx
2025-12-27T14:58:08.2253436Z   compose: Docker Compose (Docker Inc.)
2025-12-27T14:58:08.2254090Z     Version:  v2.38.2
2025-12-27T14:58:08.2254949Z     Path:     /usr/libexec/docker/cli-plugins/docker-compose
2025-12-27T14:58:08.2255467Z 
2025-12-27T14:58:08.2255707Z Server:
2025-12-27T14:58:08.2256215Z  Containers: 0
2025-12-27T14:58:08.2256756Z   Running: 0
2025-12-27T14:58:08.2257284Z   Paused: 0
2025-12-27T14:58:08.2257818Z   Stopped: 0
2025-12-27T14:58:08.2258666Z  Images: 1
2025-12-27T14:58:08.2259212Z  Server Version: 28.0.4
2025-12-27T14:58:08.2259795Z  Storage Driver: overlay2
2025-12-27T14:58:08.2260405Z   Backing Filesystem: extfs
2025-12-27T14:58:08.2261007Z   Supports d_type: true
2025-12-27T14:58:08.2261591Z   Using metacopy: false
2025-12-27T14:58:08.2262167Z   Native Overlay Diff: false
2025-12-27T14:58:08.2262753Z   userxattr: false
2025-12-27T14:58:08.2263318Z  Logging Driver: json-file
2025-12-27T14:58:08.2263909Z  Cgroup Driver: systemd
2025-12-27T14:58:08.2264632Z  Cgroup Version: 2
2025-12-27T14:58:08.2265190Z  Plugins:
2025-12-27T14:58:08.2265961Z   Volume: local
2025-12-27T14:58:08.2266590Z   Network: bridge host ipvlan macvlan null overlay
2025-12-27T14:58:08.2267518Z   Log: awslogs fluentd gcplogs gelf journald json-file local splunk syslog
2025-12-27T14:58:08.2268338Z  Swarm: inactive
2025-12-27T14:58:08.2268919Z  Runtimes: io.containerd.runc.v2 runc
2025-12-27T14:58:08.2269547Z  Default Runtime: runc
2025-12-27T14:58:08.2269963Z  Init Binary: docker-init
2025-12-27T14:58:08.2270403Z  containerd version: 1c4457e00facac03ce1d75f7b6777a7a851e5c41
2025-12-27T14:58:08.2270895Z  runc version: v1.3.4-0-gd6d73eb8
2025-12-27T14:58:08.2271277Z  init version: de40ad0
2025-12-27T14:58:08.2271619Z  Security Options:
2025-12-27T14:58:08.2271953Z   apparmor
2025-12-27T14:58:08.2272337Z   seccomp
2025-12-27T14:58:08.2272919Z    Profile: builtin
2025-12-27T14:58:08.2273475Z   cgroupns
2025-12-27T14:58:08.2273982Z  Kernel Version: 6.11.0-1018-azure
2025-12-27T14:58:08.2274648Z  Operating System: Ubuntu 24.04.3 LTS
2025-12-27T14:58:08.2275137Z  OSType: linux
2025-12-27T14:58:08.2275489Z  Architecture: x86_64
2025-12-27T14:58:08.2275833Z  CPUs: 4
2025-12-27T14:58:08.2276159Z  Total Memory: 15.62GiB
2025-12-27T14:58:08.2276507Z  Name: runnervmh13bl
2025-12-27T14:58:08.2276981Z  ID: 0a695d56-123a-42a8-a772-617b83954cb8
2025-12-27T14:58:08.2277566Z  Docker Root Dir: /var/lib/docker
2025-12-27T14:58:08.2277948Z  Debug Mode: false
2025-12-27T14:58:08.2278292Z  Username: githubactions
2025-12-27T14:58:08.2278655Z  Experimental: false
2025-12-27T14:58:08.2278998Z  Insecure Registries:
2025-12-27T14:58:08.2282679Z   ::1/128
2025-12-27T14:58:08.2283021Z   127.0.0.0/8
2025-12-27T14:58:08.2283378Z  Live Restore Enabled: false
2025-12-27T14:58:08.2283611Z 
2025-12-27T14:58:08.2284106Z ##[endgroup]
2025-12-27T14:58:08.2285191Z ##[group]Proxy configuration
2025-12-27T14:58:08.2285926Z No proxy configuration found
2025-12-27T14:58:08.2287037Z ##[endgroup]
2025-12-27T14:58:08.2989883Z ##[group]Buildx version
2025-12-27T14:58:08.3025404Z [command]/usr/bin/docker buildx version
2025-12-27T14:58:08.3497107Z github.com/docker/buildx v0.30.1 9e66234aa13328a5e75b75aa5574e1ca6d6d9c01
2025-12-27T14:58:08.3535022Z ##[endgroup]
2025-12-27T14:58:08.3536037Z ##[group]Builder info
2025-12-27T14:58:08.4335275Z {
2025-12-27T14:58:08.4335865Z   "nodes": [
2025-12-27T14:58:08.4336439Z     {
2025-12-27T14:58:08.4336988Z       "name": "default",
2025-12-27T14:58:08.4337649Z       "endpoint": "default",
2025-12-27T14:58:08.4338341Z       "status": "running",
2025-12-27T14:58:08.4338992Z       "buildkit": "v0.20.2",
2025-12-27T14:58:08.4339811Z       "platforms": "linux/amd64,linux/amd64/v2,linux/amd64/v3,linux/386",
2025-12-27T14:58:08.4340672Z       "features": {
2025-12-27T14:58:08.4341483Z         "Automatically load images to the Docker Engine image store": true,
2025-12-27T14:58:08.4342407Z         "Cache export": true,
2025-12-27T14:58:08.4343077Z         "Direct push": true,
2025-12-27T14:58:08.4343750Z         "Docker exporter": true,
2025-12-27T14:58:08.4344716Z         "Multi-platform build": true,
2025-12-27T14:58:08.4345442Z         "OCI exporter": true
2025-12-27T14:58:08.4346068Z       },
2025-12-27T14:58:08.4346608Z       "labels": {
2025-12-27T14:58:08.4347461Z         "org.mobyproject.buildkit.worker.moby.host-gateway-ip": "172.17.0.1"
2025-12-27T14:58:08.4348365Z       }
2025-12-27T14:58:08.4348899Z     }
2025-12-27T14:58:08.4349417Z   ],
2025-12-27T14:58:08.4349955Z   "name": "default",
2025-12-27T14:58:08.4350834Z   "driver": "docker",
2025-12-27T14:58:08.4351499Z   "lastActivity": "2025-12-27T14:58:02.000Z"
2025-12-27T14:58:08.4352220Z }
2025-12-27T14:58:08.4353302Z ##[endgroup]
2025-12-27T14:58:08.5614656Z [command]/usr/bin/docker buildx build --file ./server/Dockerfile --iidfile /home/runner/work/_temp/docker-actions-toolkit-IYQYkE/build-iidfile-0fecc6e24f.txt --tag ghcr.io/layababa/tg_todo_api:latest --metadata-file /home/runner/work/_temp/docker-actions-toolkit-IYQYkE/build-metadata-0941a77eaa.json --push ./server
2025-12-27T14:58:08.8589242Z #0 building with "default" instance using docker driver
2025-12-27T14:58:08.8589856Z 
2025-12-27T14:58:08.8590089Z #1 [internal] load build definition from Dockerfile
2025-12-27T14:58:08.8590581Z #1 transferring dockerfile: 750B done
2025-12-27T14:58:08.8590973Z #1 DONE 0.0s
2025-12-27T14:58:08.8591159Z 
2025-12-27T14:58:08.8591398Z #2 [auth] library/golang:pull token for registry-1.docker.io
2025-12-27T14:58:08.8591861Z #2 DONE 0.0s
2025-12-27T14:58:08.8592066Z 
2025-12-27T14:58:08.8592280Z #3 [auth] library/alpine:pull token for registry-1.docker.io
2025-12-27T14:58:08.8592746Z #3 DONE 0.0s
2025-12-27T14:58:08.8592924Z 
2025-12-27T14:58:08.8593143Z #4 [internal] load metadata for docker.io/library/alpine:3.19
2025-12-27T14:58:09.0937833Z #4 ...
2025-12-27T14:58:09.0938176Z 
2025-12-27T14:58:09.0938600Z #5 [internal] load metadata for docker.io/library/golang:1.24-alpine
2025-12-27T14:58:09.0939476Z #5 DONE 0.4s
2025-12-27T14:58:09.1952373Z 
2025-12-27T14:58:09.1955794Z #4 [internal] load metadata for docker.io/library/alpine:3.19
2025-12-27T14:58:09.1957467Z #4 DONE 0.5s
2025-12-27T14:58:09.1958682Z 
2025-12-27T14:58:09.1959358Z #6 [internal] load .dockerignore
2025-12-27T14:58:09.1959976Z #6 transferring context: 2B done
2025-12-27T14:58:09.1960532Z #6 DONE 0.0s
2025-12-27T14:58:09.1960806Z 
2025-12-27T14:58:09.1961472Z #7 [stage-1 1/5] FROM docker.io/library/alpine:3.19@sha256:6baf43584bcb78f2e5847d1de515f23499913ac9f12bdf834811a3145eb11ca1
2025-12-27T14:58:09.1963061Z #7 resolve docker.io/library/alpine:3.19@sha256:6baf43584bcb78f2e5847d1de515f23499913ac9f12bdf834811a3145eb11ca1 done
2025-12-27T14:58:09.3069316Z #7 extracting sha256:17a39c0ba978cc27001e9c56a480f98106e1ab74bd56eb302f9fd4cf758ea43f
2025-12-27T14:58:09.3070781Z #7 sha256:6baf43584bcb78f2e5847d1de515f23499913ac9f12bdf834811a3145eb11ca1 8.08kB / 8.08kB done
2025-12-27T14:58:09.3077855Z #7 sha256:b58899f069c47216f6002a6850143dc6fae0d35eb8b0df9300bbe6327b9c2171 1.02kB / 1.02kB done
2025-12-27T14:58:09.3081137Z #7 sha256:83b2b6703a620bf2e001ab57f7adc414d891787b3c59859b1b62909e48dd2242 581B / 581B done
2025-12-27T14:58:09.3082546Z #7 sha256:17a39c0ba978cc27001e9c56a480f98106e1ab74bd56eb302f9fd4cf758ea43f 3.42MB / 3.42MB 0.1s done
2025-12-27T14:58:09.4097554Z #7 extracting sha256:17a39c0ba978cc27001e9c56a480f98106e1ab74bd56eb302f9fd4cf758ea43f 0.2s done
2025-12-27T14:58:09.4098698Z #7 DONE 0.3s
2025-12-27T14:58:09.4099028Z 
2025-12-27T14:58:09.4099309Z #8 [internal] load build context
2025-12-27T14:58:09.4100056Z #8 transferring context: 44.13MB 0.2s done
2025-12-27T14:58:09.4100769Z #8 DONE 0.2s
2025-12-27T14:58:09.4101428Z 
2025-12-27T14:58:09.4102361Z #9 [builder 1/7] FROM docker.io/library/golang:1.24-alpine@sha256:ef75fa8822a4c0fb53a390548b3dc1c39639339ec3373c58f5441117e1ff46ae
2025-12-27T14:58:09.4105611Z #9 resolve docker.io/library/golang:1.24-alpine@sha256:ef75fa8822a4c0fb53a390548b3dc1c39639339ec3373c58f5441117e1ff46ae done
2025-12-27T14:58:09.4107268Z #9 extracting sha256:1074353eec0db2c1d81d5af2671e56e00cf5738486f5762609ea33d606f88612 0.2s done
2025-12-27T14:58:09.4108913Z #9 sha256:380b1c214bdf8fcd1074254287b6fd5892da19d19bb3b21f8b6d5ebbe325a928 296.10kB / 296.10kB 0.1s done
2025-12-27T14:58:09.4110470Z #9 sha256:94cc3e02e353c0efcfdaf6be736e5d50dbde521e32a7ec4b0a8f8ce54558c2c2 11.53MB / 79.12MB 0.2s
2025-12-27T14:58:09.4111763Z #9 sha256:6e3c40c40c61fd86ebe0adb235cd706932d3fac73e595a513ead68cd5f041b39 125B / 125B 0.1s done
2025-12-27T14:58:09.4113380Z #9 sha256:ef75fa8822a4c0fb53a390548b3dc1c39639339ec3373c58f5441117e1ff46ae 10.30kB / 10.30kB done
2025-12-27T14:58:09.4114667Z #9 sha256:1a97fbadb2eb46ba8e4bce6b08f45bc24ef0180d1f3b3192886a080c8268ba71 1.92kB / 1.92kB done
2025-12-27T14:58:09.4116031Z #9 sha256:aa084a39ff8e44765a8f2a8fa09ff69ddef1900b50577883fa8e737a5a828783 2.19kB / 2.19kB done
2025-12-27T14:58:09.4117585Z #9 sha256:1074353eec0db2c1d81d5af2671e56e00cf5738486f5762609ea33d606f88612 3.86MB / 3.86MB 0.1s done
2025-12-27T14:58:09.4118882Z #9 sha256:4f4fb700ef54461cfa02571ae0db9a0dc1e0cdb5577484a6d75e68dc38e8acc1 32B / 32B 0.2s done
2025-12-27T14:58:09.4119833Z #9 extracting sha256:380b1c214bdf8fcd1074254287b6fd5892da19d19bb3b21f8b6d5ebbe325a928
2025-12-27T14:58:09.5215208Z #9 ...
2025-12-27T14:58:09.5217433Z 
2025-12-27T14:58:09.5217788Z #10 [stage-1 2/5] WORKDIR /app
2025-12-27T14:58:09.5218469Z #10 DONE 0.1s
2025-12-27T14:58:09.5218814Z 
2025-12-27T14:58:09.5219625Z #9 [builder 1/7] FROM docker.io/library/golang:1.24-alpine@sha256:ef75fa8822a4c0fb53a390548b3dc1c39639339ec3373c58f5441117e1ff46ae
2025-12-27T14:58:09.5221311Z #9 sha256:94cc3e02e353c0efcfdaf6be736e5d50dbde521e32a7ec4b0a8f8ce54558c2c2 38.44MB / 79.12MB 0.4s
2025-12-27T14:58:09.5222775Z #9 extracting sha256:380b1c214bdf8fcd1074254287b6fd5892da19d19bb3b21f8b6d5ebbe325a928 0.1s done
2025-12-27T14:58:09.6211671Z #9 sha256:94cc3e02e353c0efcfdaf6be736e5d50dbde521e32a7ec4b0a8f8ce54558c2c2 58.72MB / 79.12MB 0.5s
2025-12-27T14:58:09.7197134Z #9 sha256:94cc3e02e353c0efcfdaf6be736e5d50dbde521e32a7ec4b0a8f8ce54558c2c2 78.64MB / 79.12MB 0.6s
2025-12-27T14:58:09.8668986Z #9 sha256:94cc3e02e353c0efcfdaf6be736e5d50dbde521e32a7ec4b0a8f8ce54558c2c2 79.12MB / 79.12MB 0.6s done
2025-12-27T14:58:09.8670795Z #9 extracting sha256:94cc3e02e353c0efcfdaf6be736e5d50dbde521e32a7ec4b0a8f8ce54558c2c2 0.1s
2025-12-27T14:58:10.5559350Z #9 ...
2025-12-27T14:58:10.5559704Z 
2025-12-27T14:58:10.5560127Z #11 [stage-1 3/5] RUN apk add --no-cache ca-certificates tzdata
2025-12-27T14:58:10.5561259Z #11 0.178 fetch https://dl-cdn.alpinelinux.org/alpine/v3.19/main/x86_64/APKINDEX.tar.gz
2025-12-27T14:58:10.5562521Z #11 0.261 fetch https://dl-cdn.alpinelinux.org/alpine/v3.19/community/x86_64/APKINDEX.tar.gz
2025-12-27T14:58:10.5563571Z #11 0.552 (1/2) Installing ca-certificates (20250911-r0)
2025-12-27T14:58:10.5564575Z #11 0.581 (2/2) Installing tzdata (2025b-r0)
2025-12-27T14:58:10.5565267Z #11 0.742 Executing busybox-1.36.1-r20.trigger
2025-12-27T14:58:10.5566047Z #11 0.748 Executing ca-certificates-20250911-r0.trigger
2025-12-27T14:58:10.5566646Z #11 0.809 OK: 11 MiB in 17 packages
2025-12-27T14:58:10.5567361Z #11 DONE 1.0s
2025-12-27T14:58:10.5567603Z 
2025-12-27T14:58:10.5568206Z #9 [builder 1/7] FROM docker.io/library/golang:1.24-alpine@sha256:ef75fa8822a4c0fb53a390548b3dc1c39639339ec3373c58f5441117e1ff46ae
2025-12-27T14:58:14.1984891Z #9 extracting sha256:94cc3e02e353c0efcfdaf6be736e5d50dbde521e32a7ec4b0a8f8ce54558c2c2 4.3s done
2025-12-27T14:58:14.4318592Z #9 extracting sha256:6e3c40c40c61fd86ebe0adb235cd706932d3fac73e595a513ead68cd5f041b39
2025-12-27T14:58:14.6198919Z #9 extracting sha256:6e3c40c40c61fd86ebe0adb235cd706932d3fac73e595a513ead68cd5f041b39 done
2025-12-27T14:58:14.6199756Z #9 extracting sha256:4f4fb700ef54461cfa02571ae0db9a0dc1e0cdb5577484a6d75e68dc38e8acc1 done
2025-12-27T14:58:14.6200354Z #9 DONE 5.4s
2025-12-27T14:58:14.6200544Z 
2025-12-27T14:58:14.6200711Z #12 [builder 2/7] WORKDIR /app
2025-12-27T14:58:14.6201071Z #12 DONE 0.0s
2025-12-27T14:58:14.6201249Z 
2025-12-27T14:58:14.6201441Z #13 [builder 3/7] RUN apk add --no-cache git
2025-12-27T14:58:14.8790360Z #13 0.410 ( 1/13) Installing brotli-libs (1.2.0-r0)
2025-12-27T14:58:15.0100478Z #13 0.419 ( 2/13) Installing c-ares (1.34.6-r0)
2025-12-27T14:58:15.0101236Z #13 0.423 ( 3/13) Installing libunistring (1.4.1-r0)
2025-12-27T14:58:15.0101732Z #13 0.435 ( 4/13) Installing libidn2 (2.3.8-r0)
2025-12-27T14:58:15.0102201Z #13 0.439 ( 5/13) Installing nghttp2-libs (1.68.0-r0)
2025-12-27T14:58:15.0102670Z #13 0.443 ( 6/13) Installing nghttp3 (1.13.1-r0)
2025-12-27T14:58:15.0103363Z #13 0.446 ( 7/13) Installing libpsl (0.21.5-r3)
2025-12-27T14:58:15.0103815Z #13 0.450 ( 8/13) Installing zstd-libs (1.5.7-r2)
2025-12-27T14:58:15.0104401Z #13 0.457 ( 9/13) Installing libcurl (8.17.0-r1)
2025-12-27T14:58:15.0104834Z #13 0.464 (10/13) Installing libexpat (2.7.3-r0)
2025-12-27T14:58:15.0105266Z #13 0.468 (11/13) Installing pcre2 (10.47-r0)
2025-12-27T14:58:15.0105693Z #13 0.476 (12/13) Installing git (2.52.0-r0)
2025-12-27T14:58:15.0106155Z #13 0.541 (13/13) Installing git-init-template (2.52.0-r0)
2025-12-27T14:58:15.2344194Z #13 0.545 Executing busybox-1.37.0-r30.trigger
2025-12-27T14:58:15.2346222Z #13 0.552 OK: 20.6 MiB in 30 packages
2025-12-27T14:58:15.2346924Z #13 DONE 0.6s
2025-12-27T14:58:15.2347239Z 
2025-12-27T14:58:15.2347530Z #14 [builder 4/7] COPY go.mod go.sum ./
2025-12-27T14:58:15.2348208Z #14 DONE 0.0s
2025-12-27T14:58:15.2348513Z 
2025-12-27T14:58:15.2348802Z #15 [builder 5/7] RUN go mod download
2025-12-27T14:58:18.0797851Z #15 DONE 3.0s
2025-12-27T14:58:18.2312215Z 
2025-12-27T14:58:18.2313019Z #16 [builder 6/7] COPY . .
2025-12-27T14:58:19.1249345Z #16 DONE 1.0s
2025-12-27T14:58:19.2767347Z 
2025-12-27T14:58:19.2769162Z #17 [builder 7/7] RUN CGO_ENABLED=0 GOOS=linux go build -o api ./cmd/api
2025-12-27T14:58:53.6252588Z #17 DONE 34.5s
2025-12-27T14:58:53.7402694Z 
2025-12-27T14:58:53.7403457Z #18 [stage-1 4/5] COPY --from=builder /app/api ./api
2025-12-27T14:58:53.7404618Z #18 DONE 0.1s
2025-12-27T14:58:53.7404956Z 
2025-12-27T14:58:53.7405305Z #19 [stage-1 5/5] COPY --from=builder /app/config ./config
2025-12-27T14:58:53.7406031Z #19 DONE 0.0s
2025-12-27T14:58:53.8919232Z 
2025-12-27T14:58:53.8920145Z #20 exporting to image
2025-12-27T14:58:53.8920812Z #20 exporting layers
2025-12-27T14:58:54.0107291Z #20 exporting layers 0.3s done
2025-12-27T14:58:54.2532252Z #20 writing image sha256:e3426aa80725f5eb9cb15377f4b000ea17f2a83500cd0bb28ed1ccb64ae26609 done
2025-12-27T14:58:54.2533352Z #20 naming to ghcr.io/layababa/tg_todo_api:latest done
2025-12-27T14:58:54.2534854Z #20 DONE 0.3s
2025-12-27T14:58:54.2535289Z 
2025-12-27T14:58:54.2535664Z #21 resolving provenance for metadata file
2025-12-27T14:58:54.2536360Z #21 DONE 0.0s
2025-12-27T14:58:54.2536655Z 
2025-12-27T14:58:54.2536928Z #22 pushing ghcr.io/layababa/tg_todo_api:latest with docker
2025-12-27T14:58:54.2537416Z #22 pushing layer 7f8eea6bee38
2025-12-27T14:58:54.2537796Z #22 pushing layer cbf4a87aded1
2025-12-27T14:58:54.2538169Z #22 pushing layer c0b63af92b64
2025-12-27T14:58:54.2538546Z #22 pushing layer c326e5f4d188
2025-12-27T14:58:54.2538912Z #22 pushing layer 0b44b2151d78
2025-12-27T14:58:54.4970618Z #22 pushing layer 7f8eea6bee38 3.07kB / 292B 0.3s
2025-12-27T14:58:54.6992695Z #22 pushing layer cbf4a87aded1 4.92MB / 46.26MB 0.6s
2025-12-27T14:58:54.6993516Z #22 pushing layer c0b63af92b64 2.70MB / 1.60MB 0.5s
2025-12-27T14:58:54.8152978Z #22 pushing layer cbf4a87aded1 8.36MB / 46.26MB 0.7s
2025-12-27T14:58:54.9182802Z #22 pushing layer cbf4a87aded1 11.31MB / 46.26MB 0.8s
2025-12-27T14:58:55.0364657Z #22 pushing layer cbf4a87aded1 14.75MB / 46.26MB 0.9s
2025-12-27T14:58:55.1498167Z #22 pushing layer cbf4a87aded1 18.19MB / 46.26MB 1.0s
2025-12-27T14:58:55.2689810Z #22 pushing layer cbf4a87aded1 21.63MB / 46.26MB 1.2s
2025-12-27T14:58:55.3690240Z #22 pushing layer cbf4a87aded1 26.05MB / 46.26MB 1.3s
2025-12-27T14:58:55.4714924Z #22 pushing layer cbf4a87aded1 29.00MB / 46.26MB 1.4s
2025-12-27T14:58:55.5771003Z #22 pushing layer cbf4a87aded1 32.93MB / 46.26MB 1.5s
2025-12-27T14:58:55.5771750Z #22 pushing layer c0b63af92b64 1.5s done
2025-12-27T14:58:55.6811925Z #22 pushing layer 7f8eea6bee38 1.5s done
2025-12-27T14:58:55.6812835Z #22 pushing layer cbf4a87aded1 37.36MB / 46.26MB 1.6s
2025-12-27T14:58:55.6813459Z #22 pushing layer c326e5f4d188 1.5s done
2025-12-27T14:58:55.7899577Z #22 pushing layer cbf4a87aded1 41.78MB / 46.26MB 1.7s
2025-12-27T14:58:55.8904470Z #22 pushing layer cbf4a87aded1 44.24MB / 46.26MB 1.8s
2025-12-27T14:58:57.5663049Z #22 pushing layer cbf4a87aded1 3.5s done
2025-12-27T14:58:59.3007898Z #22 pushing layer 0b44b2151d78 5.2s done
2025-12-27T14:58:59.4512535Z #22 DONE 5.3s
2025-12-27T14:59:00.0664766Z ##[group]ImageID
2025-12-27T14:59:00.0665662Z sha256:e3426aa80725f5eb9cb15377f4b000ea17f2a83500cd0bb28ed1ccb64ae26609
2025-12-27T14:59:00.0667081Z ##[endgroup]
2025-12-27T14:59:00.0668003Z ##[group]Digest
2025-12-27T14:59:00.0668766Z sha256:78ab68ac5c4c5f44f082720b41d28a17f46177008bc986a3c5204c5e147f66ca
2025-12-27T14:59:00.0669972Z ##[endgroup]
2025-12-27T14:59:00.0670842Z ##[group]Metadata
2025-12-27T14:59:00.0671387Z {
2025-12-27T14:59:00.0671915Z   "buildx.build.provenance": {
2025-12-27T14:59:00.0672798Z     "builder": {
2025-12-27T14:59:00.0673343Z       "id": ""
2025-12-27T14:59:00.0673872Z     },
2025-12-27T14:59:00.0674684Z     "buildType": "https://mobyproject.org/buildkit@v1",
2025-12-27T14:59:00.0675454Z     "materials": [
2025-12-27T14:59:00.0675993Z       {
2025-12-27T14:59:00.0676613Z         "uri": "pkg:docker/alpine@3.19?platform=linux%2Famd64",
2025-12-27T14:59:00.0677357Z         "digest": {
2025-12-27T14:59:00.0678169Z           "sha256": "6baf43584bcb78f2e5847d1de515f23499913ac9f12bdf834811a3145eb11ca1"
2025-12-27T14:59:00.0679055Z         }
2025-12-27T14:59:00.0679573Z       },
2025-12-27T14:59:00.0680065Z       {
2025-12-27T14:59:00.0680726Z         "uri": "pkg:docker/golang@1.24-alpine?platform=linux%2Famd64",
2025-12-27T14:59:00.0681479Z         "digest": {
2025-12-27T14:59:00.0682292Z           "sha256": "ef75fa8822a4c0fb53a390548b3dc1c39639339ec3373c58f5441117e1ff46ae"
2025-12-27T14:59:00.0683251Z         }
2025-12-27T14:59:00.0683784Z       }
2025-12-27T14:59:00.0684418Z     ],
2025-12-27T14:59:00.0684921Z     "invocation": {
2025-12-27T14:59:00.0685449Z       "configSource": {
2025-12-27T14:59:00.0686020Z         "entryPoint": "Dockerfile"
2025-12-27T14:59:00.0686598Z       },
2025-12-27T14:59:00.0687109Z       "parameters": {
2025-12-27T14:59:00.0687636Z         "frontend": "dockerfile.v0",
2025-12-27T14:59:00.0688235Z         "locals": [
2025-12-27T14:59:00.0688741Z           {
2025-12-27T14:59:00.0689237Z             "name": "context"
2025-12-27T14:59:00.0689772Z           },
2025-12-27T14:59:00.0690244Z           {
2025-12-27T14:59:00.0690835Z             "name": "dockerfile"
2025-12-27T14:59:00.0691470Z           }
2025-12-27T14:59:00.0691922Z         ]
2025-12-27T14:59:00.0692340Z       },
2025-12-27T14:59:00.0692871Z       "environment": {
2025-12-27T14:59:00.0693464Z         "platform": "linux/amd64"
2025-12-27T14:59:00.0694076Z       }
2025-12-27T14:59:00.0694978Z     }
2025-12-27T14:59:00.0695488Z   },
2025-12-27T14:59:00.0696166Z   "buildx.build.ref": "default/default/kxzzt6kqeesokwyv2d8box29c",
2025-12-27T14:59:00.0697442Z   "containerimage.config.digest": "sha256:e3426aa80725f5eb9cb15377f4b000ea17f2a83500cd0bb28ed1ccb64ae26609",
2025-12-27T14:59:00.0698914Z   "containerimage.digest": "sha256:78ab68ac5c4c5f44f082720b41d28a17f46177008bc986a3c5204c5e147f66ca",
2025-12-27T14:59:00.0700020Z   "image.name": "ghcr.io/layababa/tg_todo_api:latest"
2025-12-27T14:59:00.0700727Z }
2025-12-27T14:59:00.0701620Z ##[endgroup]
2025-12-27T14:59:00.0794761Z ##[group]Run docker/build-push-action@v5
2025-12-27T14:59:00.0795450Z with:
2025-12-27T14:59:00.0795779Z   context: .
2025-12-27T14:59:00.0796115Z   file: ./web/Dockerfile
2025-12-27T14:59:00.0796584Z   push: true
2025-12-27T14:59:00.0797084Z   tags: ghcr.io/layababa/tg_todo_web:latest
2025-12-27T14:59:00.0797887Z   build-args: VITE_API_BASE_URL=https://ddddapiprod.zcvyzest.xyz

2025-12-27T14:59:00.0798589Z   load: false
2025-12-27T14:59:00.0798919Z   no-cache: false
2025-12-27T14:59:00.0799255Z   pull: false
2025-12-27T14:59:00.0799963Z   github-token: ***
2025-12-27T14:59:00.0800516Z env:
2025-12-27T14:59:00.0800846Z   GO_VERSION: 1.21.x
2025-12-27T14:59:00.0801391Z   NODE_VERSION: 20.x
2025-12-27T14:59:00.0801742Z ##[endgroup]
2025-12-27T14:59:00.3099496Z ##[group]GitHub Actions runtime token ACs
2025-12-27T14:59:00.3109696Z refs/heads/main: read/write
2025-12-27T14:59:00.3111267Z ##[endgroup]
2025-12-27T14:59:00.3112177Z ##[group]Docker info
2025-12-27T14:59:00.3152540Z [command]/usr/bin/docker version
2025-12-27T14:59:00.3332033Z Client: Docker Engine - Community
2025-12-27T14:59:00.3335130Z  Version:           28.0.4
2025-12-27T14:59:00.3335764Z  API version:       1.48
2025-12-27T14:59:00.3336375Z  Go version:        go1.23.7
2025-12-27T14:59:00.3336984Z  Git commit:        b8034c0
2025-12-27T14:59:00.3337616Z  Built:             Tue Mar 25 15:07:16 2025
2025-12-27T14:59:00.3338307Z  OS/Arch:           linux/amd64
2025-12-27T14:59:00.3338912Z  Context:           default
2025-12-27T14:59:00.3339251Z 
2025-12-27T14:59:00.3339517Z Server: Docker Engine - Community
2025-12-27T14:59:00.3340143Z  Engine:
2025-12-27T14:59:00.3340668Z   Version:          28.0.4
2025-12-27T14:59:00.3341314Z   API version:      1.48 (minimum version 1.24)
2025-12-27T14:59:00.3342024Z   Go version:       go1.23.7
2025-12-27T14:59:00.3342627Z   Git commit:       6430e49
2025-12-27T14:59:00.3343253Z   Built:            Tue Mar 25 15:07:16 2025
2025-12-27T14:59:00.3343973Z   OS/Arch:          linux/amd64
2025-12-27T14:59:00.3344970Z   Experimental:     false
2025-12-27T14:59:00.3345571Z  containerd:
2025-12-27T14:59:00.3346118Z   Version:          v2.2.0
2025-12-27T14:59:00.3346836Z   GitCommit:        1c4457e00facac03ce1d75f7b6777a7a851e5c41
2025-12-27T14:59:00.3347624Z  runc:
2025-12-27T14:59:00.3348161Z   Version:          1.3.4
2025-12-27T14:59:00.3348659Z   GitCommit:        v1.3.4-0-gd6d73eb8
2025-12-27T14:59:00.3349069Z  docker-init:
2025-12-27T14:59:00.3349404Z   Version:          0.19.0
2025-12-27T14:59:00.3349772Z   GitCommit:        de40ad0
2025-12-27T14:59:00.3383641Z [command]/usr/bin/docker info
2025-12-27T14:59:00.3897537Z Client: Docker Engine - Community
2025-12-27T14:59:00.3898258Z  Version:    28.0.4
2025-12-27T14:59:00.3898828Z  Context:    default
2025-12-27T14:59:00.3899401Z  Debug Mode: false
2025-12-27T14:59:00.3899951Z  Plugins:
2025-12-27T14:59:00.3900507Z   buildx: Docker Buildx (Docker Inc.)
2025-12-27T14:59:00.3901113Z     Version:  v0.30.1
2025-12-27T14:59:00.3901595Z     Path:     /usr/libexec/docker/cli-plugins/docker-buildx
2025-12-27T14:59:00.3902085Z   compose: Docker Compose (Docker Inc.)
2025-12-27T14:59:00.3902499Z     Version:  v2.38.2
2025-12-27T14:59:00.3902899Z     Path:     /usr/libexec/docker/cli-plugins/docker-compose
2025-12-27T14:59:00.3903216Z 
2025-12-27T14:59:00.3903360Z Server:
2025-12-27T14:59:00.3903683Z  Containers: 0
2025-12-27T14:59:00.3904013Z   Running: 0
2025-12-27T14:59:00.3904562Z   Paused: 0
2025-12-27T14:59:00.3904891Z   Stopped: 0
2025-12-27T14:59:00.3905213Z  Images: 2
2025-12-27T14:59:00.3905526Z  Server Version: 28.0.4
2025-12-27T14:59:00.3905882Z  Storage Driver: overlay2
2025-12-27T14:59:00.3906239Z   Backing Filesystem: extfs
2025-12-27T14:59:00.3906603Z   Supports d_type: true
2025-12-27T14:59:00.3906945Z   Using metacopy: false
2025-12-27T14:59:00.3907300Z   Native Overlay Diff: false
2025-12-27T14:59:00.3907659Z   userxattr: false
2025-12-27T14:59:00.3908010Z  Logging Driver: json-file
2025-12-27T14:59:00.3908372Z  Cgroup Driver: systemd
2025-12-27T14:59:00.3909175Z  Cgroup Version: 2
2025-12-27T14:59:00.3909521Z  Plugins:
2025-12-27T14:59:00.3909851Z   Volume: local
2025-12-27T14:59:00.3910239Z   Network: bridge host ipvlan macvlan null overlay
2025-12-27T14:59:00.3910794Z   Log: awslogs fluentd gcplogs gelf journald json-file local splunk syslog
2025-12-27T14:59:00.3911309Z  Swarm: inactive
2025-12-27T14:59:00.3911667Z  Runtimes: io.containerd.runc.v2 runc
2025-12-27T14:59:00.3912069Z  Default Runtime: runc
2025-12-27T14:59:00.3912424Z  Init Binary: docker-init
2025-12-27T14:59:00.3912869Z  containerd version: 1c4457e00facac03ce1d75f7b6777a7a851e5c41
2025-12-27T14:59:00.3913345Z  runc version: v1.3.4-0-gd6d73eb8
2025-12-27T14:59:00.3913727Z  init version: de40ad0
2025-12-27T14:59:00.3914069Z  Security Options:
2025-12-27T14:59:00.3914955Z   apparmor
2025-12-27T14:59:00.3915289Z   seccomp
2025-12-27T14:59:00.3915667Z    Profile: builtin
2025-12-27T14:59:00.3916085Z   cgroupns
2025-12-27T14:59:00.3916421Z  Kernel Version: 6.11.0-1018-azure
2025-12-27T14:59:00.3917017Z  Operating System: Ubuntu 24.04.3 LTS
2025-12-27T14:59:00.3917408Z  OSType: linux
2025-12-27T14:59:00.3917743Z  Architecture: x86_64
2025-12-27T14:59:00.3918090Z  CPUs: 4
2025-12-27T14:59:00.3918404Z  Total Memory: 15.62GiB
2025-12-27T14:59:00.3918762Z  Name: runnervmh13bl
2025-12-27T14:59:00.3919122Z  ID: 0a695d56-123a-42a8-a772-617b83954cb8
2025-12-27T14:59:00.3919542Z  Docker Root Dir: /var/lib/docker
2025-12-27T14:59:00.3920118Z  Debug Mode: false
2025-12-27T14:59:00.3920698Z  Username: githubactions
2025-12-27T14:59:00.3921298Z  Experimental: false
2025-12-27T14:59:00.3921870Z  Insecure Registries:
2025-12-27T14:59:00.3922467Z   ::1/128
2025-12-27T14:59:00.3922966Z   127.0.0.0/8
2025-12-27T14:59:00.3923518Z  Live Restore Enabled: false
2025-12-27T14:59:00.3923744Z 
2025-12-27T14:59:00.3924535Z ##[endgroup]
2025-12-27T14:59:00.3925335Z ##[group]Proxy configuration
2025-12-27T14:59:00.3926000Z No proxy configuration found
2025-12-27T14:59:00.3926961Z ##[endgroup]
2025-12-27T14:59:00.4471707Z ##[group]Buildx version
2025-12-27T14:59:00.4496153Z [command]/usr/bin/docker buildx version
2025-12-27T14:59:00.4996862Z github.com/docker/buildx v0.30.1 9e66234aa13328a5e75b75aa5574e1ca6d6d9c01
2025-12-27T14:59:00.5033965Z ##[endgroup]
2025-12-27T14:59:00.5035351Z ##[group]Builder info
2025-12-27T14:59:00.5867137Z {
2025-12-27T14:59:00.5867536Z   "nodes": [
2025-12-27T14:59:00.5867878Z     {
2025-12-27T14:59:00.5868218Z       "name": "default",
2025-12-27T14:59:00.5868601Z       "endpoint": "default",
2025-12-27T14:59:00.5868995Z       "status": "running",
2025-12-27T14:59:00.5869366Z       "buildkit": "v0.20.2",
2025-12-27T14:59:00.5869832Z       "platforms": "linux/amd64,linux/amd64/v2,linux/amd64/v3,linux/386",
2025-12-27T14:59:00.5870350Z       "features": {
2025-12-27T14:59:00.5870804Z         "Automatically load images to the Docker Engine image store": true,
2025-12-27T14:59:00.5871314Z         "Cache export": true,
2025-12-27T14:59:00.5871685Z         "Direct push": true,
2025-12-27T14:59:00.5872100Z         "Docker exporter": true,
2025-12-27T14:59:00.5872488Z         "Multi-platform build": true,
2025-12-27T14:59:00.5872888Z         "OCI exporter": true
2025-12-27T14:59:00.5873232Z       },
2025-12-27T14:59:00.5873548Z       "labels": {
2025-12-27T14:59:00.5874014Z         "org.mobyproject.buildkit.worker.moby.host-gateway-ip": "172.17.0.1"
2025-12-27T14:59:00.5874845Z       }
2025-12-27T14:59:00.5875161Z     }
2025-12-27T14:59:00.5875471Z   ],
2025-12-27T14:59:00.5875794Z   "name": "default",
2025-12-27T14:59:00.5876155Z   "driver": "docker",
2025-12-27T14:59:00.5876526Z   "lastActivity": "2025-12-27T14:58:08.000Z"
2025-12-27T14:59:00.5876938Z }
2025-12-27T14:59:00.5877699Z ##[endgroup]
2025-12-27T14:59:00.7105429Z [command]/usr/bin/docker buildx build --build-arg VITE_API_BASE_URL=https://ddddapiprod.zcvyzest.xyz --file ./web/Dockerfile --iidfile /home/runner/work/_temp/docker-actions-toolkit-c0irgE/build-iidfile-434c807c9e.txt --tag ghcr.io/layababa/tg_todo_web:latest --metadata-file /home/runner/work/_temp/docker-actions-toolkit-c0irgE/build-metadata-c541214b74.json --push .
2025-12-27T14:59:00.7941218Z #0 building with "default" instance using docker driver
2025-12-27T14:59:00.7941765Z 
2025-12-27T14:59:00.7942037Z #1 [internal] load build definition from Dockerfile
2025-12-27T14:59:01.0225938Z #1 transferring dockerfile: 641B done
2025-12-27T14:59:01.0226579Z #1 DONE 0.0s
2025-12-27T14:59:01.0226807Z 
2025-12-27T14:59:01.0227059Z #2 [auth] docker/dockerfile:pull token for registry-1.docker.io
2025-12-27T14:59:01.0227550Z #2 DONE 0.0s
2025-12-27T14:59:01.0227734Z 
2025-12-27T14:59:01.0228041Z #3 resolve image config for docker-image://docker.io/docker/dockerfile:1.6
2025-12-27T14:59:01.2642187Z #3 DONE 0.5s
2025-12-27T14:59:01.3691691Z 
2025-12-27T14:59:01.3692631Z #4 docker-image://docker.io/docker/dockerfile:1.6@sha256:ac85f380a63b13dfcefa89046420e1781752bab202122f8f50032edf31be0021
2025-12-27T14:59:01.3693794Z #4 resolve docker.io/docker/dockerfile:1.6@sha256:ac85f380a63b13dfcefa89046420e1781752bab202122f8f50032edf31be0021 done
2025-12-27T14:59:01.3695055Z #4 sha256:657fcc512c7369f4cb3d94ea329150f8daf626bc838b1a1e81f1834c73ecc77e 482B / 482B done
2025-12-27T14:59:01.3695833Z #4 sha256:a17ee7fff8f5e97b974f5b48f51647d2cf28d543f2aa6c11aaa0ea431b44bb89 1.27kB / 1.27kB done
2025-12-27T14:59:01.3696761Z #4 sha256:9d9c93f4b00be908ab694a4df732570bced3b8a96b7515d70ff93402179ad232 11.80MB / 11.80MB 0.1s
2025-12-27T14:59:01.3698203Z #4 sha256:ac85f380a63b13dfcefa89046420e1781752bab202122f8f50032edf31be0021 8.40kB / 8.40kB done
2025-12-27T14:59:01.4746349Z #4 sha256:9d9c93f4b00be908ab694a4df732570bced3b8a96b7515d70ff93402179ad232 11.80MB / 11.80MB 0.1s done
2025-12-27T14:59:01.4749010Z #4 extracting sha256:9d9c93f4b00be908ab694a4df732570bced3b8a96b7515d70ff93402179ad232 0.1s done
2025-12-27T14:59:01.4749830Z #4 DONE 0.2s
2025-12-27T14:59:01.5950575Z 
2025-12-27T14:59:01.5951812Z #5 [auth] library/nginx:pull token for registry-1.docker.io
2025-12-27T14:59:01.7461046Z #5 DONE 0.0s
2025-12-27T14:59:01.7461378Z 
2025-12-27T14:59:01.7461685Z #6 [auth] library/node:pull token for registry-1.docker.io
2025-12-27T14:59:01.7462281Z #6 DONE 0.0s
2025-12-27T14:59:01.7462514Z 
2025-12-27T14:59:01.7462822Z #7 [internal] load metadata for docker.io/library/nginx:1.25-alpine
2025-12-27T14:59:01.9153088Z #7 ...
2025-12-27T14:59:01.9153374Z 
2025-12-27T14:59:01.9153747Z #8 [internal] load metadata for docker.io/library/node:20-alpine
2025-12-27T14:59:01.9154688Z #8 DONE 0.4s
2025-12-27T14:59:02.0158849Z 
2025-12-27T14:59:02.0160370Z #7 [internal] load metadata for docker.io/library/nginx:1.25-alpine
2025-12-27T14:59:02.0161938Z #7 DONE 0.4s
2025-12-27T14:59:02.0162289Z 
2025-12-27T14:59:02.0162562Z #9 [internal] load .dockerignore
2025-12-27T14:59:02.0163233Z #9 transferring context: 2B done
2025-12-27T14:59:02.0163621Z #9 DONE 0.0s
2025-12-27T14:59:02.0163814Z 
2025-12-27T14:59:02.0164702Z #10 [runner 1/3] FROM docker.io/library/nginx:1.25-alpine@sha256:516475cc129da42866742567714ddc681e5eed7b9ee0b9e9c015e464b4221a00
2025-12-27T14:59:02.0165878Z #10 resolve docker.io/library/nginx:1.25-alpine@sha256:516475cc129da42866742567714ddc681e5eed7b9ee0b9e9c015e464b4221a00 done
2025-12-27T14:59:02.0167140Z #10 DONE 0.0s
2025-12-27T14:59:02.0167509Z 
2025-12-27T14:59:02.0168362Z #11 [builder 1/9] FROM docker.io/library/node:20-alpine@sha256:658d0f63e501824d6c23e06d4bb95c71e7d704537c9d9272f488ac03a370d448
2025-12-27T14:59:02.0170067Z #11 resolve docker.io/library/node:20-alpine@sha256:658d0f63e501824d6c23e06d4bb95c71e7d704537c9d9272f488ac03a370d448
2025-12-27T14:59:02.1160766Z #11 ...
2025-12-27T14:59:02.1161262Z 
2025-12-27T14:59:02.1161557Z #12 [internal] load build context
2025-12-27T14:59:02.1162255Z #12 transferring context: 693.38kB 0.0s done
2025-12-27T14:59:02.1162896Z #12 DONE 0.0s
2025-12-27T14:59:02.1163199Z 
2025-12-27T14:59:02.1163966Z #11 [builder 1/9] FROM docker.io/library/node:20-alpine@sha256:658d0f63e501824d6c23e06d4bb95c71e7d704537c9d9272f488ac03a370d448
2025-12-27T14:59:02.1166276Z #11 resolve docker.io/library/node:20-alpine@sha256:658d0f63e501824d6c23e06d4bb95c71e7d704537c9d9272f488ac03a370d448 done
2025-12-27T14:59:02.2180539Z #11 sha256:658d0f63e501824d6c23e06d4bb95c71e7d704537c9d9272f488ac03a370d448 7.67kB / 7.67kB done
2025-12-27T14:59:02.2181703Z #11 sha256:fcbb8f7d018707c656a4da2eea8a15f2893d2258093fea9ff2ea5ea1cba82112 1.72kB / 1.72kB done
2025-12-27T14:59:02.2183185Z #11 sha256:e80b0510ba947015cacddea3d23dcdc761e399971c074a1bf32eea7e44510524 6.52kB / 6.52kB done
2025-12-27T14:59:02.2184778Z #11 sha256:8d06ba6946d1f299d8f962e37906c77006df33d47050430a57f7893ec35af697 0B / 42.78MB 0.2s
2025-12-27T14:59:02.2186021Z #11 sha256:cb3325e64457574e24f92246e3da3376946e473d636209e1390eac47b50b26a3 0B / 1.26MB 0.2s
2025-12-27T14:59:02.3181171Z #11 sha256:8d06ba6946d1f299d8f962e37906c77006df33d47050430a57f7893ec35af697 16.78MB / 42.78MB 0.3s
2025-12-27T14:59:02.3182575Z #11 sha256:fd1849a5c548bc65ee47a64498951bda5d40e87d08efe9dca69b5c8cdedc7a52 0B / 443B 0.3s
2025-12-27T14:59:02.4377564Z #11 sha256:8d06ba6946d1f299d8f962e37906c77006df33d47050430a57f7893ec35af697 26.84MB / 42.78MB 0.4s
2025-12-27T14:59:02.4379357Z #11 sha256:cb3325e64457574e24f92246e3da3376946e473d636209e1390eac47b50b26a3 1.26MB / 1.26MB 0.4s done
2025-12-27T14:59:02.4380634Z #11 sha256:fd1849a5c548bc65ee47a64498951bda5d40e87d08efe9dca69b5c8cdedc7a52 443B / 443B 0.4s done
2025-12-27T14:59:02.5799235Z #11 sha256:8d06ba6946d1f299d8f962e37906c77006df33d47050430a57f7893ec35af697 42.78MB / 42.78MB 0.5s done
2025-12-27T14:59:02.5801733Z #11 extracting sha256:8d06ba6946d1f299d8f962e37906c77006df33d47050430a57f7893ec35af697
2025-12-27T14:59:03.1746138Z #11 ...
2025-12-27T14:59:03.1746651Z 
2025-12-27T14:59:03.1748106Z #10 [runner 1/3] FROM docker.io/library/nginx:1.25-alpine@sha256:516475cc129da42866742567714ddc681e5eed7b9ee0b9e9c015e464b4221a00
2025-12-27T14:59:03.1750111Z #10 extracting sha256:4abcf20661432fb2d719aaf90656f55c287f8ca915dc1c92ec14ff61e67fbaf8 0.1s done
2025-12-27T14:59:03.1752048Z #10 sha256:e6ef242c157026935bf8a69e6cf19f8f6635e44507c813daf0cc644f2e22396b 629B / 629B 0.1s done
2025-12-27T14:59:03.1753582Z #10 sha256:13fcfbc94648785b918ecc1af675ac5187cdfc30f4fdaf9afa8bd2e9dedf548b 954B / 954B 0.1s done
2025-12-27T14:59:03.1755219Z #10 sha256:4abcf20661432fb2d719aaf90656f55c287f8ca915dc1c92ec14ff61e67fbaf8 3.41MB / 3.41MB 0.1s done
2025-12-27T14:59:03.1756776Z #10 sha256:721fa00bc549df26b3e67cc558ff176112d4ba69847537766f3c28e171d180e7 2.50kB / 2.50kB done
2025-12-27T14:59:03.1758210Z #10 sha256:501d84f5d06487ff81e506134dc922ed4fd2080d5521eb5b6ee4054fa17d15c4 10.80kB / 10.80kB done
2025-12-27T14:59:03.1759690Z #10 sha256:fc21a1d387f514f53589abea6d67cd6b329dfd3c9059bc96a552af3b3c97b413 3.99MB / 3.99MB 0.1s done
2025-12-27T14:59:03.1761246Z #10 sha256:516475cc129da42866742567714ddc681e5eed7b9ee0b9e9c015e464b4221a00 9.07kB / 9.07kB done
2025-12-27T14:59:03.1762631Z #10 extracting sha256:fc21a1d387f514f53589abea6d67cd6b329dfd3c9059bc96a552af3b3c97b413 0.2s done
2025-12-27T14:59:03.1763863Z #10 sha256:d4bca490e609acaaf54ca73363442d31a31fd136a47a20a12370cf2025f0a10b 393B / 393B 0.2s done
2025-12-27T14:59:03.1765081Z #10 sha256:8a3742a9529dc5c00974dfcf5e465be9f1606ff8a1911527b3928cf86ad57465 1.40kB / 1.40kB 0.2s done
2025-12-27T14:59:03.1766141Z #10 sha256:5406ed7b06d9a94b5bd15843d2a1c7e38796a3ec5dc7f40f16f70cc1d045f453 1.21kB / 1.21kB 0.2s done
2025-12-27T14:59:03.1767292Z #10 sha256:0d0c16747d2c6b6c26c064652afcb964c15f1b1e596ec052b2aa19b83948ae27 13.04MB / 13.04MB 0.3s done
2025-12-27T14:59:03.1768309Z #10 extracting sha256:e6ef242c157026935bf8a69e6cf19f8f6635e44507c813daf0cc644f2e22396b done
2025-12-27T14:59:03.1769282Z #10 extracting sha256:13fcfbc94648785b918ecc1af675ac5187cdfc30f4fdaf9afa8bd2e9dedf548b done
2025-12-27T14:59:03.1770703Z #10 extracting sha256:d4bca490e609acaaf54ca73363442d31a31fd136a47a20a12370cf2025f0a10b done
2025-12-27T14:59:03.1771584Z #10 extracting sha256:5406ed7b06d9a94b5bd15843d2a1c7e38796a3ec5dc7f40f16f70cc1d045f453 done
2025-12-27T14:59:03.1772418Z #10 extracting sha256:8a3742a9529dc5c00974dfcf5e465be9f1606ff8a1911527b3928cf86ad57465 done
2025-12-27T14:59:03.1773755Z #10 extracting sha256:0d0c16747d2c6b6c26c064652afcb964c15f1b1e596ec052b2aa19b83948ae27 0.3s done
2025-12-27T14:59:03.1774879Z #10 DONE 1.1s
2025-12-27T14:59:03.1775176Z 
2025-12-27T14:59:03.1775808Z #11 [builder 1/9] FROM docker.io/library/node:20-alpine@sha256:658d0f63e501824d6c23e06d4bb95c71e7d704537c9d9272f488ac03a370d448
2025-12-27T14:59:03.7547512Z #11 extracting sha256:8d06ba6946d1f299d8f962e37906c77006df33d47050430a57f7893ec35af697 1.1s done
2025-12-27T14:59:03.7549464Z #11 extracting sha256:cb3325e64457574e24f92246e3da3376946e473d636209e1390eac47b50b26a3
2025-12-27T14:59:03.9707619Z #11 extracting sha256:cb3325e64457574e24f92246e3da3376946e473d636209e1390eac47b50b26a3 0.0s done
2025-12-27T14:59:03.9708811Z #11 extracting sha256:fd1849a5c548bc65ee47a64498951bda5d40e87d08efe9dca69b5c8cdedc7a52 done
2025-12-27T14:59:03.9709412Z #11 DONE 1.8s
2025-12-27T14:59:03.9709606Z 
2025-12-27T14:59:03.9709768Z #13 [builder 2/9] WORKDIR /app
2025-12-27T14:59:03.9710502Z #13 DONE 0.0s
2025-12-27T14:59:03.9710706Z 
2025-12-27T14:59:03.9710907Z #14 [builder 3/9] RUN npm install -g pnpm
2025-12-27T14:59:05.1827596Z #14 1.363 
2025-12-27T14:59:05.1828163Z #14 1.363 added 1 package in 1s
2025-12-27T14:59:05.1828561Z #14 1.363 
2025-12-27T14:59:05.1829053Z #14 1.363 1 package is looking for funding
2025-12-27T14:59:05.1829627Z #14 1.363   run `npm fund` for details
2025-12-27T14:59:05.4106021Z #14 1.365 npm notice
2025-12-27T14:59:05.4107103Z #14 1.365 npm notice New major version of npm available! 10.8.2 -> 11.7.0
2025-12-27T14:59:05.4107873Z #14 1.365 npm notice Changelog: https://github.com/npm/cli/releases/tag/v11.7.0
2025-12-27T14:59:05.4108489Z #14 1.365 npm notice To update run: npm install -g npm@11.7.0
2025-12-27T14:59:05.4108952Z #14 1.365 npm notice
2025-12-27T14:59:05.4109308Z #14 DONE 1.4s
2025-12-27T14:59:05.4109490Z 
2025-12-27T14:59:05.4109771Z #15 [builder 4/9] COPY web/package.json web/package-lock.json* ./web/
2025-12-27T14:59:05.4110278Z #15 DONE 0.0s
2025-12-27T14:59:05.4110484Z 
2025-12-27T14:59:05.4110688Z #16 [builder 5/9] COPY daisyUI.template.css ./
2025-12-27T14:59:05.4111108Z #16 DONE 0.0s
2025-12-27T14:59:05.4111284Z 
2025-12-27T14:59:05.4111450Z #17 [builder 6/9] WORKDIR /app/web
2025-12-27T14:59:05.4111817Z #17 DONE 0.0s
2025-12-27T14:59:05.4111994Z 
2025-12-27T14:59:05.4112152Z #18 [builder 7/9] RUN pnpm install
2025-12-27T14:59:06.0440170Z #18 0.784 Progress: resolved 1, reused 0, downloaded 0, added 0
2025-12-27T14:59:06.3190804Z #18 1.059  WARN  deprecated eslint@8.57.1: This version is no longer supported. Please see https://eslint.org/version-support for other options.
2025-12-27T14:59:07.0878158Z #18 1.828 Progress: resolved 33, reused 0, downloaded 32, added 0
2025-12-27T14:59:08.0886300Z #18 2.829 Progress: resolved 148, reused 0, downloaded 130, added 0
2025-12-27T14:59:09.0891418Z #18 3.829 Progress: resolved 348, reused 0, downloaded 317, added 0
2025-12-27T14:59:10.0893310Z #18 4.829 Progress: resolved 466, reused 0, downloaded 398, added 0
2025-12-27T14:59:11.0901204Z #18 5.829 Progress: resolved 677, reused 0, downloaded 583, added 0
2025-12-27T14:59:11.5549200Z #18 6.295  WARN  5 deprecated subdependencies found: @humanwhocodes/config-array@0.13.0, @humanwhocodes/object-schema@2.0.3, glob@7.2.3, inflight@1.0.6, rimraf@3.0.2
2025-12-27T14:59:11.7331942Z #18 6.322 Packages: +672
2025-12-27T14:59:11.7332828Z #18 6.322 ++++++++++++++++++++++++++++++++++++++++++++++++++++++++++++++++++++++++++++++++
2025-12-27T14:59:12.0898569Z #18 6.829 Progress: resolved 715, reused 0, downloaded 672, added 415
2025-12-27T14:59:12.2425839Z #18 6.982 Progress: resolved 715, reused 0, downloaded 672, added 672, done
2025-12-27T14:59:12.6524502Z #18 7.392 
2025-12-27T14:59:12.6525124Z #18 7.392 dependencies:
2025-12-27T14:59:12.6525790Z #18 7.392 + @twa-dev/sdk 7.10.1 (8.0.2 is available)
2025-12-27T14:59:12.6526501Z #18 7.392 + axios 1.13.2
2025-12-27T14:59:12.6527108Z #18 7.392 + pinia 2.3.1 (3.0.4 is available)
2025-12-27T14:59:12.6527782Z #18 7.392 + vue 3.5.26
2025-12-27T14:59:12.6528663Z #18 7.392 + vue-router 4.6.4
2025-12-27T14:59:12.6529260Z #18 7.392 
2025-12-27T14:59:12.6529775Z #18 7.392 devDependencies:
2025-12-27T14:59:12.6530399Z #18 7.392 + @rushstack/eslint-patch 1.15.0
2025-12-27T14:59:12.6531105Z #18 7.392 + @testing-library/jest-dom 6.9.1
2025-12-27T14:59:12.6531803Z #18 7.392 + @testing-library/vue 8.1.0
2025-12-27T14:59:12.6532495Z #18 7.392 + @types/node 20.19.27 (25.0.3 is available)
2025-12-27T14:59:12.6533263Z #18 7.392 + @vitejs/plugin-vue 5.2.4 (6.0.3 is available)
2025-12-27T14:59:12.6534048Z #18 7.392 + @vitest/coverage-v8 1.6.1 (4.0.16 is available)
2025-12-27T14:59:12.6535093Z #18 7.392 + @vitest/ui 1.6.1 (4.0.16 is available)
2025-12-27T14:59:12.6535899Z #18 7.392 + @vue/eslint-config-prettier 9.0.0 (10.2.0 is available)
2025-12-27T14:59:12.6536837Z #18 7.392 + @vue/eslint-config-typescript 13.0.0 (14.6.0 is available)
2025-12-27T14:59:12.6537648Z #18 7.392 + @vue/test-utils 2.4.6
2025-12-27T14:59:12.6538274Z #18 7.392 + autoprefixer 10.4.23
2025-12-27T14:59:12.6539140Z #18 7.392 + cypress 13.17.0 (15.8.1 is available)
2025-12-27T14:59:12.6539848Z #18 7.392 + daisyui 4.12.24 (5.5.14 is available)
2025-12-27T14:59:12.6540594Z #18 7.392 + eslint 8.57.1 (9.39.2 is available) deprecated
2025-12-27T14:59:12.6541399Z #18 7.392 + eslint-plugin-vue 9.33.0 (10.6.2 is available)
2025-12-27T14:59:12.6542157Z #18 7.392 + jsdom 24.1.3 (27.4.0 is available)
2025-12-27T14:59:12.6542828Z #18 7.392 + postcss 8.5.6
2025-12-27T14:59:12.6543412Z #18 7.392 + prettier 3.7.4
2025-12-27T14:59:12.6543988Z #18 7.392 + stylelint 16.26.1
2025-12-27T14:59:12.6544871Z #18 7.392 + stylelint-config-standard 36.0.1 (39.0.1 is available)
2025-12-27T14:59:12.6545735Z #18 7.392 + stylelint-config-standard-vue 1.0.0
2025-12-27T14:59:12.6546508Z #18 7.392 + stylelint-order 6.0.4 (7.0.0 is available)
2025-12-27T14:59:12.6547256Z #18 7.392 + tailwindcss 3.4.19 (4.1.18 is available)
2025-12-27T14:59:12.6547991Z #18 7.392 + type-fest 4.41.0 (5.3.1 is available)
2025-12-27T14:59:12.6548696Z #18 7.392 + typescript 5.9.3
2025-12-27T14:59:12.6549310Z #18 7.392 + vite 5.4.21 (7.3.0 is available)
2025-12-27T14:59:12.6550005Z #18 7.392 + vitest 1.6.1 (4.0.16 is available)
2025-12-27T14:59:12.6550698Z #18 7.392 + vue-tsc 2.2.12 (3.2.1 is available)
2025-12-27T14:59:12.6551353Z #18 7.392 
2025-12-27T14:59:12.8762902Z #18 7.395 ╭ Warning ─────────────────────────────────────────────────────────────────────╮
2025-12-27T14:59:12.8764460Z #18 7.395 │                                                                              │
2025-12-27T14:59:12.8765743Z #18 7.395 │   Ignored build scripts: cypress@13.17.0, esbuild@0.21.5,                    │
2025-12-27T14:59:12.8766589Z #18 7.395 │   vue-demi@0.14.10.                                                          │
2025-12-27T14:59:12.8767280Z #18 7.395 │   Run "pnpm approve-builds" to pick which dependencies should be allowed     │
2025-12-27T14:59:12.8767980Z #18 7.395 │   to run scripts.                                                            │
2025-12-27T14:59:12.8768607Z #18 7.395 │                                                                              │
2025-12-27T14:59:12.8769203Z #18 7.395 ╰──────────────────────────────────────────────────────────────────────────────╯
2025-12-27T14:59:12.8770248Z #18 7.414 Done in 7.2s using pnpm v10.26.2
2025-12-27T14:59:12.8771027Z #18 DONE 7.5s
2025-12-27T14:59:12.8771444Z 
2025-12-27T14:59:12.8771709Z #19 [builder 8/9] COPY web ./
2025-12-27T14:59:13.1256747Z #19 DONE 0.4s
2025-12-27T14:59:13.2768763Z 
2025-12-27T14:59:13.2769365Z #20 [builder 9/9] RUN pnpm run build
2025-12-27T14:59:13.6453840Z #20 0.519 
2025-12-27T14:59:13.6455139Z #20 0.519 > tg-miniapp-web@0.1.0 build /app/web
2025-12-27T14:59:13.6456373Z #20 0.519 > vite build
2025-12-27T14:59:13.6457144Z #20 0.519 
2025-12-27T14:59:13.9510857Z #20 0.824 vite v5.4.21 building for production...
2025-12-27T14:59:14.0612387Z #20 0.935 transforming...
2025-12-27T14:59:14.7877015Z #20 1.661 
2025-12-27T14:59:14.9381611Z #20 1.661 🌼   daisyUI 4.12.24
2025-12-27T14:59:14.9827540Z #20 1.855 ├─ ✔︎ 1 theme added		https://daisyui.com/docs/themes
2025-12-27T14:59:14.9828730Z #20 1.856 ╰─ ★ Star daisyUI on GitHub	https://github.com/saadeghi/daisyui
2025-12-27T14:59:14.9829584Z #20 1.856 
2025-12-27T14:59:17.1073894Z #20 3.981 ✓ 119 modules transformed.
2025-12-27T14:59:17.2525402Z #20 4.126 rendering chunks...
2025-12-27T14:59:17.4040499Z #20 4.210 computing gzip size...
2025-12-27T14:59:17.4041904Z #20 4.222 dist/index.html                                      1.70 kB │ gzip:  0.77 kB
2025-12-27T14:59:17.4043207Z #20 4.222 dist/assets/TaskDetailPage-Cjb1jxkk.css              1.17 kB │ gzip:  0.52 kB
2025-12-27T14:59:17.4046255Z #20 4.222 dist/assets/OnboardingPage-DQDgKyDZ.css              4.94 kB │ gzip:  1.38 kB
2025-12-27T14:59:17.4047637Z #20 4.222 dist/assets/index-C3hmJXWP.css                     115.77 kB │ gzip: 18.73 kB
2025-12-27T14:59:17.4048972Z #20 4.222 dist/assets/_plugin-vue_export-helper-DlAUqK2U.js    0.09 kB │ gzip:  0.10 kB
2025-12-27T14:59:17.4050592Z #20 4.222 dist/assets/notion-xeZMgT_e.js                       0.12 kB │ gzip:  0.13 kB
2025-12-27T14:59:17.4051939Z #20 4.222 dist/assets/task-Dbw0pR9V.js                         0.41 kB │ gzip:  0.22 kB
2025-12-27T14:59:17.4053243Z #20 4.222 dist/assets/group-FgGqggfQ.js                        0.42 kB │ gzip:  0.21 kB
2025-12-27T14:59:17.4054748Z #20 4.222 dist/assets/useSwipeBack-BRokl-hf.js                 0.83 kB │ gzip:  0.40 kB
2025-12-27T14:59:17.4056113Z #20 4.222 dist/assets/OnboardingPage-BhuGflLG.js               3.13 kB │ gzip:  1.79 kB
2025-12-27T14:59:17.4057468Z #20 4.223 dist/assets/GroupListPage-CLDGnB6N.js                3.66 kB │ gzip:  1.88 kB
2025-12-27T14:59:17.4058804Z #20 4.223 dist/assets/GroupBindPage-CDJVkd1F.js                4.65 kB │ gzip:  1.97 kB
2025-12-27T14:59:17.4060132Z #20 4.223 dist/assets/SettingsPage-Dp9zXaJ4.js                 7.37 kB │ gzip:  2.84 kB
2025-12-27T14:59:17.4061442Z #20 4.223 dist/assets/HomePage-ZzZEy013.js                    11.14 kB │ gzip:  4.20 kB
2025-12-27T14:59:17.4062808Z #20 4.223 dist/assets/TaskDetailPage-DIfA24hx.js              26.31 kB │ gzip:  8.39 kB
2025-12-27T14:59:17.4064114Z #20 4.223 dist/assets/index-Cb8Sul1D.js                      187.32 kB │ gzip: 69.06 kB
2025-12-27T14:59:17.4072616Z #20 4.223 ✓ built in 3.37s
2025-12-27T14:59:17.4073231Z #20 DONE 4.3s
2025-12-27T14:59:17.8678091Z 
2025-12-27T14:59:17.8678951Z #21 [runner 2/3] COPY --from=builder /app/web/dist /usr/share/nginx/html
2025-12-27T14:59:18.0163193Z #21 DONE 0.0s
2025-12-27T14:59:18.0163579Z 
2025-12-27T14:59:18.0164003Z #22 [runner 3/3] COPY web/nginx.conf /etc/nginx/conf.d/default.conf
2025-12-27T14:59:18.0165102Z #22 DONE 0.0s
2025-12-27T14:59:18.0165442Z 
2025-12-27T14:59:18.0165723Z #23 exporting to image
2025-12-27T14:59:18.0166294Z #23 exporting layers 0.1s done
2025-12-27T14:59:18.1337488Z #23 writing image sha256:437db00af72edf7cda40d9fb7431c762c0e9843e0a84e2a64e015144ac15c46e done
2025-12-27T14:59:18.1338455Z #23 naming to ghcr.io/layababa/tg_todo_web:latest done
2025-12-27T14:59:18.1338955Z #23 DONE 0.1s
2025-12-27T14:59:18.1339152Z 
2025-12-27T14:59:18.1339339Z #24 resolving provenance for metadata file
2025-12-27T14:59:18.1339747Z #24 DONE 0.0s
2025-12-27T14:59:18.1339930Z 
2025-12-27T14:59:18.1340147Z #25 pushing ghcr.io/layababa/tg_todo_web:latest with docker
2025-12-27T14:59:18.1340626Z #25 pushing layer 8e56e7d2b785
2025-12-27T14:59:18.2841277Z #25 pushing layer 8067e8dd9e34
2025-12-27T14:59:18.2842373Z #25 pushing layer ce495f7b0b7d
2025-12-27T14:59:18.2843022Z #25 pushing layer 9c70f446fbe2
2025-12-27T14:59:18.2843640Z #25 pushing layer 5be225e16e44
2025-12-27T14:59:18.2844400Z #25 pushing layer 3d04ead9b400
2025-12-27T14:59:18.2845021Z #25 pushing layer af5598fef05f
2025-12-27T14:59:18.2845631Z #25 pushing layer 8fbd5a835e5e
2025-12-27T14:59:18.2846114Z #25 pushing layer 75061be64847
2025-12-27T14:59:18.2846618Z #25 pushing layer d4fc045c9e3a
2025-12-27T14:59:18.5194160Z #25 pushing layer 8e56e7d2b785 3.58kB / 321B 0.3s
2025-12-27T14:59:18.5196266Z #25 pushing layer 8067e8dd9e34 386.56kB / 370.02kB 0.3s
2025-12-27T14:59:19.5456852Z #25 pushing layer 8e56e7d2b785 1.4s done
2025-12-27T14:59:19.6982423Z #25 pushing layer 8067e8dd9e34 1.4s done
2025-12-27T14:59:21.2341055Z #25 pushing layer 9c70f446fbe2 3.1s done
2025-12-27T14:59:21.3848467Z #25 pushing layer ce495f7b0b7d 3.1s done
2025-12-27T14:59:21.3849216Z #25 pushing layer 5be225e16e44 3.1s done
2025-12-27T14:59:21.3849653Z #25 pushing layer 3d04ead9b400 3.1s done
2025-12-27T14:59:21.3850078Z #25 pushing layer af5598fef05f 3.1s done
2025-12-27T14:59:21.3850498Z #25 pushing layer 8fbd5a835e5e 3.1s done
2025-12-27T14:59:21.3850905Z #25 pushing layer 75061be64847 3.1s done
2025-12-27T14:59:21.3851304Z #25 pushing layer d4fc045c9e3a 3.1s done
2025-12-27T14:59:21.3851692Z #25 DONE 3.2s
2025-12-27T14:59:22.0233034Z ##[group]ImageID
2025-12-27T14:59:22.0233854Z sha256:437db00af72edf7cda40d9fb7431c762c0e9843e0a84e2a64e015144ac15c46e
2025-12-27T14:59:22.0241223Z ##[endgroup]
2025-12-27T14:59:22.0242439Z ##[group]Digest
2025-12-27T14:59:22.0243214Z sha256:3e922a7e2e5f45b832dd0973462c68e50aefd06ef1c04825eb5737c37a497fb9
2025-12-27T14:59:22.0245960Z ##[endgroup]
2025-12-27T14:59:22.0246856Z ##[group]Metadata
2025-12-27T14:59:22.0247402Z {
2025-12-27T14:59:22.0247802Z   "buildx.build.provenance": {
2025-12-27T14:59:22.0248202Z     "builder": {
2025-12-27T14:59:22.0248538Z       "id": ""
2025-12-27T14:59:22.0248861Z     },
2025-12-27T14:59:22.0249253Z     "buildType": "https://mobyproject.org/buildkit@v1",
2025-12-27T14:59:22.0249723Z     "materials": [
2025-12-27T14:59:22.0250058Z       {
2025-12-27T14:59:22.0250410Z         "uri": "pkg:docker/docker/dockerfile@1.6",
2025-12-27T14:59:22.0250832Z         "digest": {
2025-12-27T14:59:22.0251311Z           "sha256": "ac85f380a63b13dfcefa89046420e1781752bab202122f8f50032edf31be0021"
2025-12-27T14:59:22.0251827Z         }
2025-12-27T14:59:22.0252149Z       },
2025-12-27T14:59:22.0252460Z       {
2025-12-27T14:59:22.0252865Z         "uri": "pkg:docker/nginx@1.25-alpine?platform=linux%2Famd64",
2025-12-27T14:59:22.0253341Z         "digest": {
2025-12-27T14:59:22.0253805Z           "sha256": "516475cc129da42866742567714ddc681e5eed7b9ee0b9e9c015e464b4221a00"
2025-12-27T14:59:22.0254551Z         }
2025-12-27T14:59:22.0254877Z       },
2025-12-27T14:59:22.0255197Z       {
2025-12-27T14:59:22.0255581Z         "uri": "pkg:docker/node@20-alpine?platform=linux%2Famd64",
2025-12-27T14:59:22.0256045Z         "digest": {
2025-12-27T14:59:22.0256505Z           "sha256": "658d0f63e501824d6c23e06d4bb95c71e7d704537c9d9272f488ac03a370d448"
2025-12-27T14:59:22.0257016Z         }
2025-12-27T14:59:22.0257326Z       }
2025-12-27T14:59:22.0257633Z     ],
2025-12-27T14:59:22.0257942Z     "invocation": {
2025-12-27T14:59:22.0258284Z       "configSource": {
2025-12-27T14:59:22.0258646Z         "entryPoint": "Dockerfile"
2025-12-27T14:59:22.0259020Z       },
2025-12-27T14:59:22.0259333Z       "parameters": {
2025-12-27T14:59:22.0259695Z         "frontend": "gateway.v0",
2025-12-27T14:59:22.0260068Z         "args": {
2025-12-27T14:59:22.0260529Z           "build-arg:VITE_API_BASE_URL": "https://ddddapiprod.zcvyzest.xyz",
2025-12-27T14:59:22.0261060Z           "cmdline": "docker/dockerfile:1.6",
2025-12-27T14:59:22.0261483Z           "source": "docker/dockerfile:1.6"
2025-12-27T14:59:22.0261884Z         },
2025-12-27T14:59:22.0262202Z         "locals": [
2025-12-27T14:59:22.0262798Z           {
2025-12-27T14:59:22.0263358Z             "name": "context"
2025-12-27T14:59:22.0263794Z           },
2025-12-27T14:59:22.0264108Z           {
2025-12-27T14:59:22.0264633Z             "name": "dockerfile"
2025-12-27T14:59:22.0264994Z           }
2025-12-27T14:59:22.0265293Z         ]
2025-12-27T14:59:22.0265603Z       },
2025-12-27T14:59:22.0265915Z       "environment": {
2025-12-27T14:59:22.0266278Z         "platform": "linux/amd64"
2025-12-27T14:59:22.0266639Z       }
2025-12-27T14:59:22.0266949Z     }
2025-12-27T14:59:22.0267263Z   },
2025-12-27T14:59:22.0267662Z   "buildx.build.ref": "default/default/bijwk5xnehf9jmbdlapslcqdc",
2025-12-27T14:59:22.0268755Z   "containerimage.config.digest": "sha256:437db00af72edf7cda40d9fb7431c762c0e9843e0a84e2a64e015144ac15c46e",
2025-12-27T14:59:22.0270195Z   "containerimage.digest": "sha256:3e922a7e2e5f45b832dd0973462c68e50aefd06ef1c04825eb5737c37a497fb9",
2025-12-27T14:59:22.0271287Z   "image.name": "ghcr.io/layababa/tg_todo_web:latest"
2025-12-27T14:59:22.0271969Z }
2025-12-27T14:59:22.0272851Z ##[endgroup]
2025-12-27T14:59:22.0376421Z ##[group]Run appleboy/ssh-action@v1.0.3
2025-12-27T14:59:22.0376867Z with:
2025-12-27T14:59:22.0377285Z   host: ***
2025-12-27T14:59:22.0377625Z   username: ***
2025-12-27T14:59:22.0392440Z   key: ***
2025-12-27T14:59:22.0392771Z   port: 10321
2025-12-27T14:59:22.0393788Z   script: cd /***/tg_todo
git pull origin main
cd infra
# 使用环境变量替换镜像中的用户名（仅为占位符，由 docker compose 自动填充或在此注入）
export GITHUB_REPOSITORY_OWNER=layababa
docker compose -f docker-compose.prod.yml pull
docker compose -f docker-compose.prod.yml up -d
docker image prune -f

2025-12-27T14:59:22.0395230Z   timeout: 30s
2025-12-27T14:59:22.0395564Z   command_timeout: 10m
2025-12-27T14:59:22.0395917Z   proxy_port: 22
2025-12-27T14:59:22.0396257Z   proxy_timeout: 30s
2025-12-27T14:59:22.0396600Z env:
2025-12-27T14:59:22.0396912Z   GO_VERSION: 1.21.x
2025-12-27T14:59:22.0397255Z   NODE_VERSION: 20.x
2025-12-27T14:59:22.0397584Z ##[endgroup]
2025-12-27T14:59:22.0518098Z ##[command]/usr/bin/docker run --name dab9d3874c89ad0243448dadb5c3f8335a55e3_0da793 --label dab9d3 --workdir /github/workspace --rm -e "GO_VERSION" -e "NODE_VERSION" -e "INPUT_HOST" -e "INPUT_USERNAME" -e "INPUT_KEY" -e "INPUT_PORT" -e "INPUT_SCRIPT" -e "INPUT_PASSPHRASE" -e "INPUT_PASSWORD" -e "INPUT_SYNC" -e "INPUT_USE_INSECURE_CIPHER" -e "INPUT_CIPHER" -e "INPUT_TIMEOUT" -e "INPUT_COMMAND_TIMEOUT" -e "INPUT_KEY_PATH" -e "INPUT_FINGERPRINT" -e "INPUT_PROXY_HOST" -e "INPUT_PROXY_PORT" -e "INPUT_PROXY_USERNAME" -e "INPUT_PROXY_PASSWORD" -e "INPUT_PROXY_PASSPHRASE" -e "INPUT_PROXY_TIMEOUT" -e "INPUT_PROXY_KEY" -e "INPUT_PROXY_KEY_PATH" -e "INPUT_PROXY_FINGERPRINT" -e "INPUT_PROXY_CIPHER" -e "INPUT_PROXY_USE_INSECURE_CIPHER" -e "INPUT_SCRIPT_STOP" -e "INPUT_ENVS" -e "INPUT_ENVS_FORMAT" -e "INPUT_DEBUG" -e "INPUT_ALLENVS" -e "INPUT_REQUEST_PTY" -e "HOME" -e "GITHUB_JOB" -e "GITHUB_REF" -e "GITHUB_SHA" -e "GITHUB_REPOSITORY" -e "GITHUB_REPOSITORY_OWNER" -e "GITHUB_REPOSITORY_OWNER_ID" -e "GITHUB_RUN_ID" -e "GITHUB_RUN_NUMBER" -e "GITHUB_RETENTION_DAYS" -e "GITHUB_RUN_ATTEMPT" -e "GITHUB_ACTOR_ID" -e "GITHUB_ACTOR" -e "GITHUB_WORKFLOW" -e "GITHUB_HEAD_REF" -e "GITHUB_BASE_REF" -e "GITHUB_EVENT_NAME" -e "GITHUB_SERVER_URL" -e "GITHUB_API_URL" -e "GITHUB_GRAPHQL_URL" -e "GITHUB_REF_NAME" -e "GITHUB_REF_PROTECTED" -e "GITHUB_REF_TYPE" -e "GITHUB_WORKFLOW_REF" -e "GITHUB_WORKFLOW_SHA" -e "GITHUB_REPOSITORY_ID" -e "GITHUB_TRIGGERING_ACTOR" -e "GITHUB_WORKSPACE" -e "GITHUB_ACTION" -e "GITHUB_EVENT_PATH" -e "GITHUB_ACTION_REPOSITORY" -e "GITHUB_ACTION_REF" -e "GITHUB_PATH" -e "GITHUB_ENV" -e "GITHUB_STEP_SUMMARY" -e "GITHUB_STATE" -e "GITHUB_OUTPUT" -e "RUNNER_OS" -e "RUNNER_ARCH" -e "RUNNER_NAME" -e "RUNNER_ENVIRONMENT" -e "RUNNER_TOOL_CACHE" -e "RUNNER_TEMP" -e "RUNNER_WORKSPACE" -e "ACTIONS_RUNTIME_URL" -e "ACTIONS_RUNTIME_TOKEN" -e "ACTIONS_CACHE_URL" -e "ACTIONS_RESULTS_URL" -e GITHUB_ACTIONS=true -e CI=true -v "/var/run/docker.sock":"/var/run/docker.sock" -v "/home/runner/work/_temp":"/github/runner_temp" -v "/home/runner/work/_temp/_github_home":"/github/home" -v "/home/runner/work/_temp/_github_workflow":"/github/workflow" -v "/home/runner/work/_temp/_runner_file_commands":"/github/file_commands" -v "/home/runner/work/tg_todo/tg_todo":"/github/workspace" dab9d3:874c89ad0243448dadb5c3f8335a55e3
2025-12-27T14:59:22.2062979Z ======CMD======
2025-12-27T14:59:22.2063822Z cd /***/tg_todo
2025-12-27T14:59:22.2064922Z git pull origin main
2025-12-27T14:59:22.2065487Z cd infra
2025-12-27T14:59:22.2066284Z # 使用环境变量替换镜像中的用户名（仅为占位符，由 docker compose 自动填充或在此注入）
2025-12-27T14:59:22.2066782Z export GITHUB_REPOSITORY_OWNER=layababa
2025-12-27T14:59:22.2067398Z docker compose -f docker-compose.prod.yml pull
2025-12-27T14:59:22.2067997Z docker compose -f docker-compose.prod.yml up -d
2025-12-27T14:59:22.2068467Z docker image prune -f
2025-12-27T14:59:22.2068783Z 
2025-12-27T14:59:22.2068938Z ======END======
2025-12-27T14:59:26.3549163Z err: From github.com:layababa/tg_todo
2025-12-27T14:59:26.3549828Z err:  * branch            main       -> FETCH_HEAD
2025-12-27T14:59:26.5205209Z out: Already up to date.
2025-12-27T14:59:26.6484082Z err:  web Pulling 
2025-12-27T14:59:26.6485159Z err:  redis Pulling 
2025-12-27T14:59:26.6485922Z err:  db Pulling 
2025-12-27T14:59:26.6489318Z err:  api Pulling 
2025-12-27T14:59:28.5611365Z err:  17a39c0ba978 Already exists 
2025-12-27T14:59:28.5733465Z err:  db Pulled 
2025-12-27T14:59:28.5800513Z err:  redis Pulled 
2025-12-27T14:59:28.5801076Z err:  7bce66ed0648 Pulling fs layer 
2025-12-27T14:59:28.5801620Z err:  477dc9605961 Pulling fs layer 
2025-12-27T14:59:28.5802141Z err:  e7e5e232d4a4 Pulling fs layer 
2025-12-27T14:59:28.5802963Z err:  9651e5ed3263 Pulling fs layer 
2025-12-27T14:59:28.5803471Z err:  9651e5ed3263 Waiting 
2025-12-27T14:59:28.6015591Z err:  4abcf2066143 Already exists 
2025-12-27T14:59:28.6141106Z err:  fc21a1d387f5 Already exists 
2025-12-27T14:59:28.6258464Z err:  e6ef242c1570 Already exists 
2025-12-27T14:59:28.6375399Z err:  13fcfbc94648 Already exists 
2025-12-27T14:59:28.6497721Z err:  d4bca490e609 Already exists 
2025-12-27T14:59:28.6602898Z err:  5406ed7b06d9 Already exists 
2025-12-27T14:59:28.6716748Z err:  8a3742a9529d Already exists 
2025-12-27T14:59:28.7137440Z err:  0d0c16747d2c Already exists 
2025-12-27T14:59:28.7138044Z err:  03599372f059 Pulling fs layer 
2025-12-27T14:59:28.7138576Z err:  44587519b3f7 Pulling fs layer 
2025-12-27T14:59:28.7139104Z err:  03599372f059 Waiting 
2025-12-27T14:59:28.7139569Z err:  44587519b3f7 Waiting 
2025-12-27T14:59:29.2971177Z err:  477dc9605961 Downloading [>                                                  ]   6.89kB/614.1kB
2025-12-27T14:59:29.3024924Z err:  7bce66ed0648 Downloading [==================================================>]      92B/92B
2025-12-27T14:59:29.3025730Z err:  7bce66ed0648 Verifying Checksum 
2025-12-27T14:59:29.3026173Z err:  7bce66ed0648 Download complete 
2025-12-27T14:59:29.3026693Z err:  7bce66ed0648 Extracting [==================================================>]      92B/92B
2025-12-27T14:59:29.3030325Z err:  7bce66ed0648 Extracting [==================================================>]      92B/92B
2025-12-27T14:59:29.3526087Z err:  7bce66ed0648 Pull complete 
2025-12-27T14:59:29.3969166Z err:  e7e5e232d4a4 Downloading [>                                                  ]  228.2kB/22.18MB
2025-12-27T14:59:29.4004745Z err:  477dc9605961 Downloading [=============================>                     ]  359.2kB/614.1kB
2025-12-27T14:59:29.4805222Z err:  477dc9605961 Downloading [==================================================>]  614.1kB/614.1kB
2025-12-27T14:59:29.4806279Z err:  477dc9605961 Verifying Checksum 
2025-12-27T14:59:29.4806882Z err:  477dc9605961 Download complete 
2025-12-27T14:59:29.4807567Z err:  477dc9605961 Extracting [==>                                                ]  32.77kB/614.1kB
2025-12-27T14:59:29.5185937Z err:  e7e5e232d4a4 Downloading [=>                                                 ]  686.9kB/22.18MB
2025-12-27T14:59:29.6000903Z err:  477dc9605961 Extracting [========================================>          ]  491.5kB/614.1kB
2025-12-27T14:59:29.6340794Z err:  e7e5e232d4a4 Downloading [===>                                               ]  1.375MB/22.18MB
2025-12-27T14:59:29.7313486Z err:  477dc9605961 Extracting [==================================================>]  614.1kB/614.1kB
2025-12-27T14:59:29.7506378Z err:  e7e5e232d4a4 Downloading [====>                                              ]  2.063MB/22.18MB
2025-12-27T14:59:29.7789180Z err:  477dc9605961 Extracting [==================================================>]  614.1kB/614.1kB
2025-12-27T14:59:29.8670592Z err:  e7e5e232d4a4 Downloading [======>                                            ]  2.751MB/22.18MB
2025-12-27T14:59:29.9711301Z err:  9651e5ed3263 Download complete 
2025-12-27T14:59:29.9738626Z err:  477dc9605961 Pull complete 
2025-12-27T14:59:29.9838216Z err:  e7e5e232d4a4 Downloading [=======>                                           ]  3.439MB/22.18MB
2025-12-27T14:59:30.1002583Z err:  e7e5e232d4a4 Downloading [=========>                                         ]  4.128MB/22.18MB
2025-12-27T14:59:30.1741574Z err:  03599372f059 Downloading [>                                                  ]  1.378kB/109.9kB
2025-12-27T14:59:30.2306149Z err:  e7e5e232d4a4 Downloading [==========>                                        ]  4.816MB/22.18MB
2025-12-27T14:59:30.2405608Z err:  03599372f059 Downloading [==================================================>]  109.9kB/109.9kB
2025-12-27T14:59:30.2406396Z err:  03599372f059 Verifying Checksum 
2025-12-27T14:59:30.2406958Z err:  03599372f059 Download complete 
2025-12-27T14:59:30.2407932Z err:  03599372f059 Extracting [==============>                                    ]  32.77kB/109.9kB
2025-12-27T14:59:30.2420115Z err:  03599372f059 Extracting [==================================================>]  109.9kB/109.9kB
2025-12-27T14:59:30.2980559Z err:  03599372f059 Pull complete 
2025-12-27T14:59:30.3518483Z err:  e7e5e232d4a4 Downloading [============>                                      ]  5.511MB/22.18MB
2025-12-27T14:59:30.4675821Z err:  e7e5e232d4a4 Downloading [=============>                                     ]  6.199MB/22.18MB
2025-12-27T14:59:30.5948467Z err:  e7e5e232d4a4 Downloading [===============>                                   ]  6.888MB/22.18MB
2025-12-27T14:59:30.7117852Z err:  e7e5e232d4a4 Downloading [=================>                                 ]  7.576MB/22.18MB
2025-12-27T14:59:30.7966582Z err:  44587519b3f7 Downloading [==================================================>]     341B/341B
2025-12-27T14:59:30.7967420Z err:  44587519b3f7 Verifying Checksum 
2025-12-27T14:59:30.7968103Z err:  44587519b3f7 Download complete 
2025-12-27T14:59:30.7968909Z err:  44587519b3f7 Extracting [==================================================>]     341B/341B
2025-12-27T14:59:30.7973402Z err:  44587519b3f7 Extracting [==================================================>]     341B/341B
2025-12-27T14:59:30.8273243Z err:  e7e5e232d4a4 Downloading [==================>                                ]  8.264MB/22.18MB
2025-12-27T14:59:30.8515116Z err:  44587519b3f7 Pull complete 
2025-12-27T14:59:30.9055791Z err:  web Pulled 
2025-12-27T14:59:30.9428885Z err:  e7e5e232d4a4 Downloading [====================>                              ]  8.948MB/22.18MB
2025-12-27T14:59:31.0584117Z err:  e7e5e232d4a4 Downloading [=====================>                             ]  9.634MB/22.18MB
2025-12-27T14:59:31.1739611Z err:  e7e5e232d4a4 Downloading [=======================>                           ]  10.32MB/22.18MB
2025-12-27T14:59:31.3379521Z err:  e7e5e232d4a4 Downloading [========================>                          ]  10.78MB/22.18MB
2025-12-27T14:59:31.4797361Z err:  e7e5e232d4a4 Downloading [=========================>                         ]  11.24MB/22.18MB
2025-12-27T14:59:31.6250094Z err:  e7e5e232d4a4 Downloading [==========================>                        ]  11.93MB/22.18MB
2025-12-27T14:59:31.7411247Z err:  e7e5e232d4a4 Downloading [============================>                      ]  12.62MB/22.18MB
2025-12-27T14:59:31.8563010Z err:  e7e5e232d4a4 Downloading [=============================>                     ]  13.31MB/22.18MB
2025-12-27T14:59:31.9713971Z err:  e7e5e232d4a4 Downloading [===============================>                   ]     14MB/22.18MB
2025-12-27T14:59:32.0863958Z err:  e7e5e232d4a4 Downloading [=================================>                 ]  14.69MB/22.18MB
2025-12-27T14:59:32.2697526Z err:  e7e5e232d4a4 Downloading [==================================>                ]  15.37MB/22.18MB
2025-12-27T14:59:32.3863330Z err:  e7e5e232d4a4 Downloading [===================================>               ]   15.6MB/22.18MB
2025-12-27T14:59:32.4916899Z err:  e7e5e232d4a4 Downloading [====================================>              ]  16.06MB/22.18MB
2025-12-27T14:59:32.6074911Z err:  e7e5e232d4a4 Downloading [=====================================>             ]  16.74MB/22.18MB
2025-12-27T14:59:32.7534967Z err:  e7e5e232d4a4 Downloading [=======================================>           ]  17.43MB/22.18MB
2025-12-27T14:59:32.9093465Z err:  e7e5e232d4a4 Downloading [========================================>          ]  17.89MB/22.18MB
2025-12-27T14:59:33.0174784Z err:  e7e5e232d4a4 Downloading [=========================================>         ]  18.35MB/22.18MB
2025-12-27T14:59:33.1317078Z err:  e7e5e232d4a4 Downloading [==========================================>        ]  19.04MB/22.18MB
2025-12-27T14:59:33.2878169Z err:  e7e5e232d4a4 Downloading [============================================>      ]  19.72MB/22.18MB
2025-12-27T14:59:33.4037177Z err:  e7e5e232d4a4 Downloading [=============================================>     ]  20.18MB/22.18MB
2025-12-27T14:59:33.5571882Z err:  e7e5e232d4a4 Downloading [==============================================>    ]  20.64MB/22.18MB
2025-12-27T14:59:33.6805684Z err:  e7e5e232d4a4 Downloading [================================================>  ]  21.33MB/22.18MB
2025-12-27T14:59:33.7947616Z err:  e7e5e232d4a4 Downloading [=================================================> ]  22.01MB/22.18MB
2025-12-27T14:59:33.8248010Z err:  e7e5e232d4a4 Verifying Checksum 
2025-12-27T14:59:33.8248615Z err:  e7e5e232d4a4 Download complete 
2025-12-27T14:59:33.8278142Z err:  e7e5e232d4a4 Extracting [>                                                  ]  229.4kB/22.18MB
2025-12-27T14:59:33.9293206Z err:  e7e5e232d4a4 Extracting [==========>                                        ]  4.817MB/22.18MB
2025-12-27T14:59:34.0341128Z err:  e7e5e232d4a4 Extracting [=======================>                           ]  10.32MB/22.18MB
2025-12-27T14:59:34.1250191Z err:  e7e5e232d4a4 Extracting [==================================================>]  22.18MB/22.18MB
2025-12-27T14:59:34.1588848Z err:  e7e5e232d4a4 Pull complete 
2025-12-27T14:59:34.1812334Z err:  9651e5ed3263 Extracting [==================================================>]     346B/346B
2025-12-27T14:59:34.1814039Z err:  9651e5ed3263 Extracting [==================================================>]     346B/346B
2025-12-27T14:59:34.2299647Z err:  9651e5ed3263 Pull complete 
2025-12-27T14:59:34.2794020Z err:  api Pulled 
2025-12-27T14:59:34.4164926Z err:  Container tg_todo_prod_redis  Running
2025-12-27T14:59:34.4165578Z err:  Container tg_todo_prod_db  Running
2025-12-27T14:59:34.4166172Z err:  Container tg_todo_prod_api  Recreate
2025-12-27T14:59:35.0312589Z err:  Container tg_todo_prod_api  Recreated
2025-12-27T14:59:35.0313269Z err:  Container tg_todo_prod_web  Recreate
2025-12-27T14:59:35.5172441Z err:  Container tg_todo_prod_web  Recreated
2025-12-27T14:59:35.5201745Z err:  Container tg_todo_prod_api  Starting
2025-12-27T14:59:35.8167744Z err:  Container tg_todo_prod_api  Started
2025-12-27T14:59:35.8168392Z err:  Container tg_todo_prod_web  Starting
2025-12-27T14:59:36.1141760Z err:  Container tg_todo_prod_web  Started
2025-12-27T14:59:36.2329849Z out: Deleted Images:
2025-12-27T14:59:36.2330740Z out: untagged: ghcr.io/layababa/tg_todo_web@sha256:a0a1dabeb9dc984b890ff08153f23154553278d401cc2012995f04dd15b88bff
2025-12-27T14:59:36.2331842Z out: deleted: sha256:6bc307db15c161c754df0859871618d1cc65655255c98fc2b76a05b9db192ea8
2025-12-27T14:59:36.2332743Z out: deleted: sha256:061e5315185c7c785c5ec581545186168b608322201a09f570e6ebcd1c22a75a
2025-12-27T14:59:36.2333652Z out: deleted: sha256:42a5ed77c76ec48c38fec002c7c14fabb22a8328d106ac9199ec32b1ba2e04f5
2025-12-27T14:59:36.2335076Z out: untagged: ghcr.io/layababa/tg_todo_api@sha256:79fc48d528e97c81228e3e7b9b4f90f19f3584113461e278d6f324139d80603c
2025-12-27T14:59:36.2336155Z out: deleted: sha256:8c3df2305d00a8f4f849ca5dc0c84758f79647ae0341b14f5ec5899c6adc9498
2025-12-27T14:59:36.2337083Z out: deleted: sha256:058b936d98b0433831a51476e97b0b0a4a103916ab507112a5a41e5bc142a82d
2025-12-27T14:59:36.2337821Z out: deleted: sha256:04518bfd5a03a10e6bb9e1a12811c63a5aba236b019a4a1407fdb3d08901eda5
2025-12-27T14:59:36.2338501Z out: deleted: sha256:cda508d3f61fad8767017624ff3ce0befab210c512ff4e6f6fe0624eb78ce593
2025-12-27T14:59:36.2339357Z out: deleted: sha256:627f68675e419e1d97d5b0e7ce32c06d30cf0d629c0292bf95f9c97a4de7b854
2025-12-27T14:59:36.2339912Z out: Total reclaimed space: 48.25MB
2025-12-27T14:59:36.2351389Z ==============================================
2025-12-27T14:59:36.2352590Z ✅ Successfully executed commands to all host.
2025-12-27T14:59:36.2353143Z ==============================================
2025-12-27T14:59:36.3168236Z Post job cleanup.
2025-12-27T14:59:36.5308480Z ##[group]Removing temp folder /home/runner/work/_temp/docker-actions-toolkit-c0irgE
2025-12-27T14:59:36.5321320Z ##[endgroup]
2025-12-27T14:59:36.5322222Z ##[group]Post cache
2025-12-27T14:59:36.5323299Z State not set
2025-12-27T14:59:36.5324166Z ##[endgroup]
2025-12-27T14:59:36.5462975Z Post job cleanup.
2025-12-27T14:59:36.7610448Z ##[group]Removing temp folder /home/runner/work/_temp/docker-actions-toolkit-IYQYkE
2025-12-27T14:59:36.7623545Z ##[endgroup]
2025-12-27T14:59:36.7624580Z ##[group]Post cache
2025-12-27T14:59:36.7626115Z State not set
2025-12-27T14:59:36.7627033Z ##[endgroup]
2025-12-27T14:59:36.7736629Z Post job cleanup.
2025-12-27T14:59:37.0680633Z [command]/usr/bin/docker logout ghcr.io
2025-12-27T14:59:37.0806500Z Removing login credentials for ghcr.io
2025-12-27T14:59:37.0839253Z ##[group]Post cache
2025-12-27T14:59:37.0840474Z State not set
2025-12-27T14:59:37.0841868Z ##[endgroup]
2025-12-27T14:59:37.0986326Z Post job cleanup.
2025-12-27T14:59:37.1916560Z [command]/usr/bin/git version
2025-12-27T14:59:37.1951449Z git version 2.52.0
2025-12-27T14:59:37.1994993Z Temporarily overriding HOME='/home/runner/work/_temp/540eac8f-2917-4f4d-b0e3-f75a80b7d6ae' before making global git config changes
2025-12-27T14:59:37.1996051Z Adding repository directory to the temporary git global config as a safe directory
2025-12-27T14:59:37.2007222Z [command]/usr/bin/git config --global --add safe.directory /home/runner/work/tg_todo/tg_todo
2025-12-27T14:59:37.2046428Z [command]/usr/bin/git config --local --name-only --get-regexp core\.sshCommand
2025-12-27T14:59:37.2085707Z [command]/usr/bin/git submodule foreach --recursive sh -c "git config --local --name-only --get-regexp 'core\.sshCommand' && git config --local --unset-all 'core.sshCommand' || :"
2025-12-27T14:59:37.2325879Z [command]/usr/bin/git config --local --name-only --get-regexp http\.https\:\/\/github\.com\/\.extraheader
2025-12-27T14:59:37.2346293Z http.https://github.com/.extraheader
2025-12-27T14:59:37.2358950Z [command]/usr/bin/git config --local --unset-all http.https://github.com/.extraheader
2025-12-27T14:59:37.2388929Z [command]/usr/bin/git submodule foreach --recursive sh -c "git config --local --name-only --get-regexp 'http\.https\:\/\/github\.com\/\.extraheader' && git config --local --unset-all 'http.https://github.com/.extraheader' || :"
2025-12-27T14:59:37.2605540Z [command]/usr/bin/git config --local --name-only --get-regexp ^includeIf\.gitdir:
2025-12-27T14:59:37.2633774Z [command]/usr/bin/git submodule foreach --recursive git config --local --show-origin --name-only --get-regexp remote.origin.url
2025-12-27T14:59:37.2961114Z Cleaning up orphan processes
